Archive member included to satisfy reference by file (symbol)

/Applications/ArmGNUToolchain/14.3.rel1/arm-none-eabi/bin/../lib/gcc/arm-none-eabi/14.3.1/../../../../arm-none-eabi/lib/thumb/v7e-m+fp/hard/libc_nano.a(libc_a-exit.o)
                              /Applications/ArmGNUToolchain/14.3.rel1/arm-none-eabi/bin/../lib/gcc/arm-none-eabi/14.3.1/../../../../arm-none-eabi/lib/thumb/v7e-m+fp/hard/crt0.o (exit)
/Applications/ArmGNUToolchain/14.3.rel1/arm-none-eabi/bin/../lib/gcc/arm-none-eabi/14.3.1/../../../../arm-none-eabi/lib/thumb/v7e-m+fp/hard/libc_nano.a(libc_a-findfp.o)
                              /Applications/ArmGNUToolchain/14.3.rel1/arm-none-eabi/bin/../lib/gcc/arm-none-eabi/14.3.1/../../../../arm-none-eabi/lib/thumb/v7e-m+fp/hard/libc_nano.a(libc_a-exit.o) (__stdio_exit_handler)
/Applications/ArmGNUToolchain/14.3.rel1/arm-none-eabi/bin/../lib/gcc/arm-none-eabi/14.3.1/../../../../arm-none-eabi/lib/thumb/v7e-m+fp/hard/libc_nano.a(libc_a-fwalk.o)
                              /Applications/ArmGNUToolchain/14.3.rel1/arm-none-eabi/bin/../lib/gcc/arm-none-eabi/14.3.1/../../../../arm-none-eabi/lib/thumb/v7e-m+fp/hard/libc_nano.a(libc_a-findfp.o) (_fwalk_sglue)
/Applications/ArmGNUToolchain/14.3.rel1/arm-none-eabi/bin/../lib/gcc/arm-none-eabi/14.3.1/../../../../arm-none-eabi/lib/thumb/v7e-m+fp/hard/libc_nano.a(libc_a-memset.o)
                              /Applications/ArmGNUToolchain/14.3.rel1/arm-none-eabi/bin/../lib/gcc/arm-none-eabi/14.3.1/../../../../arm-none-eabi/lib/thumb/v7e-m+fp/hard/crt0.o (memset)
/Applications/ArmGNUToolchain/14.3.rel1/arm-none-eabi/bin/../lib/gcc/arm-none-eabi/14.3.1/../../../../arm-none-eabi/lib/thumb/v7e-m+fp/hard/libc_nano.a(libc_a-init.o)
                              /Applications/ArmGNUToolchain/14.3.rel1/arm-none-eabi/bin/../lib/gcc/arm-none-eabi/14.3.1/../../../../arm-none-eabi/lib/thumb/v7e-m+fp/hard/crt0.o (__libc_init_array)
/Applications/ArmGNUToolchain/14.3.rel1/arm-none-eabi/bin/../lib/gcc/arm-none-eabi/14.3.1/../../../../arm-none-eabi/lib/thumb/v7e-m+fp/hard/libc_nano.a(libc_a-lock.o)
                              /Applications/ArmGNUToolchain/14.3.rel1/arm-none-eabi/bin/../lib/gcc/arm-none-eabi/14.3.1/../../../../arm-none-eabi/lib/thumb/v7e-m+fp/hard/libc_nano.a(libc_a-findfp.o) (__retarget_lock_init_recursive)
/Applications/ArmGNUToolchain/14.3.rel1/arm-none-eabi/bin/../lib/gcc/arm-none-eabi/14.3.1/../../../../arm-none-eabi/lib/thumb/v7e-m+fp/hard/libc_nano.a(libc_a-impure.o)
                              /Applications/ArmGNUToolchain/14.3.rel1/arm-none-eabi/bin/../lib/gcc/arm-none-eabi/14.3.1/../../../../arm-none-eabi/lib/thumb/v7e-m+fp/hard/libc_nano.a(libc_a-findfp.o) (_impure_data)
/Applications/ArmGNUToolchain/14.3.rel1/arm-none-eabi/bin/../lib/gcc/arm-none-eabi/14.3.1/../../../../arm-none-eabi/lib/thumb/v7e-m+fp/hard/libc_nano.a(libc_a-mallocr.o)
                              /Applications/ArmGNUToolchain/14.3.rel1/arm-none-eabi/bin/../lib/gcc/arm-none-eabi/14.3.1/../../../../arm-none-eabi/lib/thumb/v7e-m+fp/hard/libc_nano.a(libc_a-findfp.o) (_malloc_r)
/Applications/ArmGNUToolchain/14.3.rel1/arm-none-eabi/bin/../lib/gcc/arm-none-eabi/14.3.1/../../../../arm-none-eabi/lib/thumb/v7e-m+fp/hard/libc_nano.a(libc_a-fflush.o)
                              /Applications/ArmGNUToolchain/14.3.rel1/arm-none-eabi/bin/../lib/gcc/arm-none-eabi/14.3.1/../../../../arm-none-eabi/lib/thumb/v7e-m+fp/hard/libc_nano.a(libc_a-findfp.o) (_fflush_r)
/Applications/ArmGNUToolchain/14.3.rel1/arm-none-eabi/bin/../lib/gcc/arm-none-eabi/14.3.1/../../../../arm-none-eabi/lib/thumb/v7e-m+fp/hard/libc_nano.a(libc_a-mlock.o)
                              /Applications/ArmGNUToolchain/14.3.rel1/arm-none-eabi/bin/../lib/gcc/arm-none-eabi/14.3.1/../../../../arm-none-eabi/lib/thumb/v7e-m+fp/hard/libc_nano.a(libc_a-mallocr.o) (__malloc_lock)
/Applications/ArmGNUToolchain/14.3.rel1/arm-none-eabi/bin/../lib/gcc/arm-none-eabi/14.3.1/../../../../arm-none-eabi/lib/thumb/v7e-m+fp/hard/libc_nano.a(libc_a-stdio.o)
                              /Applications/ArmGNUToolchain/14.3.rel1/arm-none-eabi/bin/../lib/gcc/arm-none-eabi/14.3.1/../../../../arm-none-eabi/lib/thumb/v7e-m+fp/hard/libc_nano.a(libc_a-findfp.o) (__sread)
/Applications/ArmGNUToolchain/14.3.rel1/arm-none-eabi/bin/../lib/gcc/arm-none-eabi/14.3.1/../../../../arm-none-eabi/lib/thumb/v7e-m+fp/hard/libc_nano.a(libc_a-lseekr.o)
                              /Applications/ArmGNUToolchain/14.3.rel1/arm-none-eabi/bin/../lib/gcc/arm-none-eabi/14.3.1/../../../../arm-none-eabi/lib/thumb/v7e-m+fp/hard/libc_nano.a(libc_a-stdio.o) (_lseek_r)
/Applications/ArmGNUToolchain/14.3.rel1/arm-none-eabi/bin/../lib/gcc/arm-none-eabi/14.3.1/../../../../arm-none-eabi/lib/thumb/v7e-m+fp/hard/libc_nano.a(libc_a-readr.o)
                              /Applications/ArmGNUToolchain/14.3.rel1/arm-none-eabi/bin/../lib/gcc/arm-none-eabi/14.3.1/../../../../arm-none-eabi/lib/thumb/v7e-m+fp/hard/libc_nano.a(libc_a-stdio.o) (_read_r)
[...]
Memory Configuration

Name             Origin             Length             Attributes
FLASH            0x00000000         0x00200000         xr
RAM              0x20000000         0x00040000         xrw
*default*        0x00000000         0xffffffff

Linker script and memory map

LOAD /Applications/ArmGNUToolchain/14.3.rel1/arm-none-eabi/bin/../lib/gcc/arm-none-eabi/14.3.1/thumb/v7e-m+fp/hard/crti.o
LOAD /Applications/ArmGNUToolchain/14.3.rel1/arm-none-eabi/bin/../lib/gcc/arm-none-eabi/14.3.1/thumb/v7e-m+fp/hard/crtbegin.o
LOAD /Applications/ArmGNUToolchain/14.3.rel1/arm-none-eabi/bin/../lib/gcc/arm-none-eabi/14.3.1/../../../../arm-none-eabi/lib/thumb/v7e-m+fp/hard/crt0.o
LOAD /Applications/ArmGNUToolchain/14.3.rel1/arm-none-eabi/bin/../lib/gcc/arm-none-eabi/14.3.1/../../../../arm-none-eabi/lib/thumb/v7e-m+fp/hard/libc_nano.a
LOAD /Applications/ArmGNUToolchain/14.3.rel1/arm-none-eabi/bin/../lib/gcc/arm-none-eabi/14.3.1/../../../../arm-none-eabi/lib/thumb/v7e-m+fp/hard/libm.a
LOAD CMakeFiles/tmpl_userapp.dir/Framework/CMSIS/Device/ABOV/Source/startup_a34xxxx.c.obj
LOAD CMakeFiles/tmpl_userapp.dir/Framework/CMSIS/Device/ABOV/Source/system_a34xxxx.c.obj
LOAD CMakeFiles/tmpl_userapp.dir/Example/Source/TmplUserApp/main.c.obj
LOAD CMakeFiles/tmpl_userapp.dir/Example/Source/TmplUserApp/prv_scu_clk.c.obj
LOAD CMakeFiles/tmpl_userapp.dir/Example/Source/TmplUserApp/prv_user_code.c.obj
LOAD CMakeFiles/tmpl_userapp.dir/Example/Source/TmplUserApp/user_adc.c.obj
LOAD CMakeFiles/tmpl_userapp.dir/Example/Source/TmplUserApp/user_adc_isr.c.obj
LOAD CMakeFiles/tmpl_userapp.dir/Example/Source/TmplUserApp/user_i2c.c.obj
LOAD CMakeFiles/tmpl_userapp.dir/Example/Source/TmplUserApp/user_i2c_isr.c.obj
LOAD CMakeFiles/tmpl_userapp.dir/Example/Source/TmplUserApp/user_timer1.c.obj
LOAD CMakeFiles/tmpl_userapp.dir/Example/Source/TmplUserApp/user_timer1_isr.c.obj
LOAD CMakeFiles/tmpl_userapp.dir/Example/Source/TmplUserApp/user_uart.c.obj
LOAD CMakeFiles/tmpl_userapp.dir/Example/Source/TmplUserApp/user_uart_isr.c.obj
LOAD CMakeFiles/tmpl_userapp.dir/Platform/HAL/ADC/hal_adc.c.obj
LOAD CMakeFiles/tmpl_userapp.dir/Platform/HAL/AES/hal_aes.c.obj
LOAD CMakeFiles/tmpl_userapp.dir/Platform/HAL/CMP/hal_cmp.c.obj
LOAD CMakeFiles/tmpl_userapp.dir/Platform/HAL/CRC/hal_crc.c.obj
LOAD CMakeFiles/tmpl_userapp.dir/Platform/HAL/DAC/hal_dac.c.obj
LOAD CMakeFiles/tmpl_userapp.dir/Platform/HAL/FMC/hal_fmc.c.obj
LOAD CMakeFiles/tmpl_userapp.dir/Platform/HAL/FRT/hal_frt.c.obj
LOAD CMakeFiles/tmpl_userapp.dir/Platform/HAL/HPL/DMA/hpl_dma.c.obj
LOAD CMakeFiles/tmpl_userapp.dir/Platform/HAL/HPL/NMI/hpl_nmi.c.obj
LOAD CMakeFiles/tmpl_userapp.dir/Platform/HAL/I2C/hal_i2c.c.obj
LOAD CMakeFiles/tmpl_userapp.dir/Platform/HAL/LCD/hal_lcd.c.obj
LOAD CMakeFiles/tmpl_userapp.dir/Platform/HAL/LPUART/hal_lpuart.c.obj
LOAD CMakeFiles/tmpl_userapp.dir/Platform/HAL/MPWM/hal_mpwm.c.obj
LOAD CMakeFiles/tmpl_userapp.dir/Platform/HAL/PCU/hal_pcu.c.obj
LOAD CMakeFiles/tmpl_userapp.dir/Platform/HAL/PGA/hal_pga.c.obj
LOAD CMakeFiles/tmpl_userapp.dir/Platform/HAL/PWM/hal_pwm.c.obj
LOAD CMakeFiles/tmpl_userapp.dir/Platform/HAL/QEI/hal_qei.c.obj
LOAD CMakeFiles/tmpl_userapp.dir/Platform/HAL/QSPI/hal_qspi.c.obj
LOAD CMakeFiles/tmpl_userapp.dir/Platform/HAL/RNG/hal_rng.c.obj
LOAD CMakeFiles/tmpl_userapp.dir/Platform/HAL/RTC/hal_rtc.c.obj
LOAD CMakeFiles/tmpl_userapp.dir/Platform/HAL/SCU/hal_scu.c.obj
LOAD CMakeFiles/tmpl_userapp.dir/Platform/HAL/SCU/hal_scu_clk.c.obj
LOAD CMakeFiles/tmpl_userapp.dir/Platform/HAL/SCU/hal_scu_lvd.c.obj
LOAD CMakeFiles/tmpl_userapp.dir/Platform/HAL/SCU/hal_scu_pwr.c.obj
LOAD CMakeFiles/tmpl_userapp.dir/Platform/HAL/SPI/hal_spi.c.obj
LOAD CMakeFiles/tmpl_userapp.dir/Platform/HAL/Timer1/hal_timer1.c.obj
LOAD CMakeFiles/tmpl_userapp.dir/Platform/HAL/UART/hal_uart.c.obj
LOAD CMakeFiles/tmpl_userapp.dir/Platform/HAL/USART/hal_usart.c.obj
LOAD CMakeFiles/tmpl_userapp.dir/Platform/HAL/VREFBUF/hal_vrefbuf.c.obj
LOAD CMakeFiles/tmpl_userapp.dir/Platform/HAL/WDT/hal_wdt.c.obj
LOAD CMakeFiles/tmpl_userapp.dir/Platform/Library/ABOV/Debug/Source/debug.c.obj
LOAD CMakeFiles/tmpl_userapp.dir/Platform/Library/ABOV/Debug/Source/debug_cmd.c.obj
LOAD CMakeFiles/tmpl_userapp.dir/Platform/Library/ABOV/Debug/Source/debug_hardfault.c.obj
LOAD CMakeFiles/tmpl_userapp.dir/Platform/Library/ABOV/Debug/Source/debug_log.c.obj
LOAD CMakeFiles/tmpl_userapp.dir/Platform/Library/ABOV/Debug/Source/debug_retarget.c.obj
LOAD CMakeFiles/tmpl_userapp.dir/Platform/Library/ABOV/Debug/Source/debug_serial.c.obj
LOAD CMakeFiles/tmpl_userapp.dir/Example/Source/TmplUserApp/DebugLibrary/debug_framework.c.obj
LOAD CMakeFiles/tmpl_userapp.dir/Example/Source/TmplUserApp/SHT40/SHT40_app.c.obj
LOAD CMakeFiles/tmpl_userapp.dir/Example/Source/TmplUserApp/SHT40/sht4x_i2c.c.obj
LOAD CMakeFiles/tmpl_userapp.dir/Example/Source/TmplUserApp/SHT40/sensirion_i2c_hal.c.obj
LOAD CMakeFiles/tmpl_userapp.dir/Example/Source/TmplUserApp/SHT40/sensirion_common.c.obj
LOAD CMakeFiles/tmpl_userapp.dir/Example/Source/TmplUserApp/SHT40/sensirion_i2c.c.obj
LOAD CMakeFiles/tmpl_userapp.dir/Example/Source/TmplUserApp/MP23ABS1/mp23abs1_sensor.c.obj
LOAD CMakeFiles/tmpl_userapp.dir/Example/Source/TmplUserApp/BatteryReading/battery_reading.c.obj
LOAD CMakeFiles/tmpl_userapp.dir/Example/Source/TmplUserApp/LISDE12TR/lis2de12.c.obj
LOAD CMakeFiles/tmpl_userapp.dir/Example/Source/TmplUserApp/LISDE12TR/LIS2DE12_app.c.obj
LOAD CMakeFiles/tmpl_userapp.dir/Example/Source/TmplUserApp/ESP32_AT_Test/ESP32_AT_Test.c.obj
LOAD CMakeFiles/tmpl_userapp.dir/Example/Source/TmplUserApp/MQTT_Library/mqtt_port_abov.c.obj
LOAD CMakeFiles/tmpl_userapp.dir/Example/Source/TmplUserApp/MQTT_Library/mqtt_core.c.obj
LOAD CMakeFiles/tmpl_userapp.dir/Example/Source/TmplUserApp/MQTT_Library/EMPA_MqttAws.c.obj
LOAD CMakeFiles/tmpl_userapp.dir/Example/Source/TmplUserApp/Sensor/sensor.c.obj
START GROUP
LOAD /Applications/ArmGNUToolchain/14.3.rel1/arm-none-eabi/bin/../lib/gcc/arm-none-eabi/14.3.1/thumb/v7e-m+fp/hard/libgcc.a
LOAD /Applications/ArmGNUToolchain/14.3.rel1/arm-none-eabi/bin/../lib/gcc/arm-none-eabi/14.3.1/../../../../arm-none-eabi/lib/thumb/v7e-m+fp/hard/libg_nano.a
LOAD /Applications/ArmGNUToolchain/14.3.rel1/arm-none-eabi/bin/../lib/gcc/arm-none-eabi/14.3.1/../../../../arm-none-eabi/lib/thumb/v7e-m+fp/hard/libc_nano.a
END GROUP
START GROUP
LOAD /Applications/ArmGNUToolchain/14.3.rel1/arm-none-eabi/bin/../lib/gcc/arm-none-eabi/14.3.1/thumb/v7e-m+fp/hard/libgcc.a
LOAD /Applications/ArmGNUToolchain/14.3.rel1/arm-none-eabi/bin/../lib/gcc/arm-none-eabi/14.3.1/../../../../arm-none-eabi/lib/thumb/v7e-m+fp/hard/libc_nano.a
LOAD /Applications/ArmGNUToolchain/14.3.rel1/arm-none-eabi/bin/../lib/gcc/arm-none-eabi/14.3.1/../../../../arm-none-eabi/lib/thumb/v7e-m+fp/hard/libnosys.a
END GROUP
START GROUP
LOAD /Applications/ArmGNUToolchain/14.3.rel1/arm-none-eabi/bin/../lib/gcc/arm-none-eabi/14.3.1/thumb/v7e-m+fp/hard/libgcc.a
LOAD /Applications/ArmGNUToolchain/14.3.rel1/arm-none-eabi/bin/../lib/gcc/arm-none-eabi/14.3.1/../../../../arm-none-eabi/lib/thumb/v7e-m+fp/hard/libc_nano.a
LOAD /Applications/ArmGNUToolchain/14.3.rel1/arm-none-eabi/bin/../lib/gcc/arm-none-eabi/14.3.1/../../../../arm-none-eabi/lib/thumb/v7e-m+fp/hard/libnosys.a
END GROUP
LOAD /Applications/ArmGNUToolchain/14.3.rel1/arm-none-eabi/bin/../lib/gcc/arm-none-eabi/14.3.1/thumb/v7e-m+fp/hard/crtend.o
LOAD /Applications/ArmGNUToolchain/14.3.rel1/arm-none-eabi/bin/../lib/gcc/arm-none-eabi/14.3.1/thumb/v7e-m+fp/hard/crtn.o
                0x00000000                        __ROM_BASE = 0x0
                0x00200000                        __ROM_SIZE = 0x200000
                0x20000000                        __RAM_BASE = 0x20000000
                0x00040000                        __RAM_SIZE = 0x40000
                0x00000400                        __STACK_SIZE = 0x400
                0x00000400                        __HEAP_SIZE = 0x400

.text           0x00000000     0x5f68
 *(.vectors)
 .vectors       0x00000000      0x3c0 CMakeFiles/tmpl_userapp.dir/Framework/CMSIS/Device/ABOV/Source/startup_a34xxxx.c.obj
                0x00000000                __Vectors
 *(.text*)
 .text.deregister_tm_clones
                0x000003c0       0x1c /Applications/ArmGNUToolchain/14.3.rel1/arm-none-eabi/bin/../lib/gcc/arm-none-eabi/14.3.1/thumb/v7e-m+fp/hard/crtbegin.o
 .text.register_tm_clones
                0x000003dc       0x24 /Applications/ArmGNUToolchain/14.3.rel1/arm-none-eabi/bin/../lib/gcc/arm-none-eabi/14.3.1/thumb/v7e-m+fp/hard/crtbegin.o
 .text.__do_global_dtors_aux
                0x00000400       0x28 /Applications/ArmGNUToolchain/14.3.rel1/arm-none-eabi/bin/../lib/gcc/arm-none-eabi/14.3.1/thumb/v7e-m+fp/hard/crtbegin.o
 .text.frame_dummy
                0x00000428       0x24 /Applications/ArmGNUToolchain/14.3.rel1/arm-none-eabi/bin/../lib/gcc/arm-none-eabi/14.3.1/thumb/v7e-m+fp/hard/crtbegin.o
 .text          0x0000044c       0x7c /Applications/ArmGNUToolchain/14.3.rel1/arm-none-eabi/bin/../lib/gcc/arm-none-eabi/14.3.1/../../../../arm-none-eabi/lib/thumb/v7e-m+fp/hard/crt0.o
                0x0000044c                _stack_init
                0x00000454                _mainCRTStartup
                0x00000454                _start
 .text.exit     0x000004c8       0x24 /Applications/ArmGNUToolchain/14.3.rel1/arm-none-eabi/bin/../lib/gcc/arm-none-eabi/14.3.1/../../../../arm-none-eabi/lib/thumb/v7e-m+fp/hard/libc_nano.a(libc_a-exit.o)
                0x000004c8                exit
 .text.memset   0x000004ec       0x10 /Applications/ArmGNUToolchain/14.3.rel1/arm-none-eabi/bin/../lib/gcc/arm-none-eabi/14.3.1/../../../../arm-none-eabi/lib/thumb/v7e-m+fp/hard/libc_nano.a(libc_a-memset.o)
                0x000004ec                memset
 .text.__libc_init_array
                0x000004fc       0x48 /Applications/ArmGNUToolchain/14.3.rel1/arm-none-eabi/bin/../lib/gcc/arm-none-eabi/14.3.1/../../../../arm-none-eabi/lib/thumb/v7e-m+fp/hard/libc_nano.a(libc_a-init.o)
                0x000004fc                __libc_init_array
 .text.__retarget_lock_acquire_recursive
                0x00000544        0x2 /Applications/ArmGNUToolchain/14.3.rel1/arm-none-eabi/bin/../lib/gcc/arm-none-eabi/14.3.1/../../../../arm-none-eabi/lib/thumb/v7e-m+fp/hard/libc_nano.a(libc_a-lock.o)
                0x00000544                __retarget_lock_acquire_recursive
 .text.__retarget_lock_release_recursive
                0x00000546        0x2 /Applications/ArmGNUToolchain/14.3.rel1/arm-none-eabi/bin/../lib/gcc/arm-none-eabi/14.3.1/../../../../arm-none-eabi/lib/thumb/v7e-m+fp/hard/libc_nano.a(libc_a-lock.o)
                0x00000546                __retarget_lock_release_recursive
 .text.sbrk_aligned
                0x00000548       0x44 /Applications/ArmGNUToolchain/14.3.rel1/arm-none-eabi/bin/../lib/gcc/arm-none-eabi/14.3.1/../../../../arm-none-eabi/lib/thumb/v7e-m+fp/hard/libc_nano.a(libc_a-mallocr.o)
 .text._malloc_r
                0x0000058c      0x100 /Applications/ArmGNUToolchain/14.3.rel1/arm-none-eabi/bin/../lib/gcc/arm-none-eabi/14.3.1/../../../../arm-none-eabi/lib/thumb/v7e-m+fp/hard/libc_nano.a(libc_a-mallocr.o)
                0x0000058c                _malloc_r
 .text.__malloc_lock
                0x0000068c        0xc /Applications/ArmGNUToolchain/14.3.rel1/arm-none-eabi/bin/../lib/gcc/arm-none-eabi/14.3.1/../../../../arm-none-eabi/lib/thumb/v7e-m+fp/hard/libc_nano.a(libc_a-mlock.o)
                0x0000068c                __malloc_lock
 .text.__malloc_unlock
                0x00000698        0xc /Applications/ArmGNUToolchain/14.3.rel1/arm-none-eabi/bin/../lib/gcc/arm-none-eabi/14.3.1/../../../../arm-none-eabi/lib/thumb/v7e-m+fp/hard/libc_nano.a(libc_a-mlock.o)
                0x00000698                __malloc_unlock
 .text._sbrk_r  0x000006a4       0x20 /Applications/ArmGNUToolchain/14.3.rel1/arm-none-eabi/bin/../lib/gcc/arm-none-eabi/14.3.1/../../../../arm-none-eabi/lib/thumb/v7e-m+fp/hard/libc_nano.a(libc_a-sbrkr.o)
                0x000006a4                _sbrk_r
 .text._free_r  0x000006c4       0x94 /Applications/ArmGNUToolchain/14.3.rel1/arm-none-eabi/bin/../lib/gcc/arm-none-eabi/14.3.1/../../../../arm-none-eabi/lib/thumb/v7e-m+fp/hard/libc_nano.a(libc_a-freer.o)
                0x000006c4                _free_r
 .text.Reset_Handler
                0x00000758       0x98 CMakeFiles/tmpl_userapp.dir/Framework/CMSIS/Device/ABOV/Source/startup_a34xxxx.c.obj
                0x00000758                Reset_Handler
 .text.HardFault_Handler
                0x000007f0        0x8 CMakeFiles/tmpl_userapp.dir/Framework/CMSIS/Device/ABOV/Source/startup_a34xxxx.c.obj
                0x000007f0                HardFault_Handler
 .text.Default_Handler
                0x000007f8        0x8 CMakeFiles/tmpl_userapp.dir/Framework/CMSIS/Device/ABOV/Source/startup_a34xxxx.c.obj
                0x000007f8                Interrupt80_Handler
                0x000007f8                Interrupt31_Handler
                0x000007f8                Interrupt71_Handler
                0x000007f8                Interrupt93_Handler
                0x000007f8                Interrupt107_Handler
                0x000007f8                PendSV_Handler
                0x000007f8                Interrupt11_Handler
                0x000007f8                Interrupt56_Handler
                0x000007f8                Interrupt117_Handler
                0x000007f8                Interrupt29_Handler
                0x000007f8                Interrupt103_Handler
                0x000007f8                Interrupt106_Handler
                0x000007f8                Interrupt72_Handler
                0x000007f8                Interrupt89_Handler
                0x000007f8                Interrupt81_Handler
                0x000007f8                Interrupt28_Handler
                0x000007f8                Interrupt33_Handler
                0x000007f8                Interrupt8_Handler
                0x000007f8                Interrupt73_Handler
                0x000007f8                Interrupt5_Handler
                0x000007f8                UsageFault_Handler
                0x000007f8                Interrupt35_Handler
                0x000007f8                Interrupt27_Handler
                0x000007f8                Interrupt26_Handler
                0x000007f8                Interrupt87_Handler
                0x000007f8                Interrupt123_Handler
                0x000007f8                Interrupt124_Handler
                0x000007f8                Interrupt90_Handler
                0x000007f8                Interrupt83_Handler
                0x000007f8                Interrupt122_Handler
                0x000007f8                Interrupt44_Handler
                0x000007f8                Interrupt34_Handler
                0x000007f8                Interrupt121_Handler
                0x000007f8                Interrupt7_Handler
                0x000007f8                Interrupt0_Handler
                0x000007f8                Interrupt54_Handler
                0x000007f8                Interrupt120_Handler
                0x000007f8                Interrupt52_Handler
                0x000007f8                Interrupt105_Handler
                0x000007f8                Interrupt69_Handler
                0x000007f8                Interrupt4_Handler
                0x000007f8                Interrupt115_Handler
                0x000007f8                Default_Handler
                0x000007f8                Interrupt92_Handler
                0x000007f8                Interrupt9_Handler
                0x000007f8                Interrupt118_Handler
                0x000007f8                Interrupt97_Handler
                0x000007f8                Interrupt32_Handler
                0x000007f8                Interrupt6_Handler
                0x000007f8                Interrupt53_Handler
                0x000007f8                Interrupt79_Handler
                0x000007f8                Interrupt85_Handler
                0x000007f8                Interrupt98_Handler
                0x000007f8                Interrupt96_Handler
                0x000007f8                Interrupt45_Handler
                0x000007f8                MemManage_Handler
                0x000007f8                SVC_Handler
                0x000007f8                Interrupt10_Handler
                0x000007f8                Interrupt25_Handler
                0x000007f8                Interrupt88_Handler
                0x000007f8                Interrupt101_Handler
                0x000007f8                Interrupt43_Handler
                0x000007f8                Interrupt116_Handler
                0x000007f8                Interrupt91_Handler
                0x000007f8                Interrupt99_Handler
                0x000007f8                Interrupt102_Handler
                0x000007f8                Interrupt14_Handler
                0x000007f8                Interrupt82_Handler
                0x000007f8                Interrupt13_Handler
                0x000007f8                Interrupt58_Handler
                0x000007f8                Interrupt59_Handler
                0x000007f8                Interrupt46_Handler
                0x000007f8                Interrupt51_Handler
                0x000007f8                Interrupt119_Handler
                0x000007f8                Interrupt70_Handler
                0x000007f8                Interrupt86_Handler
                0x000007f8                Interrupt48_Handler
                0x000007f8                BusFault_Handler
                0x000007f8                Interrupt94_Handler
                0x000007f8                Interrupt77_Handler
                0x000007f8                Interrupt55_Handler
                0x000007f8                Interrupt95_Handler
                0x000007f8                Interrupt50_Handler
                0x000007f8                Interrupt78_Handler
                0x000007f8                Interrupt30_Handler
                0x000007f8                Interrupt47_Handler
                0x000007f8                Interrupt57_Handler
                0x000007f8                Interrupt12_Handler
                0x000007f8                Interrupt84_Handler
                0x000007f8                Interrupt104_Handler
                0x000007f8                Interrupt49_Handler
                0x000007f8                DebugMon_Handler
 .text.PRV_CHIPSET_Init
                0x00000800       0x48 CMakeFiles/tmpl_userapp.dir/Framework/CMSIS/Device/ABOV/Source/system_a34xxxx.c.obj
 .text.SystemInit
                0x00000848       0x24 CMakeFiles/tmpl_userapp.dir/Framework/CMSIS/Device/ABOV/Source/system_a34xxxx.c.obj
                0x00000848                SystemInit
 .text.SystemDelayUS
                0x0000086c       0x3c CMakeFiles/tmpl_userapp.dir/Framework/CMSIS/Device/ABOV/Source/system_a34xxxx.c.obj
                0x0000086c                SystemDelayUS
 .text.PRV_PORT_Init
                0x000008a8      0x210 CMakeFiles/tmpl_userapp.dir/Example/Source/TmplUserApp/main.c.obj
 .text.main     0x00000ab8       0x26 CMakeFiles/tmpl_userapp.dir/Example/Source/TmplUserApp/main.c.obj
                0x00000ab8                main
 *fill*         0x00000ade        0x2 
 .text.PRV_SCU_CLK_Init
                0x00000ae0       0xb8 CMakeFiles/tmpl_userapp.dir/Example/Source/TmplUserApp/prv_scu_clk.c.obj
                0x00000ae0                PRV_SCU_CLK_Init
 .text.__NVIC_SetPriority
                0x00000b98       0x54 CMakeFiles/tmpl_userapp.dir/Example/Source/TmplUserApp/prv_user_code.c.obj
 .text.SysTick_Config
                0x00000bec       0x44 CMakeFiles/tmpl_userapp.dir/Example/Source/TmplUserApp/prv_user_code.c.obj
 .text.SysTick_Handler
                0x00000c30       0x24 CMakeFiles/tmpl_userapp.dir/Example/Source/TmplUserApp/prv_user_code.c.obj
                0x00000c30                SysTick_Handler
 .text.SYSTICK_Wait
                0x00000c54       0x2c CMakeFiles/tmpl_userapp.dir/Example/Source/TmplUserApp/prv_user_code.c.obj
                0x00000c54                SYSTICK_Wait
 .text.PRV_USER_Code
                0x00000c80      0x10c CMakeFiles/tmpl_userapp.dir/Example/Source/TmplUserApp/prv_user_code.c.obj
                0x00000c80                PRV_USER_Code
 .text.Init_ADC_ID_2
                0x00000d8c       0x9c CMakeFiles/tmpl_userapp.dir/Example/Source/TmplUserApp/user_adc.c.obj
 .text.Init_ADC_ID_0
                0x00000e28       0x98 CMakeFiles/tmpl_userapp.dir/Example/Source/TmplUserApp/user_adc.c.obj
 .text.PRV_ADC_Init
                0x00000ec0       0x10 CMakeFiles/tmpl_userapp.dir/Example/Source/TmplUserApp/user_adc.c.obj
                0x00000ec0                PRV_ADC_Init
 .text.ADC_IRQHandler_ADC_ID_0
                0x00000ed0       0x16 CMakeFiles/tmpl_userapp.dir/Example/Source/TmplUserApp/user_adc_isr.c.obj
                0x00000ed0                ADC_IRQHandler_ADC_ID_0
 .text.ADC_IRQHandler_ADC_ID_2
                0x00000ee6       0x16 CMakeFiles/tmpl_userapp.dir/Example/Source/TmplUserApp/user_adc_isr.c.obj
                0x00000ee6                ADC_IRQHandler_ADC_ID_2
 .text.Init_I2C_ID_0
                0x00000efc       0x7c CMakeFiles/tmpl_userapp.dir/Example/Source/TmplUserApp/user_i2c.c.obj
 .text.Init_I2C_ID_2
                0x00000f78       0x7c CMakeFiles/tmpl_userapp.dir/Example/Source/TmplUserApp/user_i2c.c.obj
 .text.PRV_I2C_Init
                0x00000ff4       0x10 CMakeFiles/tmpl_userapp.dir/Example/Source/TmplUserApp/user_i2c.c.obj
                0x00000ff4                PRV_I2C_Init
 .text.I2C_IRQHandler_I2C_ID_0
                0x00001004       0x16 CMakeFiles/tmpl_userapp.dir/Example/Source/TmplUserApp/user_i2c_isr.c.obj
                0x00001004                I2C_IRQHandler_I2C_ID_0
 .text.I2C_IRQHandler_I2C_ID_2
                0x0000101a       0x16 CMakeFiles/tmpl_userapp.dir/Example/Source/TmplUserApp/user_i2c_isr.c.obj
                0x0000101a                I2C_IRQHandler_I2C_ID_2
 .text.Init_TIMER1_ID_0
                0x00001030       0xdc CMakeFiles/tmpl_userapp.dir/Example/Source/TmplUserApp/user_timer1.c.obj
 .text.PRV_Timer1_Init
                0x0000110c        0xc CMakeFiles/tmpl_userapp.dir/Example/Source/TmplUserApp/user_timer1.c.obj
                0x0000110c                PRV_Timer1_Init
 .text.Timer1_IRQHandler_TIMER1_ID_0
                0x00001118       0x3c CMakeFiles/tmpl_userapp.dir/Example/Source/TmplUserApp/user_timer1_isr.c.obj
                0x00001118                Timer1_IRQHandler_TIMER1_ID_0
 .text.Init_UART_ID_2
                0x00001154       0xa0 CMakeFiles/tmpl_userapp.dir/Example/Source/TmplUserApp/user_uart.c.obj
 .text.PRV_UART_Init
                0x000011f4        0xc CMakeFiles/tmpl_userapp.dir/Example/Source/TmplUserApp/user_uart.c.obj
                0x000011f4                PRV_UART_Init
 .text.UART_IRQHandler_UART_ID_2
                0x00001200       0x16 CMakeFiles/tmpl_userapp.dir/Example/Source/TmplUserApp/user_uart_isr.c.obj
                0x00001200                UART_IRQHandler_UART_ID_2
 *fill*         0x00001216        0x2 
 .text.__NVIC_EnableIRQ
                0x00001218       0x3c CMakeFiles/tmpl_userapp.dir/Platform/HAL/ADC/hal_adc.c.obj
 .text.__NVIC_DisableIRQ
                0x00001254       0x48 CMakeFiles/tmpl_userapp.dir/Platform/HAL/ADC/hal_adc.c.obj
 .text.__NVIC_ClearPendingIRQ
                0x0000129c       0x3c CMakeFiles/tmpl_userapp.dir/Platform/HAL/ADC/hal_adc.c.obj
 .text.__NVIC_SetPriority
                0x000012d8       0x54 CMakeFiles/tmpl_userapp.dir/Platform/HAL/ADC/hal_adc.c.obj
 .text.ADC_GetReg
                0x0000132c       0x22 CMakeFiles/tmpl_userapp.dir/Platform/HAL/ADC/hal_adc.c.obj
 .text.ADC_SetScuEnable
                0x0000134e       0x70 CMakeFiles/tmpl_userapp.dir/Platform/HAL/ADC/hal_adc.c.obj
 .text.ADC_GetIRQNum
                0x000013be       0x46 CMakeFiles/tmpl_userapp.dir/Platform/HAL/ADC/hal_adc.c.obj
 .text.PRV_ADC_NMIHandler
                0x00001404       0x44 CMakeFiles/tmpl_userapp.dir/Platform/HAL/ADC/hal_adc.c.obj
 .text.PRV_ADC_GetReg
                0x00001448       0x1c CMakeFiles/tmpl_userapp.dir/Platform/HAL/ADC/hal_adc.c.obj
 .text.PRV_ADC_SetScuEnable
                0x00001464       0x26 CMakeFiles/tmpl_userapp.dir/Platform/HAL/ADC/hal_adc.c.obj
 *fill*         0x0000148a        0x2 
 .text.PRV_ADC_PreInit
                0x0000148c       0xa0 CMakeFiles/tmpl_userapp.dir/Platform/HAL/ADC/hal_adc.c.obj
 .text.HAL_ADC_Init
                0x0000152c       0x74 CMakeFiles/tmpl_userapp.dir/Platform/HAL/ADC/hal_adc.c.obj
                0x0000152c                HAL_ADC_Init
 .text.HAL_ADC_SetClkConfig
                0x000015a0       0x54 CMakeFiles/tmpl_userapp.dir/Platform/HAL/ADC/hal_adc.c.obj
                0x000015a0                HAL_ADC_SetClkConfig
 .text.HAL_ADC_SetConfig
                0x000015f4       0xd4 CMakeFiles/tmpl_userapp.dir/Platform/HAL/ADC/hal_adc.c.obj
                0x000015f4                HAL_ADC_SetConfig
 .text.HAL_ADC_SetIRQ
                0x000016c8      0x120 CMakeFiles/tmpl_userapp.dir/Platform/HAL/ADC/hal_adc.c.obj
                0x000016c8                HAL_ADC_SetIRQ
 .text.PRV_ADC_IRQHandler
                0x000017e8       0xac CMakeFiles/tmpl_userapp.dir/Platform/HAL/ADC/hal_adc.c.obj
 .text.Interrupt74_Handler
                0x00001894        0xe CMakeFiles/tmpl_userapp.dir/Platform/HAL/ADC/hal_adc.c.obj
                0x00001894                Interrupt74_Handler
 .text.Interrupt75_Handler
                0x000018a2        0xe CMakeFiles/tmpl_userapp.dir/Platform/HAL/ADC/hal_adc.c.obj
                0x000018a2                Interrupt75_Handler
 .text.Interrupt76_Handler
                0x000018b0        0xe CMakeFiles/tmpl_userapp.dir/Platform/HAL/ADC/hal_adc.c.obj
                0x000018b0                Interrupt76_Handler
 *fill*         0x000018be        0x2 
 .text.HPL_NMI_SetSource
                0x000018c0       0x90 CMakeFiles/tmpl_userapp.dir/Platform/HAL/HPL/NMI/hpl_nmi.c.obj
                0x000018c0                HPL_NMI_SetSource
 .text.PRV_NMI_IRQHandler
                0x00001950       0xc8 CMakeFiles/tmpl_userapp.dir/Platform/HAL/HPL/NMI/hpl_nmi.c.obj
 .text.NMI_Handler
                0x00001a18        0xc CMakeFiles/tmpl_userapp.dir/Platform/HAL/HPL/NMI/hpl_nmi.c.obj
                0x00001a18                NMI_Handler
 .text.__NVIC_EnableIRQ
                0x00001a24       0x3c CMakeFiles/tmpl_userapp.dir/Platform/HAL/I2C/hal_i2c.c.obj
 .text.__NVIC_DisableIRQ
                0x00001a60       0x48 CMakeFiles/tmpl_userapp.dir/Platform/HAL/I2C/hal_i2c.c.obj
 .text.__NVIC_ClearPendingIRQ
                0x00001aa8       0x3c CMakeFiles/tmpl_userapp.dir/Platform/HAL/I2C/hal_i2c.c.obj
 .text.__NVIC_SetPriority
                0x00001ae4       0x54 CMakeFiles/tmpl_userapp.dir/Platform/HAL/I2C/hal_i2c.c.obj
 .text.I2C_SetScuEnable
                0x00001b38       0x70 CMakeFiles/tmpl_userapp.dir/Platform/HAL/I2C/hal_i2c.c.obj
 .text.I2C_GetReg
                0x00001ba8       0x20 CMakeFiles/tmpl_userapp.dir/Platform/HAL/I2C/hal_i2c.c.obj
 .text.I2C_GetIRQNum
                0x00001bc8       0x58 CMakeFiles/tmpl_userapp.dir/Platform/HAL/I2C/hal_i2c.c.obj
 .text.I2C_GetWkupEvent
                0x00001c20       0x18 CMakeFiles/tmpl_userapp.dir/Platform/HAL/I2C/hal_i2c.c.obj
 .text.PRV_I2C_NMIHandler
                0x00001c38       0x48 CMakeFiles/tmpl_userapp.dir/Platform/HAL/I2C/hal_i2c.c.obj
 .text.PRV_I2C_GetReg
                0x00001c80       0x1c CMakeFiles/tmpl_userapp.dir/Platform/HAL/I2C/hal_i2c.c.obj
 .text.PRV_I2C_SetScuEnable
                0x00001c9c       0x26 CMakeFiles/tmpl_userapp.dir/Platform/HAL/I2C/hal_i2c.c.obj
 *fill*         0x00001cc2        0x2 
 .text.PRV_I2C_GetOpStatus
                0x00001cc4       0x48 CMakeFiles/tmpl_userapp.dir/Platform/HAL/I2C/hal_i2c.c.obj
 .text.PRV_I2C_SetOpStop
                0x00001d0c       0x54 CMakeFiles/tmpl_userapp.dir/Platform/HAL/I2C/hal_i2c.c.obj
 .text.HAL_I2C_Init
                0x00001d60       0x64 CMakeFiles/tmpl_userapp.dir/Platform/HAL/I2C/hal_i2c.c.obj
                0x00001d60                HAL_I2C_Init
 .text.HAL_I2C_SetConfig
                0x00001dc4       0xf0 CMakeFiles/tmpl_userapp.dir/Platform/HAL/I2C/hal_i2c.c.obj
                0x00001dc4                HAL_I2C_SetConfig
 .text.HAL_I2C_SetIRQ
                0x00001eb4      0x120 CMakeFiles/tmpl_userapp.dir/Platform/HAL/I2C/hal_i2c.c.obj
                0x00001eb4                HAL_I2C_SetIRQ
 .text.i2cwr_dbg_record
                0x00001fd4       0x48 CMakeFiles/tmpl_userapp.dir/Platform/HAL/I2C/hal_i2c.c.obj
 .text.HAL_I2C_WriteRead
                0x0000201c      0x2e4 CMakeFiles/tmpl_userapp.dir/Platform/HAL/I2C/hal_i2c.c.obj
                0x0000201c                HAL_I2C_WriteRead
 .text.PRV_I2C_IRQHandler
                0x00002300      0x430 CMakeFiles/tmpl_userapp.dir/Platform/HAL/I2C/hal_i2c.c.obj
 .text.Interrupt60_Handler
                0x00002730        0xe CMakeFiles/tmpl_userapp.dir/Platform/HAL/I2C/hal_i2c.c.obj
                0x00002730                Interrupt60_Handler
 .text.Interrupt61_Handler
                0x0000273e        0xe CMakeFiles/tmpl_userapp.dir/Platform/HAL/I2C/hal_i2c.c.obj
                0x0000273e                Interrupt61_Handler
 .text.Interrupt62_Handler
                0x0000274c        0xe CMakeFiles/tmpl_userapp.dir/Platform/HAL/I2C/hal_i2c.c.obj
                0x0000274c                Interrupt62_Handler
 .text.Interrupt100_Handler
                0x0000275a        0xe CMakeFiles/tmpl_userapp.dir/Platform/HAL/I2C/hal_i2c.c.obj
                0x0000275a                Interrupt100_Handler
 .text.PCU0_INT_IRQHandler
                0x00002768       0x2c CMakeFiles/tmpl_userapp.dir/Platform/HAL/PCU/hal_pcu.c.obj
 .text.PCU1_INT_IRQHandler
                0x00002794       0x2c CMakeFiles/tmpl_userapp.dir/Platform/HAL/PCU/hal_pcu.c.obj
 .text.PCU2_INT_IRQHandler
                0x000027c0       0x2c CMakeFiles/tmpl_userapp.dir/Platform/HAL/PCU/hal_pcu.c.obj
 .text.PCU3_INT_IRQHandler
                0x000027ec       0x2c CMakeFiles/tmpl_userapp.dir/Platform/HAL/PCU/hal_pcu.c.obj
 .text.PCU4_INT_IRQHandler
                0x00002818       0x2c CMakeFiles/tmpl_userapp.dir/Platform/HAL/PCU/hal_pcu.c.obj
 .text.PCU5_INT_IRQHandler
                0x00002844       0x2c CMakeFiles/tmpl_userapp.dir/Platform/HAL/PCU/hal_pcu.c.obj
 .text.PCU6_INT_IRQHandler
                0x00002870       0x2c CMakeFiles/tmpl_userapp.dir/Platform/HAL/PCU/hal_pcu.c.obj
 .text.PCU_GetReg
                0x0000289c       0x20 CMakeFiles/tmpl_userapp.dir/Platform/HAL/PCU/hal_pcu.c.obj
 .text.PCU_GetValidPort
                0x000028bc       0x2c CMakeFiles/tmpl_userapp.dir/Platform/HAL/PCU/hal_pcu.c.obj
 .text.PRV_PCU_GetVaildPort
                0x000028e8       0x1c CMakeFiles/tmpl_userapp.dir/Platform/HAL/PCU/hal_pcu.c.obj
 .text.HAL_PCU_SetAltMode
                0x00002904       0xf0 CMakeFiles/tmpl_userapp.dir/Platform/HAL/PCU/hal_pcu.c.obj
                0x00002904                HAL_PCU_SetAltMode
 .text.PRV_PCU_IRQHandler
                0x000029f4       0x78 CMakeFiles/tmpl_userapp.dir/Platform/HAL/PCU/hal_pcu.c.obj
 .text.Interrupt36_Handler
                0x00002a6c        0xc CMakeFiles/tmpl_userapp.dir/Platform/HAL/PCU/hal_pcu.c.obj
                0x00002a6c                Interrupt36_Handler
 .text.Interrupt37_Handler
                0x00002a78        0xc CMakeFiles/tmpl_userapp.dir/Platform/HAL/PCU/hal_pcu.c.obj
                0x00002a78                Interrupt37_Handler
 .text.Interrupt38_Handler
                0x00002a84        0xc CMakeFiles/tmpl_userapp.dir/Platform/HAL/PCU/hal_pcu.c.obj
                0x00002a84                Interrupt38_Handler
 .text.Interrupt39_Handler
                0x00002a90        0xc CMakeFiles/tmpl_userapp.dir/Platform/HAL/PCU/hal_pcu.c.obj
                0x00002a90                Interrupt39_Handler
 .text.Interrupt40_Handler
                0x00002a9c        0xc CMakeFiles/tmpl_userapp.dir/Platform/HAL/PCU/hal_pcu.c.obj
                0x00002a9c                Interrupt40_Handler
 .text.Interrupt41_Handler
                0x00002aa8        0xc CMakeFiles/tmpl_userapp.dir/Platform/HAL/PCU/hal_pcu.c.obj
                0x00002aa8                Interrupt41_Handler
 .text.Interrupt42_Handler
                0x00002ab4        0xc CMakeFiles/tmpl_userapp.dir/Platform/HAL/PCU/hal_pcu.c.obj
                0x00002ab4                Interrupt42_Handler
 .text.SCUCLK_SetFlashLatencyDefault
                0x00002ac0       0x28 CMakeFiles/tmpl_userapp.dir/Platform/HAL/SCU/hal_scu_clk.c.obj
 .text.SCUCLK_SetFlashLatency
                0x00002ae8       0x8c CMakeFiles/tmpl_userapp.dir/Platform/HAL/SCU/hal_scu_clk.c.obj
 .text.SCUCLK_SetMClk
                0x00002b74      0x134 CMakeFiles/tmpl_userapp.dir/Platform/HAL/SCU/hal_scu_clk.c.obj
 .text.SCUCLK_SetClkOut
                0x00002ca8       0xbc CMakeFiles/tmpl_userapp.dir/Platform/HAL/SCU/hal_scu_clk.c.obj
 .text.SCUCLK_SetPLLSrcDiv
                0x00002d64       0xe8 CMakeFiles/tmpl_userapp.dir/Platform/HAL/SCU/hal_scu_clk.c.obj
 .text.PRV_SCUCLK_PLLDelay
                0x00002e4c       0x58 CMakeFiles/tmpl_userapp.dir/Platform/HAL/SCU/hal_scu_clk.c.obj
 .text.HAL_SCU_CLK_SetMClk
                0x00002ea4      0x140 CMakeFiles/tmpl_userapp.dir/Platform/HAL/SCU/hal_scu_clk.c.obj
                0x00002ea4                HAL_SCU_CLK_SetMClk
 .text.HAL_SCU_CLK_SetSrcEnable
                0x00002fe4       0xa8 CMakeFiles/tmpl_userapp.dir/Platform/HAL/SCU/hal_scu_clk.c.obj
                0x00002fe4                HAL_SCU_CLK_SetSrcEnable
 .text.HAL_SCU_CLK_SetPLLConfig
                0x0000308c      0x160 CMakeFiles/tmpl_userapp.dir/Platform/HAL/SCU/hal_scu_clk.c.obj
                0x0000308c                HAL_SCU_CLK_SetPLLConfig
 .text.HAL_SCU_CLK_SetOutput
                0x000031ec       0x56 CMakeFiles/tmpl_userapp.dir/Platform/HAL/SCU/hal_scu_clk.c.obj
                0x000031ec                HAL_SCU_CLK_SetOutput
 *fill*         0x00003242        0x2 
 .text.HAL_SCU_CLK_SetPClkDiv
                0x00003244       0x54 CMakeFiles/tmpl_userapp.dir/Platform/HAL/SCU/hal_scu_clk.c.obj
                0x00003244                HAL_SCU_CLK_SetPClkDiv
 .text.PRV_SCUCLK_IRQHandler
                0x00003298       0xc8 CMakeFiles/tmpl_userapp.dir/Platform/HAL/SCU/hal_scu_clk.c.obj
 .text.Interrupt1_Handler
                0x00003360        0xe CMakeFiles/tmpl_userapp.dir/Platform/HAL/SCU/hal_scu_clk.c.obj
                0x00003360                Interrupt1_Handler
 .text.Interrupt2_Handler
                0x0000336e        0xe CMakeFiles/tmpl_userapp.dir/Platform/HAL/SCU/hal_scu_clk.c.obj
                0x0000336e                Interrupt2_Handler
 .text.Interrupt3_Handler
                0x0000337c        0xe CMakeFiles/tmpl_userapp.dir/Platform/HAL/SCU/hal_scu_clk.c.obj
                0x0000337c                Interrupt3_Handler
 *fill*         0x0000338a        0x2 
 .text.__NVIC_EnableIRQ
                0x0000338c       0x3c CMakeFiles/tmpl_userapp.dir/Platform/HAL/Timer1/hal_timer1.c.obj
 .text.__NVIC_DisableIRQ
                0x000033c8       0x48 CMakeFiles/tmpl_userapp.dir/Platform/HAL/Timer1/hal_timer1.c.obj
 .text.__NVIC_ClearPendingIRQ
                0x00003410       0x3c CMakeFiles/tmpl_userapp.dir/Platform/HAL/Timer1/hal_timer1.c.obj
 .text.__NVIC_SetPriority
                0x0000344c       0x54 CMakeFiles/tmpl_userapp.dir/Platform/HAL/Timer1/hal_timer1.c.obj
 .text.TIMER1_SetScuEnable
                0x000034a0       0x76 CMakeFiles/tmpl_userapp.dir/Platform/HAL/Timer1/hal_timer1.c.obj
 .text.TIMER1_GetReg
                0x00003516       0x1e CMakeFiles/tmpl_userapp.dir/Platform/HAL/Timer1/hal_timer1.c.obj
 .text.TIMER1_GetIRQNum
                0x00003534       0x94 CMakeFiles/tmpl_userapp.dir/Platform/HAL/Timer1/hal_timer1.c.obj
 .text.TIMER1_ConvMode
                0x000035c8       0x48 CMakeFiles/tmpl_userapp.dir/Platform/HAL/Timer1/hal_timer1.c.obj
 .text.TIMER1_ConvPol
                0x00003610       0x18 CMakeFiles/tmpl_userapp.dir/Platform/HAL/Timer1/hal_timer1.c.obj
 .text.TIMER1_GetIntFlag
                0x00003628       0x6a CMakeFiles/tmpl_userapp.dir/Platform/HAL/Timer1/hal_timer1.c.obj
 *fill*         0x00003692        0x2 
 .text.TIMER1_SetMccrClk
                0x00003694      0x118 CMakeFiles/tmpl_userapp.dir/Platform/HAL/Timer1/hal_timer1.c.obj
 .text.TIMER1_SetExtClk
                0x000037ac       0x2a CMakeFiles/tmpl_userapp.dir/Platform/HAL/Timer1/hal_timer1.c.obj
 *fill*         0x000037d6        0x2 
 .text.TIMER1_SetPClk
                0x000037d8       0x74 CMakeFiles/tmpl_userapp.dir/Platform/HAL/Timer1/hal_timer1.c.obj
 .text.PRV_TIMER1_NMIHandler
                0x0000384c       0x44 CMakeFiles/tmpl_userapp.dir/Platform/HAL/Timer1/hal_timer1.c.obj
 .text.PRV_TIMER1_GetReg
                0x00003890       0x1c CMakeFiles/tmpl_userapp.dir/Platform/HAL/Timer1/hal_timer1.c.obj
 .text.PRV_TIMER1_SetScuEnable
                0x000038ac       0x26 CMakeFiles/tmpl_userapp.dir/Platform/HAL/Timer1/hal_timer1.c.obj
 *fill*         0x000038d2        0x2 
 .text.HAL_TIMER1_Init
                0x000038d4       0x6c CMakeFiles/tmpl_userapp.dir/Platform/HAL/Timer1/hal_timer1.c.obj
                0x000038d4                HAL_TIMER1_Init
 .text.HAL_TIMER1_SetClkConfig
                0x00003940       0x9a CMakeFiles/tmpl_userapp.dir/Platform/HAL/Timer1/hal_timer1.c.obj
                0x00003940                HAL_TIMER1_SetClkConfig
 *fill*         0x000039da        0x2 
 .text.HAL_TIMER1_SetConfig
                0x000039dc      0x190 CMakeFiles/tmpl_userapp.dir/Platform/HAL/Timer1/hal_timer1.c.obj
                0x000039dc                HAL_TIMER1_SetConfig
 .text.HAL_TIMER1_SetIRQ
                0x00003b6c      0x10c CMakeFiles/tmpl_userapp.dir/Platform/HAL/Timer1/hal_timer1.c.obj
                0x00003b6c                HAL_TIMER1_SetIRQ
 .text.HAL_TIMER1_SetInOutPort
                0x00003c78       0x42 CMakeFiles/tmpl_userapp.dir/Platform/HAL/Timer1/hal_timer1.c.obj
                0x00003c78                HAL_TIMER1_SetInOutPort
 .text.HAL_TIMER1_SetInversionPort
                0x00003cba       0x42 CMakeFiles/tmpl_userapp.dir/Platform/HAL/Timer1/hal_timer1.c.obj
                0x00003cba                HAL_TIMER1_SetInversionPort
 .text.PRV_TIMER1_IRQHandler
                0x00003cfc      0x168 CMakeFiles/tmpl_userapp.dir/Platform/HAL/Timer1/hal_timer1.c.obj
 .text.Interrupt15_Handler
                0x00003e64        0xe CMakeFiles/tmpl_userapp.dir/Platform/HAL/Timer1/hal_timer1.c.obj
                0x00003e64                Interrupt15_Handler
 .text.Interrupt16_Handler
                0x00003e72        0xe CMakeFiles/tmpl_userapp.dir/Platform/HAL/Timer1/hal_timer1.c.obj
                0x00003e72                Interrupt16_Handler
 .text.Interrupt17_Handler
                0x00003e80        0xe CMakeFiles/tmpl_userapp.dir/Platform/HAL/Timer1/hal_timer1.c.obj
                0x00003e80                Interrupt17_Handler
 .text.Interrupt18_Handler
                0x00003e8e        0xe CMakeFiles/tmpl_userapp.dir/Platform/HAL/Timer1/hal_timer1.c.obj
                0x00003e8e                Interrupt18_Handler
 .text.Interrupt19_Handler
                0x00003e9c        0xe CMakeFiles/tmpl_userapp.dir/Platform/HAL/Timer1/hal_timer1.c.obj
                0x00003e9c                Interrupt19_Handler
 .text.Interrupt20_Handler
                0x00003eaa        0xe CMakeFiles/tmpl_userapp.dir/Platform/HAL/Timer1/hal_timer1.c.obj
                0x00003eaa                Interrupt20_Handler
 .text.Interrupt21_Handler
                0x00003eb8        0xe CMakeFiles/tmpl_userapp.dir/Platform/HAL/Timer1/hal_timer1.c.obj
                0x00003eb8                Interrupt21_Handler
 .text.Interrupt22_Handler
                0x00003ec6        0xe CMakeFiles/tmpl_userapp.dir/Platform/HAL/Timer1/hal_timer1.c.obj
                0x00003ec6                Interrupt22_Handler
 .text.Interrupt23_Handler
                0x00003ed4        0xe CMakeFiles/tmpl_userapp.dir/Platform/HAL/Timer1/hal_timer1.c.obj
                0x00003ed4                Interrupt23_Handler
 .text.Interrupt24_Handler
                0x00003ee2        0xe CMakeFiles/tmpl_userapp.dir/Platform/HAL/Timer1/hal_timer1.c.obj
                0x00003ee2                Interrupt24_Handler
 .text.__NVIC_EnableIRQ
                0x00003ef0       0x3c CMakeFiles/tmpl_userapp.dir/Platform/HAL/UART/hal_uart.c.obj
 .text.__NVIC_DisableIRQ
                0x00003f2c       0x48 CMakeFiles/tmpl_userapp.dir/Platform/HAL/UART/hal_uart.c.obj
 .text.__NVIC_ClearPendingIRQ
                0x00003f74       0x3c CMakeFiles/tmpl_userapp.dir/Platform/HAL/UART/hal_uart.c.obj
 .text.__NVIC_SetPriority
                0x00003fb0       0x54 CMakeFiles/tmpl_userapp.dir/Platform/HAL/UART/hal_uart.c.obj
 .text.UART_SetScuEnable
                0x00004004       0xec CMakeFiles/tmpl_userapp.dir/Platform/HAL/UART/hal_uart.c.obj
 .text.UART_GetReg
                0x000040f0       0x1e CMakeFiles/tmpl_userapp.dir/Platform/HAL/UART/hal_uart.c.obj
 *fill*         0x0000410e        0x2 
 .text.UART_GetIRQNum
                0x00004110       0xb0 CMakeFiles/tmpl_userapp.dir/Platform/HAL/UART/hal_uart.c.obj
 .text.UART_SetClk
                0x000041c0      0x114 CMakeFiles/tmpl_userapp.dir/Platform/HAL/UART/hal_uart.c.obj
 .text.UART_GetNumer
                0x000042d4       0x18 CMakeFiles/tmpl_userapp.dir/Platform/HAL/UART/hal_uart.c.obj
 .text.PRV_UART_NMIHandler
                0x000042ec       0x48 CMakeFiles/tmpl_userapp.dir/Platform/HAL/UART/hal_uart.c.obj
 .text.PRV_UART_GetReg
                0x00004334       0x1c CMakeFiles/tmpl_userapp.dir/Platform/HAL/UART/hal_uart.c.obj
 .text.PRV_UART_SetScuEnable
                0x00004350       0x26 CMakeFiles/tmpl_userapp.dir/Platform/HAL/UART/hal_uart.c.obj
 *fill*         0x00004376        0x2 
 .text.HAL_UART_Init
                0x00004378       0xa8 CMakeFiles/tmpl_userapp.dir/Platform/HAL/UART/hal_uart.c.obj
                0x00004378                HAL_UART_Init
 .text.HAL_UART_SetClkConfig
                0x00004420       0x32 CMakeFiles/tmpl_userapp.dir/Platform/HAL/UART/hal_uart.c.obj
                0x00004420                HAL_UART_SetClkConfig
 .text.HAL_UART_SetConfig
                0x00004452      0x128 CMakeFiles/tmpl_userapp.dir/Platform/HAL/UART/hal_uart.c.obj
                0x00004452                HAL_UART_SetConfig
 *fill*         0x0000457a        0x2 
 .text.HAL_UART_SetIRQ
                0x0000457c      0x120 CMakeFiles/tmpl_userapp.dir/Platform/HAL/UART/hal_uart.c.obj
                0x0000457c                HAL_UART_SetIRQ
 .text.HAL_UART_Transmit
                0x0000469c       0xfc CMakeFiles/tmpl_userapp.dir/Platform/HAL/UART/hal_uart.c.obj
                0x0000469c                HAL_UART_Transmit
 .text.PRV_UART_IRQHandler
                0x00004798      0x180 CMakeFiles/tmpl_userapp.dir/Platform/HAL/UART/hal_uart.c.obj
 .text.Interrupt63_Handler
                0x00004918        0xe CMakeFiles/tmpl_userapp.dir/Platform/HAL/UART/hal_uart.c.obj
                0x00004918                Interrupt63_Handler
 .text.Interrupt64_Handler
                0x00004926        0xe CMakeFiles/tmpl_userapp.dir/Platform/HAL/UART/hal_uart.c.obj
                0x00004926                Interrupt64_Handler
 .text.Interrupt65_Handler
                0x00004934        0xe CMakeFiles/tmpl_userapp.dir/Platform/HAL/UART/hal_uart.c.obj
                0x00004934                Interrupt65_Handler
 .text.Interrupt66_Handler
                0x00004942        0xe CMakeFiles/tmpl_userapp.dir/Platform/HAL/UART/hal_uart.c.obj
                0x00004942                Interrupt66_Handler
 .text.Interrupt67_Handler
                0x00004950        0xe CMakeFiles/tmpl_userapp.dir/Platform/HAL/UART/hal_uart.c.obj
                0x00004950                Interrupt67_Handler
 .text.Interrupt68_Handler
                0x0000495e        0xe CMakeFiles/tmpl_userapp.dir/Platform/HAL/UART/hal_uart.c.obj
                0x0000495e                Interrupt68_Handler
 .text.Interrupt108_Handler
                0x0000496c        0xe CMakeFiles/tmpl_userapp.dir/Platform/HAL/UART/hal_uart.c.obj
                0x0000496c                Interrupt108_Handler
 .text.Interrupt109_Handler
                0x0000497a        0xe CMakeFiles/tmpl_userapp.dir/Platform/HAL/UART/hal_uart.c.obj
                0x0000497a                Interrupt109_Handler
 .text.Interrupt110_Handler
                0x00004988        0xe CMakeFiles/tmpl_userapp.dir/Platform/HAL/UART/hal_uart.c.obj
                0x00004988                Interrupt110_Handler
 .text.Interrupt111_Handler
                0x00004996        0xe CMakeFiles/tmpl_userapp.dir/Platform/HAL/UART/hal_uart.c.obj
                0x00004996                Interrupt111_Handler
 .text.Interrupt112_Handler
                0x000049a4        0xe CMakeFiles/tmpl_userapp.dir/Platform/HAL/UART/hal_uart.c.obj
                0x000049a4                Interrupt112_Handler
 .text.Interrupt113_Handler
                0x000049b2        0xe CMakeFiles/tmpl_userapp.dir/Platform/HAL/UART/hal_uart.c.obj
                0x000049b2                Interrupt113_Handler
 .text.Interrupt114_Handler
                0x000049c0        0xe CMakeFiles/tmpl_userapp.dir/Platform/HAL/UART/hal_uart.c.obj
                0x000049c0                Interrupt114_Handler
 *fill*         0x000049ce        0x2 
 .text.PRV_SendByte
                0x000049d0       0x34 CMakeFiles/tmpl_userapp.dir/Example/Source/TmplUserApp/DebugLibrary/debug_framework.c.obj
 .text.DebugFramework_Init
                0x00004a04       0xec CMakeFiles/tmpl_userapp.dir/Example/Source/TmplUserApp/DebugLibrary/debug_framework.c.obj
                0x00004a04                DebugFramework_Init
 .text.DebugFramework_Puts
                0x00004af0       0x44 CMakeFiles/tmpl_userapp.dir/Example/Source/TmplUserApp/DebugLibrary/debug_framework.c.obj
                0x00004af0                DebugFramework_Puts
 .text.DebugFramework_PutsLine
                0x00004b34       0x20 CMakeFiles/tmpl_userapp.dir/Example/Source/TmplUserApp/DebugLibrary/debug_framework.c.obj
                0x00004b34                DebugFramework_PutsLine
 .text.DebugFramework_Printf
                0x00004b54       0x98 CMakeFiles/tmpl_userapp.dir/Example/Source/TmplUserApp/DebugLibrary/debug_framework.c.obj
                0x00004b54                DebugFramework_Printf
 .text.lis2de12_read_reg
                0x00004bec       0x40 CMakeFiles/tmpl_userapp.dir/Example/Source/TmplUserApp/LISDE12TR/lis2de12.c.obj
                0x00004bec                lis2de12_read_reg
 .text.lis2de12_write_reg
                0x00004c2c       0x40 CMakeFiles/tmpl_userapp.dir/Example/Source/TmplUserApp/LISDE12TR/lis2de12.c.obj
                0x00004c2c                lis2de12_write_reg
 .text.lis2de12_temperature_meas_set
                0x00004c6c       0x4a CMakeFiles/tmpl_userapp.dir/Example/Source/TmplUserApp/LISDE12TR/lis2de12.c.obj
                0x00004c6c                lis2de12_temperature_meas_set
 .text.lis2de12_data_rate_set
                0x00004cb6       0x56 CMakeFiles/tmpl_userapp.dir/Example/Source/TmplUserApp/LISDE12TR/lis2de12.c.obj
                0x00004cb6                lis2de12_data_rate_set
 .text.lis2de12_full_scale_set
                0x00004d0c       0x4a CMakeFiles/tmpl_userapp.dir/Example/Source/TmplUserApp/LISDE12TR/lis2de12.c.obj
                0x00004d0c                lis2de12_full_scale_set
 .text.lis2de12_block_data_update_set
                0x00004d56       0x4a CMakeFiles/tmpl_userapp.dir/Example/Source/TmplUserApp/LISDE12TR/lis2de12.c.obj
                0x00004d56                lis2de12_block_data_update_set
 .text.lis2de12_device_id_get
                0x00004da0       0x1e CMakeFiles/tmpl_userapp.dir/Example/Source/TmplUserApp/LISDE12TR/lis2de12.c.obj
                0x00004da0                lis2de12_device_id_get
 .text.lis2de12_boot_set
                0x00004dbe       0x4a CMakeFiles/tmpl_userapp.dir/Example/Source/TmplUserApp/LISDE12TR/lis2de12.c.obj
                0x00004dbe                lis2de12_boot_set
 .text.hal_i2c_read_buffer
                0x00004e08       0x50 CMakeFiles/tmpl_userapp.dir/Example/Source/TmplUserApp/LISDE12TR/lis2de12.c.obj
                0x00004e08                hal_i2c_read_buffer
 .text.hal_i2c_write_buffer
                0x00004e58       0xb0 CMakeFiles/tmpl_userapp.dir/Example/Source/TmplUserApp/LISDE12TR/lis2de12.c.obj
                0x00004e58                hal_i2c_write_buffer
 .text.delay_ms_approx
                0x00004f08       0x38 CMakeFiles/tmpl_userapp.dir/Example/Source/TmplUserApp/LISDE12TR/LIS2DE12_app.c.obj
 .text.LIS2DE12_Init
                0x00004f40      0x198 CMakeFiles/tmpl_userapp.dir/Example/Source/TmplUserApp/LISDE12TR/LIS2DE12_app.c.obj
                0x00004f40                LIS2DE12_Init
 .text.LIS2DE12_ReadAcceleration
                0x000050d8      0x168 CMakeFiles/tmpl_userapp.dir/Example/Source/TmplUserApp/LISDE12TR/LIS2DE12_app.c.obj
                0x000050d8                LIS2DE12_ReadAcceleration
 .text          0x00005240       0x30 /Applications/ArmGNUToolchain/14.3.rel1/arm-none-eabi/bin/../lib/gcc/arm-none-eabi/14.3.1/thumb/v7e-m+fp/hard/libgcc.a(_aeabi_uldivmod.o)
                0x00005240                __aeabi_uldivmod
 .text.__udivmoddi4
                0x00005270      0x2f8 /Applications/ArmGNUToolchain/14.3.rel1/arm-none-eabi/bin/../lib/gcc/arm-none-eabi/14.3.1/thumb/v7e-m+fp/hard/libgcc.a(_udivmoddi4.o)
                0x00005270                __udivmoddi4
 .text          0x00005568        0x4 /Applications/ArmGNUToolchain/14.3.rel1/arm-none-eabi/bin/../lib/gcc/arm-none-eabi/14.3.1/thumb/v7e-m+fp/hard/libgcc.a(_dvmd_tls.o)
                0x00005568                __aeabi_ldiv0
                0x00005568                __aeabi_idiv0
 .text._vsnprintf_r
                0x0000556c       0x5c /Applications/ArmGNUToolchain/14.3.rel1/arm-none-eabi/bin/../lib/gcc/arm-none-eabi/14.3.1/../../../../arm-none-eabi/lib/thumb/v7e-m+fp/hard/libg_nano.a(libc_a-vsnprintf.o)
                0x0000556c                _vsnprintf_r
                0x0000556c                _vsniprintf_r
 .text.vsnprintf
                0x000055c8       0x1c /Applications/ArmGNUToolchain/14.3.rel1/arm-none-eabi/bin/../lib/gcc/arm-none-eabi/14.3.1/../../../../arm-none-eabi/lib/thumb/v7e-m+fp/hard/libg_nano.a(libc_a-vsnprintf.o)
                0x000055c8                vsnprintf
                0x000055c8                vsniprintf
 .text.__ssputs_r
                0x000055e4       0xc0 /Applications/ArmGNUToolchain/14.3.rel1/arm-none-eabi/bin/../lib/gcc/arm-none-eabi/14.3.1/../../../../arm-none-eabi/lib/thumb/v7e-m+fp/hard/libg_nano.a(libc_a-nano-svfprintf.o)
                0x000055e4                __ssputs_r
 .text._svfprintf_r
                0x000056a4      0x1f0 /Applications/ArmGNUToolchain/14.3.rel1/arm-none-eabi/bin/../lib/gcc/arm-none-eabi/14.3.1/../../../../arm-none-eabi/lib/thumb/v7e-m+fp/hard/libg_nano.a(libc_a-nano-svfprintf.o)
                0x000056a4                _svfprintf_r
                0x000056a4                _svfiprintf_r
 .text._printf_common
                0x00005894       0xda /Applications/ArmGNUToolchain/14.3.rel1/arm-none-eabi/bin/../lib/gcc/arm-none-eabi/14.3.1/../../../../arm-none-eabi/lib/thumb/v7e-m+fp/hard/libg_nano.a(libc_a-nano-vfprintf_i.o)
                0x00005894                _printf_common
 *fill*         0x0000596e        0x2 
 .text._printf_i
                0x00005970      0x24c /Applications/ArmGNUToolchain/14.3.rel1/arm-none-eabi/bin/../lib/gcc/arm-none-eabi/14.3.1/../../../../arm-none-eabi/lib/thumb/v7e-m+fp/hard/libg_nano.a(libc_a-nano-vfprintf_i.o)
                0x00005970                _printf_i
 .text._realloc_r
                0x00005bbc       0x5c /Applications/ArmGNUToolchain/14.3.rel1/arm-none-eabi/bin/../lib/gcc/arm-none-eabi/14.3.1/../../../../arm-none-eabi/lib/thumb/v7e-m+fp/hard/libg_nano.a(libc_a-reallocr.o)
                0x00005bbc                _realloc_r
 .text.memmove  0x00005c18       0x32 /Applications/ArmGNUToolchain/14.3.rel1/arm-none-eabi/bin/../lib/gcc/arm-none-eabi/14.3.1/../../../../arm-none-eabi/lib/thumb/v7e-m+fp/hard/libg_nano.a(libc_a-memmove.o)
                0x00005c18                memmove
 *fill*         0x00005c4a        0x6 
 .text          0x00005c50       0xa0 /Applications/ArmGNUToolchain/14.3.rel1/arm-none-eabi/bin/../lib/gcc/arm-none-eabi/14.3.1/../../../../arm-none-eabi/lib/thumb/v7e-m+fp/hard/libg_nano.a(libc_a-memchr.o)
                0x00005c50                memchr
 .text.memcpy   0x00005cf0       0x1c /Applications/ArmGNUToolchain/14.3.rel1/arm-none-eabi/bin/../lib/gcc/arm-none-eabi/14.3.1/../../../../arm-none-eabi/lib/thumb/v7e-m+fp/hard/libg_nano.a(libc_a-memcpy-stub.o)
                0x00005cf0                memcpy
 .text._malloc_usable_size_r
                0x00005d0c       0x10 /Applications/ArmGNUToolchain/14.3.rel1/arm-none-eabi/bin/../lib/gcc/arm-none-eabi/14.3.1/../../../../arm-none-eabi/lib/thumb/v7e-m+fp/hard/libg_nano.a(libc_a-msizer.o)
                0x00005d0c                _malloc_usable_size_r
 .text._sbrk    0x00005d1c       0x1c /Applications/ArmGNUToolchain/14.3.rel1/arm-none-eabi/bin/../lib/gcc/arm-none-eabi/14.3.1/../../../../arm-none-eabi/lib/thumb/v7e-m+fp/hard/libnosys.a(sbrk.o)
                0x00005d1c                _sbrk
 .text._exit    0x00005d38        0x4 /Applications/ArmGNUToolchain/14.3.rel1/arm-none-eabi/bin/../lib/gcc/arm-none-eabi/14.3.1/../../../../arm-none-eabi/lib/thumb/v7e-m+fp/hard/libnosys.a(_exit.o)
                0x00005d38                _exit
 *(.init)
 .init          0x00005d3c        0x4 /Applications/ArmGNUToolchain/14.3.rel1/arm-none-eabi/bin/../lib/gcc/arm-none-eabi/14.3.1/thumb/v7e-m+fp/hard/crti.o
                0x00005d3c                _init
 .init          0x00005d40        0x8 /Applications/ArmGNUToolchain/14.3.rel1/arm-none-eabi/bin/../lib/gcc/arm-none-eabi/14.3.1/thumb/v7e-m+fp/hard/crtn.o
 *(.fini)
 .fini          0x00005d48        0x4 /Applications/ArmGNUToolchain/14.3.rel1/arm-none-eabi/bin/../lib/gcc/arm-none-eabi/14.3.1/thumb/v7e-m+fp/hard/crti.o
                0x00005d48                _fini
 .fini          0x00005d4c        0x8 /Applications/ArmGNUToolchain/14.3.rel1/arm-none-eabi/bin/../lib/gcc/arm-none-eabi/14.3.1/thumb/v7e-m+fp/hard/crtn.o
 *crtbegin.o(.ctors)
 *crtbegin?.o(.ctors)
 *(EXCLUDE_FILE(*crtend.o *crtend?.o) .ctors)
 *(SORT_BY_NAME(.ctors.*))
 *(.ctors)
 *crtbegin.o(.dtors)
 *crtbegin?.o(.dtors)
 *(EXCLUDE_FILE(*crtend.o *crtend?.o) .dtors)
 *(SORT_BY_NAME(.dtors.*))
 *(.dtors)
 *(.rodata*)
 .rodata        0x00005d54        0x9 CMakeFiles/tmpl_userapp.dir/Example/Source/TmplUserApp/prv_scu_clk.c.obj
 *fill*         0x00005d5d        0x3 
 .rodata        0x00005d60        0xf CMakeFiles/tmpl_userapp.dir/Example/Source/TmplUserApp/prv_user_code.c.obj
 *fill*         0x00005d6f        0x1 
 .rodata        0x00005d70        0x6 CMakeFiles/tmpl_userapp.dir/Example/Source/TmplUserApp/user_timer1.c.obj
 *fill*         0x00005d76        0x2 
 .rodata        0x00005d78       0x21 CMakeFiles/tmpl_userapp.dir/Example/Source/TmplUserApp/user_timer1_isr.c.obj
 *fill*         0x00005d99        0x3 
 .rodata        0x00005d9c        0xc CMakeFiles/tmpl_userapp.dir/Example/Source/TmplUserApp/user_uart.c.obj
 .rodata        0x00005da8        0x3 CMakeFiles/tmpl_userapp.dir/Example/Source/TmplUserApp/DebugLibrary/debug_framework.c.obj
 *fill*         0x00005dab        0x1 
 .rodata        0x00005dac      0x183 CMakeFiles/tmpl_userapp.dir/Example/Source/TmplUserApp/LISDE12TR/LIS2DE12_app.c.obj
 .rodata._svfprintf_r.str1.1
                0x00005f2f       0x33 /Applications/ArmGNUToolchain/14.3.rel1/arm-none-eabi/bin/../lib/gcc/arm-none-eabi/14.3.1/../../../../arm-none-eabi/lib/thumb/v7e-m+fp/hard/libg_nano.a(libc_a-nano-svfprintf.o)
                                 0x11 (size before relaxing)
 .rodata._printf_i.str1.1
                0x00005f62       0x22 /Applications/ArmGNUToolchain/14.3.rel1/arm-none-eabi/bin/../lib/gcc/arm-none-eabi/14.3.1/../../../../arm-none-eabi/lib/thumb/v7e-m+fp/hard/libg_nano.a(libc_a-nano-vfprintf_i.o)
 *(.eh_frame*)
 *fill*         0x00005f62        0x2 
 .eh_frame      0x00005f64        0x0 /Applications/ArmGNUToolchain/14.3.rel1/arm-none-eabi/bin/../lib/gcc/arm-none-eabi/14.3.1/thumb/v7e-m+fp/hard/crtbegin.o
 .eh_frame      0x00005f64        0x4 /Applications/ArmGNUToolchain/14.3.rel1/arm-none-eabi/bin/../lib/gcc/arm-none-eabi/14.3.1/thumb/v7e-m+fp/hard/crtend.o

.glue_7         0x00005f68        0x0
 .glue_7        0x00005f68        0x0 linker stubs

.glue_7t        0x00005f68        0x0
 .glue_7t       0x00005f68        0x0 linker stubs

.vfp11_veneer   0x00005f68        0x0
 .vfp11_veneer  0x00005f68        0x0 linker stubs

.v4_bx          0x00005f68        0x0
 .v4_bx         0x00005f68        0x0 linker stubs

.iplt           0x00005f68        0x0
 .iplt          0x00005f68        0x0 /Applications/ArmGNUToolchain/14.3.rel1/arm-none-eabi/bin/../lib/gcc/arm-none-eabi/14.3.1/thumb/v7e-m+fp/hard/crtbegin.o

.ARM.extab
 *(.ARM.extab* .gnu.linkonce.armextab.*)
                0x00005f68                        __exidx_start = .

.ARM.exidx      0x00005f68        0x8
 *(.ARM.exidx* .gnu.linkonce.armexidx.*)
 .ARM.exidx     0x00005f68        0x8 /Applications/ArmGNUToolchain/14.3.rel1/arm-none-eabi/bin/../lib/gcc/arm-none-eabi/14.3.1/../../../../arm-none-eabi/lib/thumb/v7e-m+fp/hard/crt0.o
                                 0x10 (size before relaxing)
 .ARM.exidx.text.__udivmoddi4
                0x00005f70        0x0 /Applications/ArmGNUToolchain/14.3.rel1/arm-none-eabi/bin/../lib/gcc/arm-none-eabi/14.3.1/thumb/v7e-m+fp/hard/libgcc.a(_udivmoddi4.o)
                                  0x8 (size before relaxing)
 .ARM.exidx     0x00005f70        0x0 /Applications/ArmGNUToolchain/14.3.rel1/arm-none-eabi/bin/../lib/gcc/arm-none-eabi/14.3.1/../../../../arm-none-eabi/lib/thumb/v7e-m+fp/hard/libg_nano.a(libc_a-memchr.o)
                                  0x8 (size before relaxing)
                0x00005f70                        __exidx_end = .
                0x00005f70                        __ram_func = .

.rel.dyn        0x00005f70        0x0
 .rel.iplt      0x00005f70        0x0 /Applications/ArmGNUToolchain/14.3.rel1/arm-none-eabi/bin/../lib/gcc/arm-none-eabi/14.3.1/thumb/v7e-m+fp/hard/crtbegin.o

.code_section_on_ram
                0x20000000        0x0 load address 0x00005f70
                0x20000000                        __code_section_on_ram_start__ = .
 *(.code_section_on_ram*)
                0x20000000                        __code_section_on_ram_end__ = .
                0x20000000                        . = ALIGN (0x4)

.copy.table     0x00005f70       0x18
                0x00005f70                        . = ALIGN (0x4)
                0x00005f70                        __copy_table_start__ = .
                0x00005f70        0x4 LONG 0x5f88 __etext
                0x00005f74        0x4 LONG 0x20000000 __data_start__
                0x00005f78        0x4 LONG 0x1b ((__data_end__ - __data_start__) / 0x4)
                0x00005f7c        0x4 LONG 0x5f70 __ram_func
                0x00005f80        0x4 LONG 0x20000000 __code_section_on_ram_start__
                0x00005f84        0x4 LONG 0x0 ((__code_section_on_ram_end__ - __code_section_on_ram_start__) / 0x4)
                0x00005f88                        __copy_table_end__ = .

.zero.table     0x00005f88        0x0
                0x00005f88                        . = ALIGN (0x4)
                0x00005f88                        __zero_table_start__ = .
                0x00005f88                        __zero_table_end__ = .
                0x00005f88                        __etext = ALIGN (0x4)

.data           0x20000000       0x6c load address 0x00005f88
                0x20000000                        __data_start__ = .
 *(vtable)
 *(.data)
 *(.data.*)
 .data._impure_ptr
                0x20000000        0x4 /Applications/ArmGNUToolchain/14.3.rel1/arm-none-eabi/bin/../lib/gcc/arm-none-eabi/14.3.1/../../../../arm-none-eabi/lib/thumb/v7e-m+fp/hard/libc_nano.a(libc_a-impure.o)
                0x20000000                _impure_ptr
 .data._impure_data
                0x20000004       0x4c /Applications/ArmGNUToolchain/14.3.rel1/arm-none-eabi/bin/../lib/gcc/arm-none-eabi/14.3.1/../../../../arm-none-eabi/lib/thumb/v7e-m+fp/hard/libc_nano.a(libc_a-impure.o)
                0x20000004                _impure_data
 .data.SystemCoreClock
                0x20000050        0x4 CMakeFiles/tmpl_userapp.dir/Platform/HAL/SCU/hal_scu_clk.c.obj
                0x20000050                SystemCoreClock
 .data.SystemPeriClock
                0x20000054        0x4 CMakeFiles/tmpl_userapp.dir/Platform/HAL/SCU/hal_scu_clk.c.obj
                0x20000054                SystemPeriClock
 .data.SystemDelayMSCount
                0x20000058        0x4 CMakeFiles/tmpl_userapp.dir/Platform/HAL/SCU/hal_scu_clk.c.obj
                0x20000058                SystemDelayMSCount
 .data.SystemDelayUSCount
                0x2000005c        0x4 CMakeFiles/tmpl_userapp.dir/Platform/HAL/SCU/hal_scu_clk.c.obj
                0x2000005c                SystemDelayUSCount
 .data.s_eLis2de12I2cId
                0x20000060        0x1 CMakeFiles/tmpl_userapp.dir/Example/Source/TmplUserApp/LISDE12TR/lis2de12.c.obj
                0x20000064                        . = ALIGN (0x4)
 *fill*         0x20000061        0x3 
                0x20000064                        PROVIDE (__preinit_array_start = .)
 *(.preinit_array)
                0x20000064                        PROVIDE (__preinit_array_end = .)
                0x20000064                        . = ALIGN (0x4)
                0x20000064                        PROVIDE (__init_array_start = .)
 *(SORT_BY_NAME(.init_array.*))
 *(.init_array)
 .init_array    0x20000064        0x4 /Applications/ArmGNUToolchain/14.3.rel1/arm-none-eabi/bin/../lib/gcc/arm-none-eabi/14.3.1/thumb/v7e-m+fp/hard/crtbegin.o
                0x20000068                        PROVIDE (__init_array_end = .)
                0x20000068                        . = ALIGN (0x4)
                [!provide]                        PROVIDE (__fini_array_start = .)
 *(SORT_BY_NAME(.fini_array.*))
 *(.fini_array)
 .fini_array    0x20000068        0x4 /Applications/ArmGNUToolchain/14.3.rel1/arm-none-eabi/bin/../lib/gcc/arm-none-eabi/14.3.1/thumb/v7e-m+fp/hard/crtbegin.o
                [!provide]                        PROVIDE (__fini_array_end = .)
 *(.jcr*)
                0x2000006c                        . = ALIGN (0x4)
                0x2000006c                        __data_end__ = .

.tm_clone_table
                0x2000006c        0x0 load address 0x00005ff4
 .tm_clone_table
                0x2000006c        0x0 /Applications/ArmGNUToolchain/14.3.rel1/arm-none-eabi/bin/../lib/gcc/arm-none-eabi/14.3.1/thumb/v7e-m+fp/hard/crtbegin.o
 .tm_clone_table
                0x2000006c        0x0 /Applications/ArmGNUToolchain/14.3.rel1/arm-none-eabi/bin/../lib/gcc/arm-none-eabi/14.3.1/thumb/v7e-m+fp/hard/crtend.o

.igot.plt       0x2000006c        0x0 load address 0x00005ff4
 .igot.plt      0x2000006c        0x0 /Applications/ArmGNUToolchain/14.3.rel1/arm-none-eabi/bin/../lib/gcc/arm-none-eabi/14.3.1/thumb/v7e-m+fp/hard/crtbegin.o

.bss            0x2000006c      0x97c
                0x2000006c                        . = ALIGN (0x4)
                0x2000006c                        __bss_start__ = .
 *(.bss)
 *(.bss.*)
 .bss.completed.1
                0x2000006c        0x1 /Applications/ArmGNUToolchain/14.3.rel1/arm-none-eabi/bin/../lib/gcc/arm-none-eabi/14.3.1/thumb/v7e-m+fp/hard/crtbegin.o
 *fill*         0x2000006d        0x3 
 .bss.object.0  0x20000070       0x18 /Applications/ArmGNUToolchain/14.3.rel1/arm-none-eabi/bin/../lib/gcc/arm-none-eabi/14.3.1/thumb/v7e-m+fp/hard/crtbegin.o
 .bss.__sf      0x20000088      0x138 /Applications/ArmGNUToolchain/14.3.rel1/arm-none-eabi/bin/../lib/gcc/arm-none-eabi/14.3.1/../../../../arm-none-eabi/lib/thumb/v7e-m+fp/hard/libc_nano.a(libc_a-findfp.o)
                0x20000088                __sf
 .bss.__stdio_exit_handler
                0x200001c0        0x4 /Applications/ArmGNUToolchain/14.3.rel1/arm-none-eabi/bin/../lib/gcc/arm-none-eabi/14.3.1/../../../../arm-none-eabi/lib/thumb/v7e-m+fp/hard/libc_nano.a(libc_a-findfp.o)
                0x200001c0                __stdio_exit_handler
 .bss.__lock___malloc_recursive_mutex
                0x200001c4        0x1 /Applications/ArmGNUToolchain/14.3.rel1/arm-none-eabi/bin/../lib/gcc/arm-none-eabi/14.3.1/../../../../arm-none-eabi/lib/thumb/v7e-m+fp/hard/libc_nano.a(libc_a-lock.o)
                0x200001c4                __lock___malloc_recursive_mutex
 *fill*         0x200001c5        0x3 
 .bss.__malloc_sbrk_start
                0x200001c8        0x4 /Applications/ArmGNUToolchain/14.3.rel1/arm-none-eabi/bin/../lib/gcc/arm-none-eabi/14.3.1/../../../../arm-none-eabi/lib/thumb/v7e-m+fp/hard/libc_nano.a(libc_a-mallocr.o)
                0x200001c8                __malloc_sbrk_start
 .bss.__malloc_free_list
                0x200001cc        0x4 /Applications/ArmGNUToolchain/14.3.rel1/arm-none-eabi/bin/../lib/gcc/arm-none-eabi/14.3.1/../../../../arm-none-eabi/lib/thumb/v7e-m+fp/hard/libc_nano.a(libc_a-mallocr.o)
                0x200001cc                __malloc_free_list
 .bss.errno     0x200001d0        0x4 /Applications/ArmGNUToolchain/14.3.rel1/arm-none-eabi/bin/../lib/gcc/arm-none-eabi/14.3.1/../../../../arm-none-eabi/lib/thumb/v7e-m+fp/hard/libc_nano.a(libc_a-reent.o)
                0x200001d0                errno
 .bss.s_un32SysTimerVal
                0x200001d4        0x4 CMakeFiles/tmpl_userapp.dir/Example/Source/TmplUserApp/prv_user_code.c.obj
 .bss.data      0x200001d8      0x300 CMakeFiles/tmpl_userapp.dir/Example/Source/TmplUserApp/prv_user_code.c.obj
 .bss.s_un32TimerIntCount
                0x200004d8        0x4 CMakeFiles/tmpl_userapp.dir/Example/Source/TmplUserApp/user_timer1_isr.c.obj
 .bss.s_tAcb    0x200004dc       0x30 CMakeFiles/tmpl_userapp.dir/Platform/HAL/ADC/hal_adc.c.obj
 .bss.s_tNrb    0x2000050c       0x60 CMakeFiles/tmpl_userapp.dir/Platform/HAL/HPL/NMI/hpl_nmi.c.obj
 .bss.s_tIcb    0x2000056c       0xb0 CMakeFiles/tmpl_userapp.dir/Platform/HAL/I2C/hal_i2c.c.obj
 .bss.g_i2cwr_dbg
                0x2000061c       0x40 CMakeFiles/tmpl_userapp.dir/Platform/HAL/I2C/hal_i2c.c.obj
                0x2000061c                g_i2cwr_dbg
 .bss.g_i2cwr_dbg_cnt
                0x2000065c        0x4 CMakeFiles/tmpl_userapp.dir/Platform/HAL/I2C/hal_i2c.c.obj
                0x2000065c                g_i2cwr_dbg_cnt
 .bss.s_tPcb    0x20000660       0x70 CMakeFiles/tmpl_userapp.dir/Platform/HAL/PCU/hal_pcu.c.obj
 .bss.s_un32PLLClock
                0x200006d0        0x4 CMakeFiles/tmpl_userapp.dir/Platform/HAL/SCU/hal_scu_clk.c.obj
 .bss.s_tCcb    0x200006d4       0x24 CMakeFiles/tmpl_userapp.dir/Platform/HAL/SCU/hal_scu_clk.c.obj
 .bss.s_tTcb    0x200006f8       0xa0 CMakeFiles/tmpl_userapp.dir/Platform/HAL/Timer1/hal_timer1.c.obj
 .bss.un32UartBdrClock
                0x20000798        0x4 CMakeFiles/tmpl_userapp.dir/Platform/HAL/UART/hal_uart.c.obj
 .bss.s_tUcb    0x2000079c      0x23c CMakeFiles/tmpl_userapp.dir/Platform/HAL/UART/hal_uart.c.obj
 .bss.s_bInitialized
                0x200009d8        0x1 CMakeFiles/tmpl_userapp.dir/Example/Source/TmplUserApp/DebugLibrary/debug_framework.c.obj
 .bss.lis2de12_device_id
                0x200009d9        0x1 CMakeFiles/tmpl_userapp.dir/Example/Source/TmplUserApp/LISDE12TR/LIS2DE12_app.c.obj
                0x200009d9                lis2de12_device_id
 .bss.lis2de12_accel_x
                0x200009da        0x2 CMakeFiles/tmpl_userapp.dir/Example/Source/TmplUserApp/LISDE12TR/LIS2DE12_app.c.obj
                0x200009da                lis2de12_accel_x
 .bss.lis2de12_accel_y
                0x200009dc        0x2 CMakeFiles/tmpl_userapp.dir/Example/Source/TmplUserApp/LISDE12TR/LIS2DE12_app.c.obj
                0x200009dc                lis2de12_accel_y
 .bss.lis2de12_accel_z
                0x200009de        0x2 CMakeFiles/tmpl_userapp.dir/Example/Source/TmplUserApp/LISDE12TR/LIS2DE12_app.c.obj
                0x200009de                lis2de12_accel_z
 .bss.sensor_initialized
                0x200009e0        0x1 CMakeFiles/tmpl_userapp.dir/Example/Source/TmplUserApp/LISDE12TR/LIS2DE12_app.c.obj
 *fill*         0x200009e1        0x3 
 .bss.heap_end.0
                0x200009e4        0x4 /Applications/ArmGNUToolchain/14.3.rel1/arm-none-eabi/bin/../lib/gcc/arm-none-eabi/14.3.1/../../../../arm-none-eabi/lib/thumb/v7e-m+fp/hard/libnosys.a(sbrk.o)
 *(COMMON)
                0x200009e8                        . = ALIGN (0x4)
                0x200009e8                        __bss_end__ = .

.heap           0x200009e8      0x400
                0x200009e8                        . = ALIGN (0x8)
                0x200009e8                        __end__ = .
                0x200009e8                        PROVIDE (end = .)
                0x20000de8                        . = (. + __HEAP_SIZE)
 *fill*         0x200009e8      0x400 
                0x20000de8                        . = ALIGN (0x8)
                0x20000de8                        __HeapLimit = .

.stack          0x2003fc00      0x400
                0x2003fc00                        . = ALIGN (0x8)
                0x2003fc00                        __StackLimit = .
                0x20040000                        . = (. + __STACK_SIZE)
 *fill*         0x2003fc00      0x400 
                0x20040000                        . = ALIGN (0x8)
                0x20040000                        __StackTop = .
                0x20040000                        PROVIDE (__stack = __StackTop)
                0x00000001                        ASSERT ((__StackLimit >= __HeapLimit), region RAM overflowed with stack)
OUTPUT(tmpl_userapp elf32-littlearm)
LOAD linker stubs

.ARM.attributes
                0x00000000       0x30
 .ARM.attributes
                0x00000000       0x22 /Applications/ArmGNUToolchain/14.3.rel1/arm-none-eabi/bin/../lib/gcc/arm-none-eabi/14.3.1/thumb/v7e-m+fp/hard/crti.o
 .ARM.attributes
                0x00000022       0x34 /Applications/ArmGNUToolchain/14.3.rel1/arm-none-eabi/bin/../lib/gcc/arm-none-eabi/14.3.1/thumb/v7e-m+fp/hard/crtbegin.o
 .ARM.attributes
                0x00000056       0x20 /Applications/ArmGNUToolchain/14.3.rel1/arm-none-eabi/bin/../lib/gcc/arm-none-eabi/14.3.1/../../../../arm-none-eabi/lib/thumb/v7e-m+fp/hard/crt0.o
 .ARM.attributes
                0x00000076       0x34 /Applications/ArmGNUToolchain/14.3.rel1/arm-none-eabi/bin/../lib/gcc/arm-none-eabi/14.3.1/../../../../arm-none-eabi/lib/thumb/v7e-m+fp/hard/libc_nano.a(libc_a-exit.o)
 .ARM.attributes
                0x000000aa       0x34 /Applications/ArmGNUToolchain/14.3.rel1/arm-none-eabi/bin/../lib/gcc/arm-none-eabi/14.3.1/../../../../arm-none-eabi/lib/thumb/v7e-m+fp/hard/libc_nano.a(libc_a-findfp.o)
 .ARM.attributes
                0x000000de       0x34 /Applications/ArmGNUToolchain/14.3.rel1/arm-none-eabi/bin/../lib/gcc/arm-none-eabi/14.3.1/../../../../arm-none-eabi/lib/thumb/v7e-m+fp/hard/libc_nano.a(libc_a-memset.o)
 .ARM.attributes
                0x00000112       0x34 /Applications/ArmGNUToolchain/14.3.rel1/arm-none-eabi/bin/../lib/gcc/arm-none-eabi/14.3.1/../../../../arm-none-eabi/lib/thumb/v7e-m+fp/hard/libc_nano.a(libc_a-init.o)
 .ARM.attributes
                0x00000146       0x34 /Applications/ArmGNUToolchain/14.3.rel1/arm-none-eabi/bin/../lib/gcc/arm-none-eabi/14.3.1/../../../../arm-none-eabi/lib/thumb/v7e-m+fp/hard/libc_nano.a(libc_a-lock.o)
 .ARM.attributes
                0x0000017a       0x34 /Applications/ArmGNUToolchain/14.3.rel1/arm-none-eabi/bin/../lib/gcc/arm-none-eabi/14.3.1/../../../../arm-none-eabi/lib/thumb/v7e-m+fp/hard/libc_nano.a(libc_a-impure.o)
 .ARM.attributes
                0x000001ae       0x34 /Applications/ArmGNUToolchain/14.3.rel1/arm-none-eabi/bin/../lib/gcc/arm-none-eabi/14.3.1/../../../../arm-none-eabi/lib/thumb/v7e-m+fp/hard/libc_nano.a(libc_a-mallocr.o)
 .ARM.attributes
                0x000001e2       0x34 /Applications/ArmGNUToolchain/14.3.rel1/arm-none-eabi/bin/../lib/gcc/arm-none-eabi/14.3.1/../../../../arm-none-eabi/lib/thumb/v7e-m+fp/hard/libc_nano.a(libc_a-mlock.o)
 .ARM.attributes
                0x00000216       0x34 /Applications/ArmGNUToolchain/14.3.rel1/arm-none-eabi/bin/../lib/gcc/arm-none-eabi/14.3.1/../../../../arm-none-eabi/lib/thumb/v7e-m+fp/hard/libc_nano.a(libc_a-sbrkr.o)
 .ARM.attributes
                0x0000024a       0x34 /Applications/ArmGNUToolchain/14.3.rel1/arm-none-eabi/bin/../lib/gcc/arm-none-eabi/14.3.1/../../../../arm-none-eabi/lib/thumb/v7e-m+fp/hard/libc_nano.a(libc_a-reent.o)
 .ARM.attributes
                0x0000027e       0x34 /Applications/ArmGNUToolchain/14.3.rel1/arm-none-eabi/bin/../lib/gcc/arm-none-eabi/14.3.1/../../../../arm-none-eabi/lib/thumb/v7e-m+fp/hard/libc_nano.a(libc_a-freer.o)
 .ARM.attributes
                0x000002b2       0x34 CMakeFiles/tmpl_userapp.dir/Framework/CMSIS/Device/ABOV/Source/startup_a34xxxx.c.obj
 .ARM.attributes
                0x000002e6       0x34 CMakeFiles/tmpl_userapp.dir/Framework/CMSIS/Device/ABOV/Source/system_a34xxxx.c.obj
 .ARM.attributes
                0x0000031a       0x34 CMakeFiles/tmpl_userapp.dir/Example/Source/TmplUserApp/main.c.obj
 .ARM.attributes
                0x0000034e       0x34 CMakeFiles/tmpl_userapp.dir/Example/Source/TmplUserApp/prv_scu_clk.c.obj
 .ARM.attributes
                0x00000382       0x34 CMakeFiles/tmpl_userapp.dir/Example/Source/TmplUserApp/prv_user_code.c.obj
 .ARM.attributes
                0x000003b6       0x34 CMakeFiles/tmpl_userapp.dir/Example/Source/TmplUserApp/user_adc.c.obj
 .ARM.attributes
                0x000003ea       0x34 CMakeFiles/tmpl_userapp.dir/Example/Source/TmplUserApp/user_adc_isr.c.obj
 .ARM.attributes
                0x0000041e       0x34 CMakeFiles/tmpl_userapp.dir/Example/Source/TmplUserApp/user_i2c.c.obj
 .ARM.attributes
                0x00000452       0x34 CMakeFiles/tmpl_userapp.dir/Example/Source/TmplUserApp/user_i2c_isr.c.obj
 .ARM.attributes
                0x00000486       0x34 CMakeFiles/tmpl_userapp.dir/Example/Source/TmplUserApp/user_timer1.c.obj
 .ARM.attributes
                0x000004ba       0x34 CMakeFiles/tmpl_userapp.dir/Example/Source/TmplUserApp/user_timer1_isr.c.obj
 .ARM.attributes
                0x000004ee       0x34 CMakeFiles/tmpl_userapp.dir/Example/Source/TmplUserApp/user_uart.c.obj
 .ARM.attributes
                0x00000522       0x34 CMakeFiles/tmpl_userapp.dir/Example/Source/TmplUserApp/user_uart_isr.c.obj
 .ARM.attributes
                0x00000556       0x34 CMakeFiles/tmpl_userapp.dir/Platform/HAL/ADC/hal_adc.c.obj
 .ARM.attributes
                0x0000058a       0x34 CMakeFiles/tmpl_userapp.dir/Platform/HAL/HPL/NMI/hpl_nmi.c.obj
 .ARM.attributes
                0x000005be       0x34 CMakeFiles/tmpl_userapp.dir/Platform/HAL/I2C/hal_i2c.c.obj
 .ARM.attributes
                0x000005f2       0x34 CMakeFiles/tmpl_userapp.dir/Platform/HAL/PCU/hal_pcu.c.obj
 .ARM.attributes
                0x00000626       0x34 CMakeFiles/tmpl_userapp.dir/Platform/HAL/SCU/hal_scu_clk.c.obj
 .ARM.attributes
                0x0000065a       0x34 CMakeFiles/tmpl_userapp.dir/Platform/HAL/Timer1/hal_timer1.c.obj
 .ARM.attributes
                0x0000068e       0x34 CMakeFiles/tmpl_userapp.dir/Platform/HAL/UART/hal_uart.c.obj
 .ARM.attributes
                0x000006c2       0x34 CMakeFiles/tmpl_userapp.dir/Example/Source/TmplUserApp/DebugLibrary/debug_framework.c.obj
 .ARM.attributes
                0x000006f6       0x34 CMakeFiles/tmpl_userapp.dir/Example/Source/TmplUserApp/LISDE12TR/lis2de12.c.obj
 .ARM.attributes
                0x0000072a       0x34 CMakeFiles/tmpl_userapp.dir/Example/Source/TmplUserApp/LISDE12TR/LIS2DE12_app.c.obj
 .ARM.attributes
                0x0000075e       0x22 /Applications/ArmGNUToolchain/14.3.rel1/arm-none-eabi/bin/../lib/gcc/arm-none-eabi/14.3.1/thumb/v7e-m+fp/hard/libgcc.a(_aeabi_uldivmod.o)
 .ARM.attributes
                0x00000780       0x34 /Applications/ArmGNUToolchain/14.3.rel1/arm-none-eabi/bin/../lib/gcc/arm-none-eabi/14.3.1/thumb/v7e-m+fp/hard/libgcc.a(_udivmoddi4.o)
 .ARM.attributes
                0x000007b4       0x22 /Applications/ArmGNUToolchain/14.3.rel1/arm-none-eabi/bin/../lib/gcc/arm-none-eabi/14.3.1/thumb/v7e-m+fp/hard/libgcc.a(_dvmd_tls.o)
 .ARM.attributes
                0x000007d6       0x34 /Applications/ArmGNUToolchain/14.3.rel1/arm-none-eabi/bin/../lib/gcc/arm-none-eabi/14.3.1/../../../../arm-none-eabi/lib/thumb/v7e-m+fp/hard/libg_nano.a(libc_a-vsnprintf.o)
 .ARM.attributes
                0x0000080a       0x34 /Applications/ArmGNUToolchain/14.3.rel1/arm-none-eabi/bin/../lib/gcc/arm-none-eabi/14.3.1/../../../../arm-none-eabi/lib/thumb/v7e-m+fp/hard/libg_nano.a(libc_a-nano-svfprintf.o)
 .ARM.attributes
                0x0000083e       0x34 /Applications/ArmGNUToolchain/14.3.rel1/arm-none-eabi/bin/../lib/gcc/arm-none-eabi/14.3.1/../../../../arm-none-eabi/lib/thumb/v7e-m+fp/hard/libg_nano.a(libc_a-nano-vfprintf_i.o)
 .ARM.attributes
                0x00000872       0x34 /Applications/ArmGNUToolchain/14.3.rel1/arm-none-eabi/bin/../lib/gcc/arm-none-eabi/14.3.1/../../../../arm-none-eabi/lib/thumb/v7e-m+fp/hard/libg_nano.a(libc_a-reallocr.o)
 .ARM.attributes
                0x000008a6       0x34 /Applications/ArmGNUToolchain/14.3.rel1/arm-none-eabi/bin/../lib/gcc/arm-none-eabi/14.3.1/../../../../arm-none-eabi/lib/thumb/v7e-m+fp/hard/libg_nano.a(libc_a-memmove.o)
 .ARM.attributes
                0x000008da       0x1c /Applications/ArmGNUToolchain/14.3.rel1/arm-none-eabi/bin/../lib/gcc/arm-none-eabi/14.3.1/../../../../arm-none-eabi/lib/thumb/v7e-m+fp/hard/libg_nano.a(libc_a-memchr.o)
 .ARM.attributes
                0x000008f6       0x34 /Applications/ArmGNUToolchain/14.3.rel1/arm-none-eabi/bin/../lib/gcc/arm-none-eabi/14.3.1/../../../../arm-none-eabi/lib/thumb/v7e-m+fp/hard/libg_nano.a(libc_a-memcpy-stub.o)
 .ARM.attributes
                0x0000092a       0x34 /Applications/ArmGNUToolchain/14.3.rel1/arm-none-eabi/bin/../lib/gcc/arm-none-eabi/14.3.1/../../../../arm-none-eabi/lib/thumb/v7e-m+fp/hard/libg_nano.a(libc_a-msizer.o)
 .ARM.attributes
                0x0000095e       0x34 /Applications/ArmGNUToolchain/14.3.rel1/arm-none-eabi/bin/../lib/gcc/arm-none-eabi/14.3.1/../../../../arm-none-eabi/lib/thumb/v7e-m+fp/hard/libnosys.a(sbrk.o)
 .ARM.attributes
                0x00000992       0x34 /Applications/ArmGNUToolchain/14.3.rel1/arm-none-eabi/bin/../lib/gcc/arm-none-eabi/14.3.1/../../../../arm-none-eabi/lib/thumb/v7e-m+fp/hard/libnosys.a(_exit.o)
 .ARM.attributes
                0x000009c6       0x34 /Applications/ArmGNUToolchain/14.3.rel1/arm-none-eabi/bin/../lib/gcc/arm-none-eabi/14.3.1/thumb/v7e-m+fp/hard/crtend.o
 .ARM.attributes
                0x000009fa       0x22 /Applications/ArmGNUToolchain/14.3.rel1/arm-none-eabi/bin/../lib/gcc/arm-none-eabi/14.3.1/thumb/v7e-m+fp/hard/crtn.o

.comment        0x00000000       0x46
 .comment       0x00000000       0x46 CMakeFiles/tmpl_userapp.dir/Framework/CMSIS/Device/ABOV/Source/startup_a34xxxx.c.obj
                                 0x47 (size before relaxing)
 .comment       0x00000046       0x47 CMakeFiles/tmpl_userapp.dir/Framework/CMSIS/Device/ABOV/Source/system_a34xxxx.c.obj
 .comment       0x00000046       0x47 CMakeFiles/tmpl_userapp.dir/Example/Source/TmplUserApp/main.c.obj
 .comment       0x00000046       0x47 CMakeFiles/tmpl_userapp.dir/Example/Source/TmplUserApp/prv_scu_clk.c.obj
 .comment       0x00000046       0x47 CMakeFiles/tmpl_userapp.dir/Example/Source/TmplUserApp/prv_user_code.c.obj
 .comment       0x00000046       0x47 CMakeFiles/tmpl_userapp.dir/Example/Source/TmplUserApp/user_adc.c.obj
 .comment       0x00000046       0x47 CMakeFiles/tmpl_userapp.dir/Example/Source/TmplUserApp/user_adc_isr.c.obj
 .comment       0x00000046       0x47 CMakeFiles/tmpl_userapp.dir/Example/Source/TmplUserApp/user_i2c.c.obj
 .comment       0x00000046       0x47 CMakeFiles/tmpl_userapp.dir/Example/Source/TmplUserApp/user_i2c_isr.c.obj
 .comment       0x00000046       0x47 CMakeFiles/tmpl_userapp.dir/Example/Source/TmplUserApp/user_timer1.c.obj
 .comment       0x00000046       0x47 CMakeFiles/tmpl_userapp.dir/Example/Source/TmplUserApp/user_timer1_isr.c.obj
 .comment       0x00000046       0x47 CMakeFiles/tmpl_userapp.dir/Example/Source/TmplUserApp/user_uart.c.obj
 .comment       0x00000046       0x47 CMakeFiles/tmpl_userapp.dir/Example/Source/TmplUserApp/user_uart_isr.c.obj
 .comment       0x00000046       0x47 CMakeFiles/tmpl_userapp.dir/Platform/HAL/ADC/hal_adc.c.obj
 .comment       0x00000046       0x47 CMakeFiles/tmpl_userapp.dir/Platform/HAL/HPL/NMI/hpl_nmi.c.obj
 .comment       0x00000046       0x47 CMakeFiles/tmpl_userapp.dir/Platform/HAL/I2C/hal_i2c.c.obj
 .comment       0x00000046       0x47 CMakeFiles/tmpl_userapp.dir/Platform/HAL/PCU/hal_pcu.c.obj
 .comment       0x00000046       0x47 CMakeFiles/tmpl_userapp.dir/Platform/HAL/SCU/hal_scu_clk.c.obj
 .comment       0x00000046       0x47 CMakeFiles/tmpl_userapp.dir/Platform/HAL/Timer1/hal_timer1.c.obj
 .comment       0x00000046       0x47 CMakeFiles/tmpl_userapp.dir/Platform/HAL/UART/hal_uart.c.obj
 .comment       0x00000046       0x47 CMakeFiles/tmpl_userapp.dir/Example/Source/TmplUserApp/DebugLibrary/debug_framework.c.obj
 .comment       0x00000046       0x47 CMakeFiles/tmpl_userapp.dir/Example/Source/TmplUserApp/LISDE12TR/lis2de12.c.obj
 .comment       0x00000046       0x47 CMakeFiles/tmpl_userapp.dir/Example/Source/TmplUserApp/LISDE12TR/LIS2DE12_app.c.obj

.debug_line_str
                0x00000000      0x2a7
 .debug_line_str
                0x00000000      0x2a7 /Applications/ArmGNUToolchain/14.3.rel1/arm-none-eabi/bin/../lib/gcc/arm-none-eabi/14.3.1/../../../../arm-none-eabi/lib/thumb/v7e-m+fp/hard/crt0.o
                                 0xdf (size before relaxing)
 .debug_line_str
                0x000002a7       0xd2 /Applications/ArmGNUToolchain/14.3.rel1/arm-none-eabi/bin/../lib/gcc/arm-none-eabi/14.3.1/thumb/v7e-m+fp/hard/libgcc.a(_aeabi_uldivmod.o)
 .debug_line_str
                0x000002a7       0xd6 /Applications/ArmGNUToolchain/14.3.rel1/arm-none-eabi/bin/../lib/gcc/arm-none-eabi/14.3.1/thumb/v7e-m+fp/hard/libgcc.a(_dvmd_tls.o)
 .debug_line_str
                0x000002a7       0xea /Applications/ArmGNUToolchain/14.3.rel1/arm-none-eabi/bin/../lib/gcc/arm-none-eabi/14.3.1/../../../../arm-none-eabi/lib/thumb/v7e-m+fp/hard/libg_nano.a(libc_a-memchr.o)

.debug_frame    0x00000000     0x42b0
 .debug_frame   0x00000000       0x28 /Applications/ArmGNUToolchain/14.3.rel1/arm-none-eabi/bin/../lib/gcc/arm-none-eabi/14.3.1/../../../../arm-none-eabi/lib/thumb/v7e-m+fp/hard/libc_nano.a(libc_a-exit.o)
 .debug_frame   0x00000028      0x144 /Applications/ArmGNUToolchain/14.3.rel1/arm-none-eabi/bin/../lib/gcc/arm-none-eabi/14.3.1/../../../../arm-none-eabi/lib/thumb/v7e-m+fp/hard/libc_nano.a(libc_a-findfp.o)
 .debug_frame   0x0000016c       0x20 /Applications/ArmGNUToolchain/14.3.rel1/arm-none-eabi/bin/../lib/gcc/arm-none-eabi/14.3.1/../../../../arm-none-eabi/lib/thumb/v7e-m+fp/hard/libc_nano.a(libc_a-memset.o)
 .debug_frame   0x0000018c       0x2c /Applications/ArmGNUToolchain/14.3.rel1/arm-none-eabi/bin/../lib/gcc/arm-none-eabi/14.3.1/../../../../arm-none-eabi/lib/thumb/v7e-m+fp/hard/libc_nano.a(libc_a-init.o)
 .debug_frame   0x000001b8       0xb0 /Applications/ArmGNUToolchain/14.3.rel1/arm-none-eabi/bin/../lib/gcc/arm-none-eabi/14.3.1/../../../../arm-none-eabi/lib/thumb/v7e-m+fp/hard/libc_nano.a(libc_a-lock.o)
 .debug_frame   0x00000268       0x50 /Applications/ArmGNUToolchain/14.3.rel1/arm-none-eabi/bin/../lib/gcc/arm-none-eabi/14.3.1/../../../../arm-none-eabi/lib/thumb/v7e-m+fp/hard/libc_nano.a(libc_a-mallocr.o)
 .debug_frame   0x000002b8       0x30 /Applications/ArmGNUToolchain/14.3.rel1/arm-none-eabi/bin/../lib/gcc/arm-none-eabi/14.3.1/../../../../arm-none-eabi/lib/thumb/v7e-m+fp/hard/libc_nano.a(libc_a-mlock.o)
 .debug_frame   0x000002e8       0x2c /Applications/ArmGNUToolchain/14.3.rel1/arm-none-eabi/bin/../lib/gcc/arm-none-eabi/14.3.1/../../../../arm-none-eabi/lib/thumb/v7e-m+fp/hard/libc_nano.a(libc_a-sbrkr.o)
 .debug_frame   0x00000314       0x38 /Applications/ArmGNUToolchain/14.3.rel1/arm-none-eabi/bin/../lib/gcc/arm-none-eabi/14.3.1/../../../../arm-none-eabi/lib/thumb/v7e-m+fp/hard/libc_nano.a(libc_a-reent.o)
 .debug_frame   0x0000034c       0x38 /Applications/ArmGNUToolchain/14.3.rel1/arm-none-eabi/bin/../lib/gcc/arm-none-eabi/14.3.1/../../../../arm-none-eabi/lib/thumb/v7e-m+fp/hard/libc_nano.a(libc_a-freer.o)
 .debug_frame   0x00000384       0x60 CMakeFiles/tmpl_userapp.dir/Framework/CMSIS/Device/ABOV/Source/startup_a34xxxx.c.obj
 .debug_frame   0x000003e4       0x9c CMakeFiles/tmpl_userapp.dir/Framework/CMSIS/Device/ABOV/Source/system_a34xxxx.c.obj
 .debug_frame   0x00000480       0x4c CMakeFiles/tmpl_userapp.dir/Example/Source/TmplUserApp/main.c.obj
 .debug_frame   0x000004cc       0x34 CMakeFiles/tmpl_userapp.dir/Example/Source/TmplUserApp/prv_scu_clk.c.obj
 .debug_frame   0x00000500       0xc4 CMakeFiles/tmpl_userapp.dir/Example/Source/TmplUserApp/prv_user_code.c.obj
 .debug_frame   0x000005c4       0x7c CMakeFiles/tmpl_userapp.dir/Example/Source/TmplUserApp/user_adc.c.obj
 .debug_frame   0x00000640       0x88 CMakeFiles/tmpl_userapp.dir/Example/Source/TmplUserApp/user_adc_isr.c.obj
 .debug_frame   0x000006c8       0x74 CMakeFiles/tmpl_userapp.dir/Example/Source/TmplUserApp/user_i2c.c.obj
 .debug_frame   0x0000073c       0xb0 CMakeFiles/tmpl_userapp.dir/Example/Source/TmplUserApp/user_i2c_isr.c.obj
 .debug_frame   0x000007ec       0x54 CMakeFiles/tmpl_userapp.dir/Example/Source/TmplUserApp/user_timer1.c.obj
 .debug_frame   0x00000840      0x19c CMakeFiles/tmpl_userapp.dir/Example/Source/TmplUserApp/user_timer1_isr.c.obj
 .debug_frame   0x000009dc       0x54 CMakeFiles/tmpl_userapp.dir/Example/Source/TmplUserApp/user_uart.c.obj
 .debug_frame   0x00000a30      0x218 CMakeFiles/tmpl_userapp.dir/Example/Source/TmplUserApp/user_uart_isr.c.obj
 .debug_frame   0x00000c48      0x480 CMakeFiles/tmpl_userapp.dir/Platform/HAL/ADC/hal_adc.c.obj
 .debug_frame   0x000010c8      0x110 CMakeFiles/tmpl_userapp.dir/Platform/HAL/HPL/NMI/hpl_nmi.c.obj
 .debug_frame   0x000011d8      0x4f8 CMakeFiles/tmpl_userapp.dir/Platform/HAL/I2C/hal_i2c.c.obj
 .debug_frame   0x000016d0      0x5f4 CMakeFiles/tmpl_userapp.dir/Platform/HAL/PCU/hal_pcu.c.obj
 .debug_frame   0x00001cc4      0x460 CMakeFiles/tmpl_userapp.dir/Platform/HAL/SCU/hal_scu_clk.c.obj
 .debug_frame   0x00002124      0x60c CMakeFiles/tmpl_userapp.dir/Platform/HAL/Timer1/hal_timer1.c.obj
 .debug_frame   0x00002730      0x504 CMakeFiles/tmpl_userapp.dir/Platform/HAL/UART/hal_uart.c.obj
 .debug_frame   0x00002c34      0x27c CMakeFiles/tmpl_userapp.dir/Example/Source/TmplUserApp/DebugLibrary/debug_framework.c.obj
 .debug_frame   0x00002eb0     0x1040 CMakeFiles/tmpl_userapp.dir/Example/Source/TmplUserApp/LISDE12TR/lis2de12.c.obj
 .debug_frame   0x00003ef0       0xec CMakeFiles/tmpl_userapp.dir/Example/Source/TmplUserApp/LISDE12TR/LIS2DE12_app.c.obj
 .debug_frame   0x00003fdc       0x2c /Applications/ArmGNUToolchain/14.3.rel1/arm-none-eabi/bin/../lib/gcc/arm-none-eabi/14.3.1/thumb/v7e-m+fp/hard/libgcc.a(_aeabi_uldivmod.o)
 .debug_frame   0x00004008       0x34 /Applications/ArmGNUToolchain/14.3.rel1/arm-none-eabi/bin/../lib/gcc/arm-none-eabi/14.3.1/thumb/v7e-m+fp/hard/libgcc.a(_udivmoddi4.o)
 .debug_frame   0x0000403c       0x4c /Applications/ArmGNUToolchain/14.3.rel1/arm-none-eabi/bin/../lib/gcc/arm-none-eabi/14.3.1/../../../../arm-none-eabi/lib/thumb/v7e-m+fp/hard/libg_nano.a(libc_a-vsnprintf.o)
 .debug_frame   0x00004088       0x90 /Applications/ArmGNUToolchain/14.3.rel1/arm-none-eabi/bin/../lib/gcc/arm-none-eabi/14.3.1/../../../../arm-none-eabi/lib/thumb/v7e-m+fp/hard/libg_nano.a(libc_a-nano-svfprintf.o)
 .debug_frame   0x00004118       0x60 /Applications/ArmGNUToolchain/14.3.rel1/arm-none-eabi/bin/../lib/gcc/arm-none-eabi/14.3.1/../../../../arm-none-eabi/lib/thumb/v7e-m+fp/hard/libg_nano.a(libc_a-nano-vfprintf_i.o)
 .debug_frame   0x00004178       0x3c /Applications/ArmGNUToolchain/14.3.rel1/arm-none-eabi/bin/../lib/gcc/arm-none-eabi/14.3.1/../../../../arm-none-eabi/lib/thumb/v7e-m+fp/hard/libg_nano.a(libc_a-reallocr.o)
 .debug_frame   0x000041b4       0x28 /Applications/ArmGNUToolchain/14.3.rel1/arm-none-eabi/bin/../lib/gcc/arm-none-eabi/14.3.1/../../../../arm-none-eabi/lib/thumb/v7e-m+fp/hard/libg_nano.a(libc_a-memmove.o)
 .debug_frame   0x000041dc       0x4c /Applications/ArmGNUToolchain/14.3.rel1/arm-none-eabi/bin/../lib/gcc/arm-none-eabi/14.3.1/../../../../arm-none-eabi/lib/thumb/v7e-m+fp/hard/libg_nano.a(libc_a-memchr.o)
 .debug_frame   0x00004228       0x28 /Applications/ArmGNUToolchain/14.3.rel1/arm-none-eabi/bin/../lib/gcc/arm-none-eabi/14.3.1/../../../../arm-none-eabi/lib/thumb/v7e-m+fp/hard/libg_nano.a(libc_a-memcpy-stub.o)
 .debug_frame   0x00004250       0x20 /Applications/ArmGNUToolchain/14.3.rel1/arm-none-eabi/bin/../lib/gcc/arm-none-eabi/14.3.1/../../../../arm-none-eabi/lib/thumb/v7e-m+fp/hard/libg_nano.a(libc_a-msizer.o)
 .debug_frame   0x00004270       0x20 /Applications/ArmGNUToolchain/14.3.rel1/arm-none-eabi/bin/../lib/gcc/arm-none-eabi/14.3.1/../../../../arm-none-eabi/lib/thumb/v7e-m+fp/hard/libnosys.a(sbrk.o)
 .debug_frame   0x00004290       0x20 /Applications/ArmGNUToolchain/14.3.rel1/arm-none-eabi/bin/../lib/gcc/arm-none-eabi/14.3.1/../../../../arm-none-eabi/lib/thumb/v7e-m+fp/hard/libnosys.a(_exit.o)

.debug_info     0x00000000    0x123ee
 .debug_info    0x00000000      0x29b CMakeFiles/tmpl_userapp.dir/Framework/CMSIS/Device/ABOV/Source/startup_a34xxxx.c.obj
 .debug_info    0x0000029b      0x72e CMakeFiles/tmpl_userapp.dir/Framework/CMSIS/Device/ABOV/Source/system_a34xxxx.c.obj
 .debug_info    0x000009c9      0x988 CMakeFiles/tmpl_userapp.dir/Example/Source/TmplUserApp/main.c.obj
 .debug_info    0x00001351      0x406 CMakeFiles/tmpl_userapp.dir/Example/Source/TmplUserApp/prv_scu_clk.c.obj
 .debug_info    0x00001757      0x952 CMakeFiles/tmpl_userapp.dir/Example/Source/TmplUserApp/prv_user_code.c.obj
 .debug_info    0x000020a9      0x50f CMakeFiles/tmpl_userapp.dir/Example/Source/TmplUserApp/user_adc.c.obj
 .debug_info    0x000025b8      0x131 CMakeFiles/tmpl_userapp.dir/Example/Source/TmplUserApp/user_adc_isr.c.obj
 .debug_info    0x000026e9      0x3ef CMakeFiles/tmpl_userapp.dir/Example/Source/TmplUserApp/user_i2c.c.obj
 .debug_info    0x00002ad8      0x195 CMakeFiles/tmpl_userapp.dir/Example/Source/TmplUserApp/user_i2c_isr.c.obj
 .debug_info    0x00002c6d      0x5f7 CMakeFiles/tmpl_userapp.dir/Example/Source/TmplUserApp/user_timer1.c.obj
 .debug_info    0x00003264      0x300 CMakeFiles/tmpl_userapp.dir/Example/Source/TmplUserApp/user_timer1_isr.c.obj
 .debug_info    0x00003564      0x457 CMakeFiles/tmpl_userapp.dir/Example/Source/TmplUserApp/user_uart.c.obj
 .debug_info    0x000039bb      0x354 CMakeFiles/tmpl_userapp.dir/Example/Source/TmplUserApp/user_uart_isr.c.obj
 .debug_info    0x00003d0f     0x1b34 CMakeFiles/tmpl_userapp.dir/Platform/HAL/ADC/hal_adc.c.obj
 .debug_info    0x00005843      0x9db CMakeFiles/tmpl_userapp.dir/Platform/HAL/HPL/NMI/hpl_nmi.c.obj
 .debug_info    0x0000621e     0x1895 CMakeFiles/tmpl_userapp.dir/Platform/HAL/I2C/hal_i2c.c.obj
 .debug_info    0x00007ab3     0x1d55 CMakeFiles/tmpl_userapp.dir/Platform/HAL/PCU/hal_pcu.c.obj
 .debug_info    0x00009808     0x1a76 CMakeFiles/tmpl_userapp.dir/Platform/HAL/SCU/hal_scu_clk.c.obj
 .debug_info    0x0000b27e     0x1c1f CMakeFiles/tmpl_userapp.dir/Platform/HAL/Timer1/hal_timer1.c.obj
 .debug_info    0x0000ce9d     0x1838 CMakeFiles/tmpl_userapp.dir/Platform/HAL/UART/hal_uart.c.obj
 .debug_info    0x0000e6d5      0x9dd CMakeFiles/tmpl_userapp.dir/Example/Source/TmplUserApp/DebugLibrary/debug_framework.c.obj
 .debug_info    0x0000f0b2     0x2d87 CMakeFiles/tmpl_userapp.dir/Example/Source/TmplUserApp/LISDE12TR/lis2de12.c.obj
 .debug_info    0x00011e39      0x5b5 CMakeFiles/tmpl_userapp.dir/Example/Source/TmplUserApp/LISDE12TR/LIS2DE12_app.c.obj

.debug_abbrev   0x00000000     0x2c4b
 .debug_abbrev  0x00000000      0x19b CMakeFiles/tmpl_userapp.dir/Framework/CMSIS/Device/ABOV/Source/startup_a34xxxx.c.obj
 .debug_abbrev  0x0000019b      0x191 CMakeFiles/tmpl_userapp.dir/Framework/CMSIS/Device/ABOV/Source/system_a34xxxx.c.obj
 .debug_abbrev  0x0000032c      0x10c CMakeFiles/tmpl_userapp.dir/Example/Source/TmplUserApp/main.c.obj
 .debug_abbrev  0x00000438       0xf3 CMakeFiles/tmpl_userapp.dir/Example/Source/TmplUserApp/prv_scu_clk.c.obj
 .debug_abbrev  0x0000052b      0x24a CMakeFiles/tmpl_userapp.dir/Example/Source/TmplUserApp/prv_user_code.c.obj
 .debug_abbrev  0x00000775      0x162 CMakeFiles/tmpl_userapp.dir/Example/Source/TmplUserApp/user_adc.c.obj
 .debug_abbrev  0x000008d7       0x8a CMakeFiles/tmpl_userapp.dir/Example/Source/TmplUserApp/user_adc_isr.c.obj
 .debug_abbrev  0x00000961      0x152 CMakeFiles/tmpl_userapp.dir/Example/Source/TmplUserApp/user_i2c.c.obj
 .debug_abbrev  0x00000ab3       0xa6 CMakeFiles/tmpl_userapp.dir/Example/Source/TmplUserApp/user_i2c_isr.c.obj
 .debug_abbrev  0x00000b59      0x187 CMakeFiles/tmpl_userapp.dir/Example/Source/TmplUserApp/user_timer1.c.obj
 .debug_abbrev  0x00000ce0      0x117 CMakeFiles/tmpl_userapp.dir/Example/Source/TmplUserApp/user_timer1_isr.c.obj
 .debug_abbrev  0x00000df7      0x116 CMakeFiles/tmpl_userapp.dir/Example/Source/TmplUserApp/user_uart.c.obj
 .debug_abbrev  0x00000f0d       0xa6 CMakeFiles/tmpl_userapp.dir/Example/Source/TmplUserApp/user_uart_isr.c.obj
 .debug_abbrev  0x00000fb3      0x339 CMakeFiles/tmpl_userapp.dir/Platform/HAL/ADC/hal_adc.c.obj
 .debug_abbrev  0x000012ec      0x1c5 CMakeFiles/tmpl_userapp.dir/Platform/HAL/HPL/NMI/hpl_nmi.c.obj
 .debug_abbrev  0x000014b1      0x36c CMakeFiles/tmpl_userapp.dir/Platform/HAL/I2C/hal_i2c.c.obj
 .debug_abbrev  0x0000181d      0x317 CMakeFiles/tmpl_userapp.dir/Platform/HAL/PCU/hal_pcu.c.obj
 .debug_abbrev  0x00001b34      0x32d CMakeFiles/tmpl_userapp.dir/Platform/HAL/SCU/hal_scu_clk.c.obj
 .debug_abbrev  0x00001e61      0x33c CMakeFiles/tmpl_userapp.dir/Platform/HAL/Timer1/hal_timer1.c.obj
 .debug_abbrev  0x0000219d      0x368 CMakeFiles/tmpl_userapp.dir/Platform/HAL/UART/hal_uart.c.obj