../Core/Src/main.c:92:1:__io_putchar	16	static
../Core/Src/main.c:108:5:main	8	static
../Core/Src/main.c:171:6:SystemClock_Config	128	static
../Core/Src/main.c:228:13:MX_ADF1_Init	8	static
../Core/Src/main.c:296:13:MX_GPDMA1_Init	16	static
../Core/Src/main.c:338:13:MX_ICACHE_Init	8	static
../Core/Src/main.c:370:13:MX_TIM1_Init	40	static
../Core/Src/main.c:417:13:MX_USART1_UART_Init	8	static
../Core/Src/main.c:465:13:MX_USART2_UART_Init	8	static
../Core/Src/main.c:513:13:MX_GPIO_Init	40	static
../Core/Src/main.c:587:6:Error_Handler	4	static,ignoring_inline_asm
