../Core/Src/myESP32AT.c:62:18:MQTT_Init	40	static
../Core/Src/myESP32AT.c:488:20:Wifi_Reset2	24	static
../Core/Src/myESP32AT.c:525:20:Wifi_SetWifiMode2	40	static
../Core/Src/myESP32AT.c:560:20:Wifi_StartSmartConfig2	24	static
../Core/Src/myESP32AT.c:594:19:Wifi_Receive	32	static
../Core/Src/myESP32AT.c:616:21:Wifi_CheckResponse	24	static
../Core/Src/myESP32AT.c:639:6:parse_wifi_info	40	static
../Core/Src/myESP32AT.c:651:20:Wifi_StopSmartConfig2	24	static
../Core/Src/myESP32AT.c:683:20:Wifi_QAP2	24	static
../Core/Src/myESP32AT.c:716:20:Wifi_SetAP2	88	static
../Core/Src/myESP32AT.c:752:20:Wifi_SetTime2	72	static
../Core/Src/myESP32AT.c:787:20:Wifi_MqttUserConfig2	112	static
../Core/Src/myESP32AT.c:823:20:Wifi_MqttConnConfig2	112	static
../Core/Src/myESP32AT.c:858:20:Wifi_MqttConn2	128	static
../Core/Src/myESP32AT.c:892:20:Wifi_GetMqttConn2	32	static
../Core/Src/myESP32AT.c:924:19:Wifi_SendCommand	24	static
../Core/Src/myESP32AT.c:934:21:UART_CheckResponse	16	static
../Core/Src/myESP32AT.c:955:20:Wifi_MqttSub2	128	static
../Core/Src/myESP32AT.c:991:6:Wifi_MqttPubInit	184	static
../Core/Src/myESP32AT.c:1029:20:Wifi_MqttPub2	240	static
../Core/Src/myESP32AT.c:1070:19:Wifi_SendCommand2	24	static
../Core/Src/myESP32AT.c:1079:20:Wifi_MqttPubRaw2	240	static
../Core/Src/myESP32AT.c:1206:6:UART_MqttCallbackPacketCapture	24	static
../Core/Src/myESP32AT.c:1278:20:Wifi_MqttSubInit	32	static
../Core/Src/myESP32AT.c:1309:6:UART_MqttPacketParser	24	static
../Core/Src/myESP32AT.c:1326:6:UART_MqttSubRecvParser	32	static
../Core/Src/myESP32AT.c:1447:6:charToInt	32	static
../Core/Src/myESP32AT.c:1480:6:getUniqueID3	40	static
../Core/Src/myESP32AT.c:1518:20:Wifi_GetMAC	24	static
../Core/Src/myESP32AT.c:1550:6:Wifi_WaitMqttData	8	static
../Core/Src/myESP32AT.c:1555:6:LED_MqttTXBlink	8	static
../Core/Src/myESP32AT.c:1561:6:LED_MqttRXBlink	8	static
../Core/Src/myESP32AT.c:1567:6:LED_Mqttconnected	16	static
