<html>
<body>
<pre>
<h1>µVision Build Log</h1>
<h2>Tool Versions:</h2>
IDE-Version: µVision V5.43.1.0
Copyright (C) 2025 ARM Ltd and ARM Germany GmbH. All rights reserved.
License Information: Sinan Cengiz
empa
User-based license: Keil MDK Community (non-commercial free of charge)
Valid until: Jun 1 2033. Cached until: May 4 2026
 
Tool Versions:
Toolchain:       Keil MDK Community (non-commercial free of charge  Version: 5.43.0.0
Toolchain Path:  C:\Users\sinan\AppData\Local\Keil_v5\ARM\ARMCLANG\Bin
C Compiler:      ArmClang.exe V6.24
Assembler:       Armasm.exe V6.24
Linker/Locator:  ArmLink.exe V6.24
Library Manager: ArmAr.exe V6.24
Hex Converter:   FromElf.exe V6.24
CPU DLL:         SARMCM3.DLL V5.43.0.0
Dialog DLL:      DCM.DLL V1.17.5.0
Target DLL:      CMSIS_AGDI.dll V1.33.24.0
Dialog DLL:      TCM.DLL V1.56.6.0
 
<h2>Project:</h2>
C:\Users\sinan\Desktop\workshop_mqtt_v2\AUDK32_A34xxxx-1.0.11\Example\Build\ARM\TmplUserApp\tmpl_userapp.uvprojx
Project File Date:  04/27/2026

<h2>Output:</h2>
*** Using Compiler 'V6.24', folder: 'C:\Users\sinan\AppData\Local\Keil_v5\ARM\ARMCLANG\Bin'
Build target 'A34G43x'
compiling prv_user_code.c...
linking...
Program Size: Code=15396 RO-data=1120 RW-data=20 ZI-data=3344  
".\Objects\tmpl_userapp.axf" - 0 Error(s), 0 Warning(s).

<h2>Software Packages used:</h2>

<h2>Collection of Component include folders:</h2>

<h2>Collection of Component Files used:</h2>
Build Time Elapsed:  00:00:00
</pre>
</body>
</html>
