<!doctype html public "-//w3c//dtd html 4.0 transitional//en">
<html><head>
<title>Static Call Graph - [.\Objects\tmpl_userapp.axf]</title></head>
<body><HR>
<H1>Static Call Graph for image .\Objects\tmpl_userapp.axf</H1><HR>
<BR><P>#&#060CALLGRAPH&#062# ARM Linker, 6240002: Last Updated: Mon Apr 27 11:40:45 2026
<BR><P>
<H3>Maximum Stack Usage =        288 bytes + Unknown(Cycles, Untraceable Function Pointers)</H3><H3>
Call chain for Maximum Stack Depth:</H3>
main &rArr; PRV_USER_Code &rArr; LIS2DE12_ReadAcceleration &rArr; DebugFramework_Printf &rArr; vsnprintf
<P>
<H3>
Mutually Recursive functions
</H3> <LI><a href="#[4]">BusFault_Handler</a>&nbsp;&nbsp;&nbsp;&rArr;&nbsp;&nbsp;&nbsp;<a href="#[4]">BusFault_Handler</a><BR>
 <LI><a href="#[2]">HardFault_Handler</a>&nbsp;&nbsp;&nbsp;&rArr;&nbsp;&nbsp;&nbsp;<a href="#[2]">HardFault_Handler</a><BR>
</UL>
<P>
<H3>
Function Pointers
</H3><UL>
 <LI><a href="#[8d]">ADC_IRQHandler_ADC_ID_0</a> from user_adc_isr.o(.text.ADC_IRQHandler_ADC_ID_0) referenced 2 times from user_adc.o(.text.PRV_ADC_Init)
 <LI><a href="#[8c]">ADC_IRQHandler_ADC_ID_2</a> from user_adc_isr.o(.text.ADC_IRQHandler_ADC_ID_2) referenced 2 times from user_adc.o(.text.PRV_ADC_Init)
 <LI><a href="#[4]">BusFault_Handler</a> from startup_a34xxxx.o(.text.Default_Handler) referenced from startup_a34xxxx.o(RESET)
 <LI><a href="#[7]">DebugMon_Handler</a> from startup_a34xxxx.o(.text.Default_Handler) referenced from startup_a34xxxx.o(RESET)
 <LI><a href="#[2]">HardFault_Handler</a> from startup_a34xxxx.o(.text.HardFault_Handler) referenced from startup_a34xxxx.o(RESET)
 <LI><a href="#[8e]">I2C_IRQHandler_I2C_ID_0</a> from user_i2c_isr.o(.text.I2C_IRQHandler_I2C_ID_0) referenced 2 times from user_i2c.o(.text.PRV_I2C_Init)
 <LI><a href="#[8f]">I2C_IRQHandler_I2C_ID_2</a> from user_i2c_isr.o(.text.I2C_IRQHandler_I2C_ID_2) referenced 2 times from user_i2c.o(.text.PRV_I2C_Init)
 <LI><a href="#[a]">Interrupt0_Handler</a> from startup_a34xxxx.o(.text.Default_Handler) referenced from startup_a34xxxx.o(RESET)
 <LI><a href="#[6e]">Interrupt100_Handler</a> from hal_i2c.o(.text.Interrupt100_Handler) referenced from startup_a34xxxx.o(RESET)
 <LI><a href="#[6f]">Interrupt101_Handler</a> from startup_a34xxxx.o(.text.Default_Handler) referenced from startup_a34xxxx.o(RESET)
 <LI><a href="#[70]">Interrupt102_Handler</a> from startup_a34xxxx.o(.text.Default_Handler) referenced from startup_a34xxxx.o(RESET)
 <LI><a href="#[71]">Interrupt103_Handler</a> from startup_a34xxxx.o(.text.Default_Handler) referenced from startup_a34xxxx.o(RESET)
 <LI><a href="#[72]">Interrupt104_Handler</a> from startup_a34xxxx.o(.text.Default_Handler) referenced from startup_a34xxxx.o(RESET)
 <LI><a href="#[73]">Interrupt105_Handler</a> from startup_a34xxxx.o(.text.Default_Handler) referenced from startup_a34xxxx.o(RESET)
 <LI><a href="#[74]">Interrupt106_Handler</a> from startup_a34xxxx.o(.text.Default_Handler) referenced from startup_a34xxxx.o(RESET)
 <LI><a href="#[75]">Interrupt107_Handler</a> from startup_a34xxxx.o(.text.Default_Handler) referenced from startup_a34xxxx.o(RESET)
 <LI><a href="#[76]">Interrupt108_Handler</a> from hal_uart.o(.text.Interrupt108_Handler) referenced from startup_a34xxxx.o(RESET)
 <LI><a href="#[77]">Interrupt109_Handler</a> from hal_uart.o(.text.Interrupt109_Handler) referenced from startup_a34xxxx.o(RESET)
 <LI><a href="#[14]">Interrupt10_Handler</a> from startup_a34xxxx.o(.text.Default_Handler) referenced from startup_a34xxxx.o(RESET)
 <LI><a href="#[78]">Interrupt110_Handler</a> from hal_uart.o(.text.Interrupt110_Handler) referenced from startup_a34xxxx.o(RESET)
 <LI><a href="#[79]">Interrupt111_Handler</a> from hal_uart.o(.text.Interrupt111_Handler) referenced from startup_a34xxxx.o(RESET)
 <LI><a href="#[7a]">Interrupt112_Handler</a> from hal_uart.o(.text.Interrupt112_Handler) referenced from startup_a34xxxx.o(RESET)
 <LI><a href="#[7b]">Interrupt113_Handler</a> from hal_uart.o(.text.Interrupt113_Handler) referenced from startup_a34xxxx.o(RESET)
 <LI><a href="#[7c]">Interrupt114_Handler</a> from hal_uart.o(.text.Interrupt114_Handler) referenced from startup_a34xxxx.o(RESET)
 <LI><a href="#[7d]">Interrupt115_Handler</a> from startup_a34xxxx.o(.text.Default_Handler) referenced from startup_a34xxxx.o(RESET)
 <LI><a href="#[7e]">Interrupt116_Handler</a> from startup_a34xxxx.o(.text.Default_Handler) referenced from startup_a34xxxx.o(RESET)
 <LI><a href="#[7f]">Interrupt117_Handler</a> from startup_a34xxxx.o(.text.Default_Handler) referenced from startup_a34xxxx.o(RESET)
 <LI><a href="#[80]">Interrupt118_Handler</a> from startup_a34xxxx.o(.text.Default_Handler) referenced from startup_a34xxxx.o(RESET)
 <LI><a href="#[81]">Interrupt119_Handler</a> from startup_a34xxxx.o(.text.Default_Handler) referenced from startup_a34xxxx.o(RESET)
 <LI><a href="#[15]">Interrupt11_Handler</a> from startup_a34xxxx.o(.text.Default_Handler) referenced from startup_a34xxxx.o(RESET)
 <LI><a href="#[82]">Interrupt120_Handler</a> from startup_a34xxxx.o(.text.Default_Handler) referenced from startup_a34xxxx.o(RESET)
 <LI><a href="#[83]">Interrupt121_Handler</a> from startup_a34xxxx.o(.text.Default_Handler) referenced from startup_a34xxxx.o(RESET)
 <LI><a href="#[84]">Interrupt122_Handler</a> from startup_a34xxxx.o(.text.Default_Handler) referenced from startup_a34xxxx.o(RESET)
 <LI><a href="#[85]">Interrupt123_Handler</a> from startup_a34xxxx.o(.text.Default_Handler) referenced from startup_a34xxxx.o(RESET)
 <LI><a href="#[86]">Interrupt124_Handler</a> from startup_a34xxxx.o(.text.Default_Handler) referenced from startup_a34xxxx.o(RESET)
 <LI><a href="#[16]">Interrupt12_Handler</a> from startup_a34xxxx.o(.text.Default_Handler) referenced from startup_a34xxxx.o(RESET)
 <LI><a href="#[17]">Interrupt13_Handler</a> from startup_a34xxxx.o(.text.Default_Handler) referenced from startup_a34xxxx.o(RESET)
 <LI><a href="#[18]">Interrupt14_Handler</a> from startup_a34xxxx.o(.text.Default_Handler) referenced from startup_a34xxxx.o(RESET)
 <LI><a href="#[19]">Interrupt15_Handler</a> from hal_timer1.o(.text.Interrupt15_Handler) referenced from startup_a34xxxx.o(RESET)
 <LI><a href="#[1a]">Interrupt16_Handler</a> from hal_timer1.o(.text.Interrupt16_Handler) referenced from startup_a34xxxx.o(RESET)
 <LI><a href="#[1b]">Interrupt17_Handler</a> from hal_timer1.o(.text.Interrupt17_Handler) referenced from startup_a34xxxx.o(RESET)
 <LI><a href="#[1c]">Interrupt18_Handler</a> from hal_timer1.o(.text.Interrupt18_Handler) referenced from startup_a34xxxx.o(RESET)
 <LI><a href="#[1d]">Interrupt19_Handler</a> from hal_timer1.o(.text.Interrupt19_Handler) referenced from startup_a34xxxx.o(RESET)
 <LI><a href="#[b]">Interrupt1_Handler</a> from hal_scu_clk.o(.text.Interrupt1_Handler) referenced from startup_a34xxxx.o(RESET)
 <LI><a href="#[1e]">Interrupt20_Handler</a> from hal_timer1.o(.text.Interrupt20_Handler) referenced from startup_a34xxxx.o(RESET)
 <LI><a href="#[1f]">Interrupt21_Handler</a> from hal_timer1.o(.text.Interrupt21_Handler) referenced from startup_a34xxxx.o(RESET)
 <LI><a href="#[20]">Interrupt22_Handler</a> from hal_timer1.o(.text.Interrupt22_Handler) referenced from startup_a34xxxx.o(RESET)
 <LI><a href="#[21]">Interrupt23_Handler</a> from hal_timer1.o(.text.Interrupt23_Handler) referenced from startup_a34xxxx.o(RESET)
 <LI><a href="#[22]">Interrupt24_Handler</a> from hal_timer1.o(.text.Interrupt24_Handler) referenced from startup_a34xxxx.o(RESET)
 <LI><a href="#[23]">Interrupt25_Handler</a> from startup_a34xxxx.o(.text.Default_Handler) referenced from startup_a34xxxx.o(RESET)
 <LI><a href="#[24]">Interrupt26_Handler</a> from startup_a34xxxx.o(.text.Default_Handler) referenced from startup_a34xxxx.o(RESET)
 <LI><a href="#[25]">Interrupt27_Handler</a> from startup_a34xxxx.o(.text.Default_Handler) referenced from startup_a34xxxx.o(RESET)
 <LI><a href="#[26]">Interrupt28_Handler</a> from startup_a34xxxx.o(.text.Default_Handler) referenced from startup_a34xxxx.o(RESET)
 <LI><a href="#[27]">Interrupt29_Handler</a> from startup_a34xxxx.o(.text.Default_Handler) referenced from startup_a34xxxx.o(RESET)
 <LI><a href="#[c]">Interrupt2_Handler</a> from hal_scu_clk.o(.text.Interrupt2_Handler) referenced from startup_a34xxxx.o(RESET)
 <LI><a href="#[28]">Interrupt30_Handler</a> from startup_a34xxxx.o(.text.Default_Handler) referenced from startup_a34xxxx.o(RESET)
 <LI><a href="#[29]">Interrupt31_Handler</a> from startup_a34xxxx.o(.text.Default_Handler) referenced from startup_a34xxxx.o(RESET)
 <LI><a href="#[2a]">Interrupt32_Handler</a> from startup_a34xxxx.o(.text.Default_Handler) referenced from startup_a34xxxx.o(RESET)
 <LI><a href="#[2b]">Interrupt33_Handler</a> from startup_a34xxxx.o(.text.Default_Handler) referenced from startup_a34xxxx.o(RESET)
 <LI><a href="#[2c]">Interrupt34_Handler</a> from startup_a34xxxx.o(.text.Default_Handler) referenced from startup_a34xxxx.o(RESET)
 <LI><a href="#[2d]">Interrupt35_Handler</a> from startup_a34xxxx.o(.text.Default_Handler) referenced from startup_a34xxxx.o(RESET)
 <LI><a href="#[2e]">Interrupt36_Handler</a> from hal_pcu.o(.text.Interrupt36_Handler) referenced from startup_a34xxxx.o(RESET)
 <LI><a href="#[2f]">Interrupt37_Handler</a> from hal_pcu.o(.text.Interrupt37_Handler) referenced from startup_a34xxxx.o(RESET)
 <LI><a href="#[30]">Interrupt38_Handler</a> from hal_pcu.o(.text.Interrupt38_Handler) referenced from startup_a34xxxx.o(RESET)
 <LI><a href="#[31]">Interrupt39_Handler</a> from hal_pcu.o(.text.Interrupt39_Handler) referenced from startup_a34xxxx.o(RESET)
 <LI><a href="#[d]">Interrupt3_Handler</a> from hal_scu_clk.o(.text.Interrupt3_Handler) referenced from startup_a34xxxx.o(RESET)
 <LI><a href="#[32]">Interrupt40_Handler</a> from hal_pcu.o(.text.Interrupt40_Handler) referenced from startup_a34xxxx.o(RESET)
 <LI><a href="#[33]">Interrupt41_Handler</a> from hal_pcu.o(.text.Interrupt41_Handler) referenced from startup_a34xxxx.o(RESET)
 <LI><a href="#[34]">Interrupt42_Handler</a> from hal_pcu.o(.text.Interrupt42_Handler) referenced from startup_a34xxxx.o(RESET)
 <LI><a href="#[35]">Interrupt43_Handler</a> from startup_a34xxxx.o(.text.Default_Handler) referenced from startup_a34xxxx.o(RESET)
 <LI><a href="#[36]">Interrupt44_Handler</a> from startup_a34xxxx.o(.text.Default_Handler) referenced from startup_a34xxxx.o(RESET)
 <LI><a href="#[37]">Interrupt45_Handler</a> from startup_a34xxxx.o(.text.Default_Handler) referenced from startup_a34xxxx.o(RESET)
 <LI><a href="#[38]">Interrupt46_Handler</a> from startup_a34xxxx.o(.text.Default_Handler) referenced from startup_a34xxxx.o(RESET)
 <LI><a href="#[39]">Interrupt47_Handler</a> from startup_a34xxxx.o(.text.Default_Handler) referenced from startup_a34xxxx.o(RESET)
 <LI><a href="#[3a]">Interrupt48_Handler</a> from startup_a34xxxx.o(.text.Default_Handler) referenced from startup_a34xxxx.o(RESET)
 <LI><a href="#[3b]">Interrupt49_Handler</a> from startup_a34xxxx.o(.text.Default_Handler) referenced from startup_a34xxxx.o(RESET)
 <LI><a href="#[e]">Interrupt4_Handler</a> from startup_a34xxxx.o(.text.Default_Handler) referenced from startup_a34xxxx.o(RESET)
 <LI><a href="#[3c]">Interrupt50_Handler</a> from startup_a34xxxx.o(.text.Default_Handler) referenced from startup_a34xxxx.o(RESET)
 <LI><a href="#[3d]">Interrupt51_Handler</a> from startup_a34xxxx.o(.text.Default_Handler) referenced from startup_a34xxxx.o(RESET)
 <LI><a href="#[3e]">Interrupt52_Handler</a> from startup_a34xxxx.o(.text.Default_Handler) referenced from startup_a34xxxx.o(RESET)
 <LI><a href="#[3f]">Interrupt53_Handler</a> from startup_a34xxxx.o(.text.Default_Handler) referenced from startup_a34xxxx.o(RESET)
 <LI><a href="#[40]">Interrupt54_Handler</a> from startup_a34xxxx.o(.text.Default_Handler) referenced from startup_a34xxxx.o(RESET)
 <LI><a href="#[41]">Interrupt55_Handler</a> from startup_a34xxxx.o(.text.Default_Handler) referenced from startup_a34xxxx.o(RESET)
 <LI><a href="#[42]">Interrupt56_Handler</a> from startup_a34xxxx.o(.text.Default_Handler) referenced from startup_a34xxxx.o(RESET)
 <LI><a href="#[43]">Interrupt57_Handler</a> from startup_a34xxxx.o(.text.Default_Handler) referenced from startup_a34xxxx.o(RESET)
 <LI><a href="#[44]">Interrupt58_Handler</a> from startup_a34xxxx.o(.text.Default_Handler) referenced from startup_a34xxxx.o(RESET)
 <LI><a href="#[45]">Interrupt59_Handler</a> from startup_a34xxxx.o(.text.Default_Handler) referenced from startup_a34xxxx.o(RESET)
 <LI><a href="#[f]">Interrupt5_Handler</a> from startup_a34xxxx.o(.text.Default_Handler) referenced from startup_a34xxxx.o(RESET)
 <LI><a href="#[46]">Interrupt60_Handler</a> from hal_i2c.o(.text.Interrupt60_Handler) referenced from startup_a34xxxx.o(RESET)
 <LI><a href="#[47]">Interrupt61_Handler</a> from hal_i2c.o(.text.Interrupt61_Handler) referenced from startup_a34xxxx.o(RESET)
 <LI><a href="#[48]">Interrupt62_Handler</a> from hal_i2c.o(.text.Interrupt62_Handler) referenced from startup_a34xxxx.o(RESET)
 <LI><a href="#[49]">Interrupt63_Handler</a> from hal_uart.o(.text.Interrupt63_Handler) referenced from startup_a34xxxx.o(RESET)
 <LI><a href="#[4a]">Interrupt64_Handler</a> from hal_uart.o(.text.Interrupt64_Handler) referenced from startup_a34xxxx.o(RESET)
 <LI><a href="#[4b]">Interrupt65_Handler</a> from hal_uart.o(.text.Interrupt65_Handler) referenced from startup_a34xxxx.o(RESET)
 <LI><a href="#[4c]">Interrupt66_Handler</a> from hal_uart.o(.text.Interrupt66_Handler) referenced from startup_a34xxxx.o(RESET)
 <LI><a href="#[4d]">Interrupt67_Handler</a> from hal_uart.o(.text.Interrupt67_Handler) referenced from startup_a34xxxx.o(RESET)
 <LI><a href="#[4e]">Interrupt68_Handler</a> from hal_uart.o(.text.Interrupt68_Handler) referenced from startup_a34xxxx.o(RESET)
 <LI><a href="#[4f]">Interrupt69_Handler</a> from startup_a34xxxx.o(.text.Default_Handler) referenced from startup_a34xxxx.o(RESET)
 <LI><a href="#[10]">Interrupt6_Handler</a> from startup_a34xxxx.o(.text.Default_Handler) referenced from startup_a34xxxx.o(RESET)
 <LI><a href="#[50]">Interrupt70_Handler</a> from startup_a34xxxx.o(.text.Default_Handler) referenced from startup_a34xxxx.o(RESET)
 <LI><a href="#[51]">Interrupt71_Handler</a> from startup_a34xxxx.o(.text.Default_Handler) referenced from startup_a34xxxx.o(RESET)
 <LI><a href="#[52]">Interrupt72_Handler</a> from startup_a34xxxx.o(.text.Default_Handler) referenced from startup_a34xxxx.o(RESET)
 <LI><a href="#[53]">Interrupt73_Handler</a> from startup_a34xxxx.o(.text.Default_Handler) referenced from startup_a34xxxx.o(RESET)
 <LI><a href="#[54]">Interrupt74_Handler</a> from hal_adc.o(.text.Interrupt74_Handler) referenced from startup_a34xxxx.o(RESET)
 <LI><a href="#[55]">Interrupt75_Handler</a> from hal_adc.o(.text.Interrupt75_Handler) referenced from startup_a34xxxx.o(RESET)
 <LI><a href="#[56]">Interrupt76_Handler</a> from hal_adc.o(.text.Interrupt76_Handler) referenced from startup_a34xxxx.o(RESET)
 <LI><a href="#[57]">Interrupt77_Handler</a> from startup_a34xxxx.o(.text.Default_Handler) referenced from startup_a34xxxx.o(RESET)
 <LI><a href="#[58]">Interrupt78_Handler</a> from startup_a34xxxx.o(.text.Default_Handler) referenced from startup_a34xxxx.o(RESET)
 <LI><a href="#[59]">Interrupt79_Handler</a> from startup_a34xxxx.o(.text.Default_Handler) referenced from startup_a34xxxx.o(RESET)
 <LI><a href="#[11]">Interrupt7_Handler</a> from startup_a34xxxx.o(.text.Default_Handler) referenced from startup_a34xxxx.o(RESET)
 <LI><a href="#[5a]">Interrupt80_Handler</a> from startup_a34xxxx.o(.text.Default_Handler) referenced from startup_a34xxxx.o(RESET)
 <LI><a href="#[5b]">Interrupt81_Handler</a> from startup_a34xxxx.o(.text.Default_Handler) referenced from startup_a34xxxx.o(RESET)
 <LI><a href="#[5c]">Interrupt82_Handler</a> from startup_a34xxxx.o(.text.Default_Handler) referenced from startup_a34xxxx.o(RESET)
 <LI><a href="#[5d]">Interrupt83_Handler</a> from startup_a34xxxx.o(.text.Default_Handler) referenced from startup_a34xxxx.o(RESET)
 <LI><a href="#[5e]">Interrupt84_Handler</a> from startup_a34xxxx.o(.text.Default_Handler) referenced from startup_a34xxxx.o(RESET)
 <LI><a href="#[5f]">Interrupt85_Handler</a> from startup_a34xxxx.o(.text.Default_Handler) referenced from startup_a34xxxx.o(RESET)
 <LI><a href="#[60]">Interrupt86_Handler</a> from startup_a34xxxx.o(.text.Default_Handler) referenced from startup_a34xxxx.o(RESET)
 <LI><a href="#[61]">Interrupt87_Handler</a> from startup_a34xxxx.o(.text.Default_Handler) referenced from startup_a34xxxx.o(RESET)
 <LI><a href="#[62]">Interrupt88_Handler</a> from startup_a34xxxx.o(.text.Default_Handler) referenced from startup_a34xxxx.o(RESET)
 <LI><a href="#[63]">Interrupt89_Handler</a> from startup_a34xxxx.o(.text.Default_Handler) referenced from startup_a34xxxx.o(RESET)
 <LI><a href="#[12]">Interrupt8_Handler</a> from startup_a34xxxx.o(.text.Default_Handler) referenced from startup_a34xxxx.o(RESET)
 <LI><a href="#[64]">Interrupt90_Handler</a> from startup_a34xxxx.o(.text.Default_Handler) referenced from startup_a34xxxx.o(RESET)
 <LI><a href="#[65]">Interrupt91_Handler</a> from startup_a34xxxx.o(.text.Default_Handler) referenced from startup_a34xxxx.o(RESET)
 <LI><a href="#[66]">Interrupt92_Handler</a> from startup_a34xxxx.o(.text.Default_Handler) referenced from startup_a34xxxx.o(RESET)
 <LI><a href="#[67]">Interrupt93_Handler</a> from startup_a34xxxx.o(.text.Default_Handler) referenced from startup_a34xxxx.o(RESET)
 <LI><a href="#[68]">Interrupt94_Handler</a> from startup_a34xxxx.o(.text.Default_Handler) referenced from startup_a34xxxx.o(RESET)
 <LI><a href="#[69]">Interrupt95_Handler</a> from startup_a34xxxx.o(.text.Default_Handler) referenced from startup_a34xxxx.o(RESET)
 <LI><a href="#[6a]">Interrupt96_Handler</a> from startup_a34xxxx.o(.text.Default_Handler) referenced from startup_a34xxxx.o(RESET)
 <LI><a href="#[6b]">Interrupt97_Handler</a> from startup_a34xxxx.o(.text.Default_Handler) referenced from startup_a34xxxx.o(RESET)
 <LI><a href="#[6c]">Interrupt98_Handler</a> from startup_a34xxxx.o(.text.Default_Handler) referenced from startup_a34xxxx.o(RESET)
 <LI><a href="#[6d]">Interrupt99_Handler</a> from startup_a34xxxx.o(.text.Default_Handler) referenced from startup_a34xxxx.o(RESET)
 <LI><a href="#[13]">Interrupt9_Handler</a> from startup_a34xxxx.o(.text.Default_Handler) referenced from startup_a34xxxx.o(RESET)
 <LI><a href="#[3]">MemManage_Handler</a> from startup_a34xxxx.o(.text.Default_Handler) referenced from startup_a34xxxx.o(RESET)
 <LI><a href="#[1]">NMI_Handler</a> from hpl_nmi.o(.text.NMI_Handler) referenced from startup_a34xxxx.o(RESET)
 <LI><a href="#[88]">PRV_ADC_NMIHandler</a> from hal_adc.o(.text.PRV_ADC_NMIHandler) referenced 2 times from hal_adc.o(.text.HAL_ADC_SetIRQ)
 <LI><a href="#[89]">PRV_I2C_NMIHandler</a> from hal_i2c.o(.text.PRV_I2C_NMIHandler) referenced 2 times from hal_i2c.o(.text.HAL_I2C_SetIRQ)
 <LI><a href="#[8a]">PRV_TIMER1_NMIHandler</a> from hal_timer1.o(.text.PRV_TIMER1_NMIHandler) referenced 2 times from hal_timer1.o(.text.HAL_TIMER1_SetIRQ)
 <LI><a href="#[8b]">PRV_UART_NMIHandler</a> from hal_uart.o(.text.PRV_UART_NMIHandler) referenced 2 times from hal_uart.o(.text.HAL_UART_SetIRQ)
 <LI><a href="#[8]">PendSV_Handler</a> from startup_a34xxxx.o(.text.Default_Handler) referenced from startup_a34xxxx.o(RESET)
 <LI><a href="#[0]">Reset_Handler</a> from startup_a34xxxx.o(.text.Reset_Handler) referenced from startup_a34xxxx.o(RESET)
 <LI><a href="#[6]">SVC_Handler</a> from startup_a34xxxx.o(.text.Default_Handler) referenced from startup_a34xxxx.o(RESET)
 <LI><a href="#[9]">SysTick_Handler</a> from prv_user_code.o(.text.SysTick_Handler) referenced from startup_a34xxxx.o(RESET)
 <LI><a href="#[90]">Timer1_IRQHandler_TIMER1_ID_0</a> from user_timer1_isr.o(.text.Timer1_IRQHandler_TIMER1_ID_0) referenced 2 times from user_timer1.o(.text.PRV_Timer1_Init)
 <LI><a href="#[91]">UART_IRQHandler_UART_ID_2</a> from user_uart_isr.o(.text.UART_IRQHandler_UART_ID_2) referenced 2 times from user_uart.o(.text.PRV_UART_Init)
 <LI><a href="#[5]">UsageFault_Handler</a> from startup_a34xxxx.o(.text.Default_Handler) referenced from startup_a34xxxx.o(RESET)
 <LI><a href="#[92]">_snputc</a> from printfa.o(i._snputc) referenced from printfa.o(i.__0vsnprintf)
 <LI><a href="#[87]">main</a> from main.o(.text.main) referenced from entry9a.o(.ARM.Collect$$$$0000000B)
</UL>
<P>
<H3>
Global Symbols
</H3>
<P><STRONG><a name="[93]"></a>__main</STRONG> (Thumb, 0 bytes, Stack size unknown bytes, entry.o(.ARM.Collect$$$$00000000))
<BR><BR>[Called By]<UL><LI><a href="#[0]">&gt;&gt;</a>&nbsp;&nbsp;&nbsp;Reset_Handler
</UL>

<P><STRONG><a name="[e2]"></a>_main_stk</STRONG> (Thumb, 0 bytes, Stack size unknown bytes, entry4.o(.ARM.Collect$$$$00000003))

<P><STRONG><a name="[94]"></a>_main_scatterload</STRONG> (Thumb, 0 bytes, Stack size unknown bytes, entry5.o(.ARM.Collect$$$$00000004))
<BR><BR>[Calls]<UL><LI><a href="#[95]">&gt;&gt;</a>&nbsp;&nbsp;&nbsp;__scatterload
</UL>

<P><STRONG><a name="[a5]"></a>__main_after_scatterload</STRONG> (Thumb, 0 bytes, Stack size unknown bytes, entry5.o(.ARM.Collect$$$$00000004))
<BR><BR>[Called By]<UL><LI><a href="#[95]">&gt;&gt;</a>&nbsp;&nbsp;&nbsp;__scatterload
</UL>

<P><STRONG><a name="[e3]"></a>_main_clock</STRONG> (Thumb, 0 bytes, Stack size unknown bytes, entry7b.o(.ARM.Collect$$$$00000008))

<P><STRONG><a name="[e4]"></a>_main_cpp_init</STRONG> (Thumb, 0 bytes, Stack size unknown bytes, entry8b.o(.ARM.Collect$$$$0000000A))

<P><STRONG><a name="[e5]"></a>_main_init</STRONG> (Thumb, 0 bytes, Stack size unknown bytes, entry9a.o(.ARM.Collect$$$$0000000B))

<P><STRONG><a name="[e6]"></a>__rt_final_cpp</STRONG> (Thumb, 0 bytes, Stack size unknown bytes, entry10a.o(.ARM.Collect$$$$0000000D))

<P><STRONG><a name="[e7]"></a>__rt_final_exit</STRONG> (Thumb, 0 bytes, Stack size unknown bytes, entry11a.o(.ARM.Collect$$$$0000000F))

<P><STRONG><a name="[96]"></a>__aeabi_uldivmod</STRONG> (Thumb, 98 bytes, Stack size 40 bytes, uldiv.o(.text), UNUSED)
<BR><BR>[Calls]<UL><LI><a href="#[97]">&gt;&gt;</a>&nbsp;&nbsp;&nbsp;__aeabi_llsr
<LI><a href="#[98]">&gt;&gt;</a>&nbsp;&nbsp;&nbsp;__aeabi_llsl
</UL>
<BR>[Called By]<UL><LI><a href="#[dc]">&gt;&gt;</a>&nbsp;&nbsp;&nbsp;_printf_core
<LI><a href="#[dd]">&gt;&gt;</a>&nbsp;&nbsp;&nbsp;_fp_digits
</UL>

<P><STRONG><a name="[da]"></a>__aeabi_memcpy</STRONG> (Thumb, 36 bytes, Stack size 0 bytes, memcpya.o(.text))
<BR><BR>[Called By]<UL><LI><a href="#[c2]">&gt;&gt;</a>&nbsp;&nbsp;&nbsp;lis2de12_write_reg
</UL>

<P><STRONG><a name="[e8]"></a>__aeabi_memcpy4</STRONG> (Thumb, 0 bytes, Stack size 0 bytes, memcpya.o(.text), UNUSED)

<P><STRONG><a name="[e9]"></a>__aeabi_memcpy8</STRONG> (Thumb, 0 bytes, Stack size 0 bytes, memcpya.o(.text), UNUSED)

<P><STRONG><a name="[9a]"></a>__aeabi_memset</STRONG> (Thumb, 14 bytes, Stack size 0 bytes, memseta.o(.text), UNUSED)
<BR><BR>[Called By]<UL><LI><a href="#[9b]">&gt;&gt;</a>&nbsp;&nbsp;&nbsp;_memset$wrapper
<LI><a href="#[99]">&gt;&gt;</a>&nbsp;&nbsp;&nbsp;__aeabi_memclr
</UL>

<P><STRONG><a name="[ea]"></a>__aeabi_memset4</STRONG> (Thumb, 0 bytes, Stack size 0 bytes, memseta.o(.text), UNUSED)

<P><STRONG><a name="[eb]"></a>__aeabi_memset8</STRONG> (Thumb, 0 bytes, Stack size 0 bytes, memseta.o(.text), UNUSED)

<P><STRONG><a name="[99]"></a>__aeabi_memclr</STRONG> (Thumb, 4 bytes, Stack size 0 bytes, memseta.o(.text), UNUSED)
<BR><BR>[Calls]<UL><LI><a href="#[9a]">&gt;&gt;</a>&nbsp;&nbsp;&nbsp;__aeabi_memset
</UL>

<P><STRONG><a name="[b3]"></a>__aeabi_memclr4</STRONG> (Thumb, 0 bytes, Stack size 0 bytes, memseta.o(.text))
<BR><BR>[Called By]<UL><LI><a href="#[a8]">&gt;&gt;</a>&nbsp;&nbsp;&nbsp;HAL_UART_Init
<LI><a href="#[b2]">&gt;&gt;</a>&nbsp;&nbsp;&nbsp;HAL_I2C_Init
</UL>

<P><STRONG><a name="[ec]"></a>__aeabi_memclr8</STRONG> (Thumb, 0 bytes, Stack size 0 bytes, memseta.o(.text), UNUSED)

<P><STRONG><a name="[9b]"></a>_memset$wrapper</STRONG> (Thumb, 18 bytes, Stack size 8 bytes, memseta.o(.text), UNUSED)
<BR><BR>[Calls]<UL><LI><a href="#[9a]">&gt;&gt;</a>&nbsp;&nbsp;&nbsp;__aeabi_memset
</UL>

<P><STRONG><a name="[9c]"></a>__aeabi_dadd</STRONG> (Thumb, 322 bytes, Stack size 48 bytes, dadd.o(.text), UNUSED)
<BR><BR>[Calls]<UL><LI><a href="#[9d]">&gt;&gt;</a>&nbsp;&nbsp;&nbsp;__aeabi_lasr
<LI><a href="#[98]">&gt;&gt;</a>&nbsp;&nbsp;&nbsp;__aeabi_llsl
<LI><a href="#[9f]">&gt;&gt;</a>&nbsp;&nbsp;&nbsp;_double_round
<LI><a href="#[9e]">&gt;&gt;</a>&nbsp;&nbsp;&nbsp;_double_epilogue
</UL>
<BR>[Called By]<UL><LI><a href="#[a1]">&gt;&gt;</a>&nbsp;&nbsp;&nbsp;__aeabi_drsub
<LI><a href="#[a0]">&gt;&gt;</a>&nbsp;&nbsp;&nbsp;__aeabi_dsub
<LI><a href="#[dd]">&gt;&gt;</a>&nbsp;&nbsp;&nbsp;_fp_digits
</UL>

<P><STRONG><a name="[a0]"></a>__aeabi_dsub</STRONG> (Thumb, 6 bytes, Stack size 0 bytes, dadd.o(.text), UNUSED)
<BR><BR>[Calls]<UL><LI><a href="#[9c]">&gt;&gt;</a>&nbsp;&nbsp;&nbsp;__aeabi_dadd
</UL>

<P><STRONG><a name="[a1]"></a>__aeabi_drsub</STRONG> (Thumb, 6 bytes, Stack size 0 bytes, dadd.o(.text), UNUSED)
<BR><BR>[Calls]<UL><LI><a href="#[9c]">&gt;&gt;</a>&nbsp;&nbsp;&nbsp;__aeabi_dadd
</UL>

<P><STRONG><a name="[a2]"></a>__aeabi_dmul</STRONG> (Thumb, 228 bytes, Stack size 48 bytes, dmul.o(.text), UNUSED)
<BR><BR>[Calls]<UL><LI><a href="#[9e]">&gt;&gt;</a>&nbsp;&nbsp;&nbsp;_double_epilogue
</UL>
<BR>[Called By]<UL><LI><a href="#[dd]">&gt;&gt;</a>&nbsp;&nbsp;&nbsp;_fp_digits
</UL>

<P><STRONG><a name="[ed]"></a>__aeabi_uidiv</STRONG> (Thumb, 0 bytes, Stack size 12 bytes, uidiv.o(.text), UNUSED)

<P><STRONG><a name="[e1]"></a>__aeabi_uidivmod</STRONG> (Thumb, 44 bytes, Stack size 12 bytes, uidiv.o(.text), UNUSED)
<BR><BR>[Called By]<UL><LI><a href="#[dc]">&gt;&gt;</a>&nbsp;&nbsp;&nbsp;_printf_core
</UL>

<P><STRONG><a name="[98]"></a>__aeabi_llsl</STRONG> (Thumb, 30 bytes, Stack size 0 bytes, llshl.o(.text), UNUSED)
<BR><BR>[Called By]<UL><LI><a href="#[96]">&gt;&gt;</a>&nbsp;&nbsp;&nbsp;__aeabi_uldivmod
<LI><a href="#[9c]">&gt;&gt;</a>&nbsp;&nbsp;&nbsp;__aeabi_dadd
<LI><a href="#[9e]">&gt;&gt;</a>&nbsp;&nbsp;&nbsp;_double_epilogue
<LI><a href="#[a4]">&gt;&gt;</a>&nbsp;&nbsp;&nbsp;__aeabi_d2ulz
</UL>

<P><STRONG><a name="[ee]"></a>_ll_shift_l</STRONG> (Thumb, 0 bytes, Stack size 0 bytes, llshl.o(.text), UNUSED)

<P><STRONG><a name="[97]"></a>__aeabi_llsr</STRONG> (Thumb, 32 bytes, Stack size 0 bytes, llushr.o(.text), UNUSED)
<BR><BR>[Called By]<UL><LI><a href="#[96]">&gt;&gt;</a>&nbsp;&nbsp;&nbsp;__aeabi_uldivmod
<LI><a href="#[9e]">&gt;&gt;</a>&nbsp;&nbsp;&nbsp;_double_epilogue
<LI><a href="#[a4]">&gt;&gt;</a>&nbsp;&nbsp;&nbsp;__aeabi_d2ulz
</UL>

<P><STRONG><a name="[ef]"></a>_ll_ushift_r</STRONG> (Thumb, 0 bytes, Stack size 0 bytes, llushr.o(.text), UNUSED)

<P><STRONG><a name="[9d]"></a>__aeabi_lasr</STRONG> (Thumb, 36 bytes, Stack size 0 bytes, llsshr.o(.text), UNUSED)
<BR><BR>[Called By]<UL><LI><a href="#[9c]">&gt;&gt;</a>&nbsp;&nbsp;&nbsp;__aeabi_dadd
</UL>

<P><STRONG><a name="[f0]"></a>_ll_sshift_r</STRONG> (Thumb, 0 bytes, Stack size 0 bytes, llsshr.o(.text), UNUSED)

<P><STRONG><a name="[f1]"></a>__I$use$fp</STRONG> (Thumb, 0 bytes, Stack size 8 bytes, iusefp.o(.text), UNUSED)

<P><STRONG><a name="[9f]"></a>_double_round</STRONG> (Thumb, 30 bytes, Stack size 8 bytes, depilogue.o(.text), UNUSED)
<BR><BR>[Called By]<UL><LI><a href="#[9c]">&gt;&gt;</a>&nbsp;&nbsp;&nbsp;__aeabi_dadd
<LI><a href="#[9e]">&gt;&gt;</a>&nbsp;&nbsp;&nbsp;_double_epilogue
<LI><a href="#[a3]">&gt;&gt;</a>&nbsp;&nbsp;&nbsp;__aeabi_ddiv
</UL>

<P><STRONG><a name="[9e]"></a>_double_epilogue</STRONG> (Thumb, 156 bytes, Stack size 32 bytes, depilogue.o(.text), UNUSED)
<BR><BR>[Calls]<UL><LI><a href="#[97]">&gt;&gt;</a>&nbsp;&nbsp;&nbsp;__aeabi_llsr
<LI><a href="#[98]">&gt;&gt;</a>&nbsp;&nbsp;&nbsp;__aeabi_llsl
<LI><a href="#[9f]">&gt;&gt;</a>&nbsp;&nbsp;&nbsp;_double_round
</UL>
<BR>[Called By]<UL><LI><a href="#[9c]">&gt;&gt;</a>&nbsp;&nbsp;&nbsp;__aeabi_dadd
<LI><a href="#[a2]">&gt;&gt;</a>&nbsp;&nbsp;&nbsp;__aeabi_dmul
</UL>

<P><STRONG><a name="[a3]"></a>__aeabi_ddiv</STRONG> (Thumb, 222 bytes, Stack size 32 bytes, ddiv.o(.text), UNUSED)
<BR><BR>[Calls]<UL><LI><a href="#[9f]">&gt;&gt;</a>&nbsp;&nbsp;&nbsp;_double_round
</UL>
<BR>[Called By]<UL><LI><a href="#[dd]">&gt;&gt;</a>&nbsp;&nbsp;&nbsp;_fp_digits
</UL>

<P><STRONG><a name="[a4]"></a>__aeabi_d2ulz</STRONG> (Thumb, 48 bytes, Stack size 0 bytes, dfixul.o(.text), UNUSED)
<BR><BR>[Calls]<UL><LI><a href="#[97]">&gt;&gt;</a>&nbsp;&nbsp;&nbsp;__aeabi_llsr
<LI><a href="#[98]">&gt;&gt;</a>&nbsp;&nbsp;&nbsp;__aeabi_llsl
</UL>
<BR>[Called By]<UL><LI><a href="#[dd]">&gt;&gt;</a>&nbsp;&nbsp;&nbsp;_fp_digits
</UL>

<P><STRONG><a name="[de]"></a>__aeabi_cdrcmple</STRONG> (Thumb, 48 bytes, Stack size 0 bytes, cdrcmple.o(.text), UNUSED)
<BR><BR>[Called By]<UL><LI><a href="#[dd]">&gt;&gt;</a>&nbsp;&nbsp;&nbsp;_fp_digits
</UL>

<P><STRONG><a name="[95]"></a>__scatterload</STRONG> (Thumb, 38 bytes, Stack size 0 bytes, init.o(.text))
<BR><BR>[Calls]<UL><LI><a href="#[a5]">&gt;&gt;</a>&nbsp;&nbsp;&nbsp;__main_after_scatterload
</UL>
<BR>[Called By]<UL><LI><a href="#[94]">&gt;&gt;</a>&nbsp;&nbsp;&nbsp;_main_scatterload
</UL>

<P><STRONG><a name="[f2]"></a>__scatterload_rt2</STRONG> (Thumb, 0 bytes, Stack size 0 bytes, init.o(.text), UNUSED)

<P><STRONG><a name="[8d]"></a>ADC_IRQHandler_ADC_ID_0</STRONG> (Thumb, 2 bytes, Stack size 0 bytes, user_adc_isr.o(.text.ADC_IRQHandler_ADC_ID_0))
<BR>[Address Reference Count : 1]<UL><LI> user_adc.o(.text.PRV_ADC_Init)
</UL>
<P><STRONG><a name="[8c]"></a>ADC_IRQHandler_ADC_ID_2</STRONG> (Thumb, 2 bytes, Stack size 0 bytes, user_adc_isr.o(.text.ADC_IRQHandler_ADC_ID_2))
<BR>[Address Reference Count : 1]<UL><LI> user_adc.o(.text.PRV_ADC_Init)
</UL>
<P><STRONG><a name="[a6]"></a>DebugFramework_Init</STRONG> (Thumb, 150 bytes, Stack size 32 bytes, debug_framework.o(.text.DebugFramework_Init))
<BR><BR>[Stack]<UL><LI>Max Depth = 72<LI>Call Chain = DebugFramework_Init &rArr; HAL_UART_SetIRQ &rArr; HPL_NMI_SetSource
</UL>
<BR>[Calls]<UL><LI><a href="#[ab]">&gt;&gt;</a>&nbsp;&nbsp;&nbsp;HAL_UART_SetIRQ
<LI><a href="#[aa]">&gt;&gt;</a>&nbsp;&nbsp;&nbsp;HAL_UART_SetConfig
<LI><a href="#[a9]">&gt;&gt;</a>&nbsp;&nbsp;&nbsp;HAL_UART_SetClkConfig
<LI><a href="#[a8]">&gt;&gt;</a>&nbsp;&nbsp;&nbsp;HAL_UART_Init
<LI><a href="#[a7]">&gt;&gt;</a>&nbsp;&nbsp;&nbsp;HAL_PCU_SetAltMode
</UL>
<BR>[Called By]<UL><LI><a href="#[d7]">&gt;&gt;</a>&nbsp;&nbsp;&nbsp;PRV_USER_Code
</UL>

<P><STRONG><a name="[ac]"></a>DebugFramework_Printf</STRONG> (Thumb, 110 bytes, Stack size 200 bytes, debug_framework.o(.text.DebugFramework_Printf))
<BR><BR>[Stack]<UL><LI>Max Depth = 224<LI>Call Chain = DebugFramework_Printf &rArr; vsnprintf
</UL>
<BR>[Calls]<UL><LI><a href="#[ae]">&gt;&gt;</a>&nbsp;&nbsp;&nbsp;HAL_UART_Transmit
<LI><a href="#[ad]">&gt;&gt;</a>&nbsp;&nbsp;&nbsp;vsnprintf
</UL>
<BR>[Called By]<UL><LI><a href="#[90]">&gt;&gt;</a>&nbsp;&nbsp;&nbsp;Timer1_IRQHandler_TIMER1_ID_0
<LI><a href="#[c4]">&gt;&gt;</a>&nbsp;&nbsp;&nbsp;LIS2DE12_ReadAcceleration
<LI><a href="#[bb]">&gt;&gt;</a>&nbsp;&nbsp;&nbsp;LIS2DE12_Init
<LI><a href="#[d7]">&gt;&gt;</a>&nbsp;&nbsp;&nbsp;PRV_USER_Code
</UL>

<P><STRONG><a name="[af]"></a>DebugFramework_PutsLine</STRONG> (Thumb, 126 bytes, Stack size 24 bytes, debug_framework.o(.text.DebugFramework_PutsLine))
<BR><BR>[Stack]<UL><LI>Max Depth = 32<LI>Call Chain = DebugFramework_PutsLine &rArr; HAL_UART_Transmit
</UL>
<BR>[Calls]<UL><LI><a href="#[ae]">&gt;&gt;</a>&nbsp;&nbsp;&nbsp;HAL_UART_Transmit
</UL>
<BR>[Called By]<UL><LI><a href="#[bb]">&gt;&gt;</a>&nbsp;&nbsp;&nbsp;LIS2DE12_Init
<LI><a href="#[d7]">&gt;&gt;</a>&nbsp;&nbsp;&nbsp;PRV_USER_Code
</UL>

<P><STRONG><a name="[4]"></a>BusFault_Handler</STRONG> (Thumb, 2 bytes, Stack size 0 bytes, startup_a34xxxx.o(.text.Default_Handler))
<BR><BR>[Calls]<UL><LI><a href="#[4]">&gt;&gt;</a>&nbsp;&nbsp;&nbsp;BusFault_Handler
</UL>
<BR>[Called By]<UL><LI><a href="#[4]">&gt;&gt;</a>&nbsp;&nbsp;&nbsp;BusFault_Handler
</UL>
<BR>[Address Reference Count : 1]<UL><LI> startup_a34xxxx.o(RESET)
</UL>
<P><STRONG><a name="[7]"></a>DebugMon_Handler</STRONG> (Thumb, 2 bytes, Stack size 0 bytes, startup_a34xxxx.o(.text.Default_Handler))
<BR>[Address Reference Count : 1]<UL><LI> startup_a34xxxx.o(RESET)
</UL>
<P><STRONG><a name="[f3]"></a>Default_Handler</STRONG> (Thumb, 2 bytes, Stack size 0 bytes, startup_a34xxxx.o(.text.Default_Handler), UNUSED)

<P><STRONG><a name="[a]"></a>Interrupt0_Handler</STRONG> (Thumb, 2 bytes, Stack size 0 bytes, startup_a34xxxx.o(.text.Default_Handler))
<BR>[Address Reference Count : 1]<UL><LI> startup_a34xxxx.o(RESET)
</UL>
<P><STRONG><a name="[6f]"></a>Interrupt101_Handler</STRONG> (Thumb, 2 bytes, Stack size 0 bytes, startup_a34xxxx.o(.text.Default_Handler))
<BR>[Address Reference Count : 1]<UL><LI> startup_a34xxxx.o(RESET)
</UL>
<P><STRONG><a name="[70]"></a>Interrupt102_Handler</STRONG> (Thumb, 2 bytes, Stack size 0 bytes, startup_a34xxxx.o(.text.Default_Handler))
<BR>[Address Reference Count : 1]<UL><LI> startup_a34xxxx.o(RESET)
</UL>
<P><STRONG><a name="[71]"></a>Interrupt103_Handler</STRONG> (Thumb, 2 bytes, Stack size 0 bytes, startup_a34xxxx.o(.text.Default_Handler))
<BR>[Address Reference Count : 1]<UL><LI> startup_a34xxxx.o(RESET)
</UL>
<P><STRONG><a name="[72]"></a>Interrupt104_Handler</STRONG> (Thumb, 2 bytes, Stack size 0 bytes, startup_a34xxxx.o(.text.Default_Handler))
<BR>[Address Reference Count : 1]<UL><LI> startup_a34xxxx.o(RESET)
</UL>
<P><STRONG><a name="[73]"></a>Interrupt105_Handler</STRONG> (Thumb, 2 bytes, Stack size 0 bytes, startup_a34xxxx.o(.text.Default_Handler))
<BR>[Address Reference Count : 1]<UL><LI> startup_a34xxxx.o(RESET)
</UL>
<P><STRONG><a name="[74]"></a>Interrupt106_Handler</STRONG> (Thumb, 2 bytes, Stack size 0 bytes, startup_a34xxxx.o(.text.Default_Handler))
<BR>[Address Reference Count : 1]<UL><LI> startup_a34xxxx.o(RESET)
</UL>
<P><STRONG><a name="[75]"></a>Interrupt107_Handler</STRONG> (Thumb, 2 bytes, Stack size 0 bytes, startup_a34xxxx.o(.text.Default_Handler))
<BR>[Address Reference Count : 1]<UL><LI> startup_a34xxxx.o(RESET)
</UL>
<P><STRONG><a name="[14]"></a>Interrupt10_Handler</STRONG> (Thumb, 2 bytes, Stack size 0 bytes, startup_a34xxxx.o(.text.Default_Handler))
<BR>[Address Reference Count : 1]<UL><LI> startup_a34xxxx.o(RESET)
</UL>
<P><STRONG><a name="[7d]"></a>Interrupt115_Handler</STRONG> (Thumb, 2 bytes, Stack size 0 bytes, startup_a34xxxx.o(.text.Default_Handler))
<BR>[Address Reference Count : 1]<UL><LI> startup_a34xxxx.o(RESET)
</UL>
<P><STRONG><a name="[7e]"></a>Interrupt116_Handler</STRONG> (Thumb, 2 bytes, Stack size 0 bytes, startup_a34xxxx.o(.text.Default_Handler))
<BR>[Address Reference Count : 1]<UL><LI> startup_a34xxxx.o(RESET)
</UL>
<P><STRONG><a name="[7f]"></a>Interrupt117_Handler</STRONG> (Thumb, 2 bytes, Stack size 0 bytes, startup_a34xxxx.o(.text.Default_Handler))
<BR>[Address Reference Count : 1]<UL><LI> startup_a34xxxx.o(RESET)
</UL>
<P><STRONG><a name="[80]"></a>Interrupt118_Handler</STRONG> (Thumb, 2 bytes, Stack size 0 bytes, startup_a34xxxx.o(.text.Default_Handler))
<BR>[Address Reference Count : 1]<UL><LI> startup_a34xxxx.o(RESET)
</UL>
<P><STRONG><a name="[81]"></a>Interrupt119_Handler</STRONG> (Thumb, 2 bytes, Stack size 0 bytes, startup_a34xxxx.o(.text.Default_Handler))
<BR>[Address Reference Count : 1]<UL><LI> startup_a34xxxx.o(RESET)
</UL>
<P><STRONG><a name="[15]"></a>Interrupt11_Handler</STRONG> (Thumb, 2 bytes, Stack size 0 bytes, startup_a34xxxx.o(.text.Default_Handler))
<BR>[Address Reference Count : 1]<UL><LI> startup_a34xxxx.o(RESET)
</UL>
<P><STRONG><a name="[82]"></a>Interrupt120_Handler</STRONG> (Thumb, 2 bytes, Stack size 0 bytes, startup_a34xxxx.o(.text.Default_Handler))
<BR>[Address Reference Count : 1]<UL><LI> startup_a34xxxx.o(RESET)
</UL>
<P><STRONG><a name="[83]"></a>Interrupt121_Handler</STRONG> (Thumb, 2 bytes, Stack size 0 bytes, startup_a34xxxx.o(.text.Default_Handler))
<BR>[Address Reference Count : 1]<UL><LI> startup_a34xxxx.o(RESET)
</UL>
<P><STRONG><a name="[84]"></a>Interrupt122_Handler</STRONG> (Thumb, 2 bytes, Stack size 0 bytes, startup_a34xxxx.o(.text.Default_Handler))
<BR>[Address Reference Count : 1]<UL><LI> startup_a34xxxx.o(RESET)
</UL>
<P><STRONG><a name="[85]"></a>Interrupt123_Handler</STRONG> (Thumb, 2 bytes, Stack size 0 bytes, startup_a34xxxx.o(.text.Default_Handler))
<BR>[Address Reference Count : 1]<UL><LI> startup_a34xxxx.o(RESET)
</UL>
<P><STRONG><a name="[86]"></a>Interrupt124_Handler</STRONG> (Thumb, 2 bytes, Stack size 0 bytes, startup_a34xxxx.o(.text.Default_Handler))
<BR>[Address Reference Count : 1]<UL><LI> startup_a34xxxx.o(RESET)
</UL>
<P><STRONG><a name="[16]"></a>Interrupt12_Handler</STRONG> (Thumb, 2 bytes, Stack size 0 bytes, startup_a34xxxx.o(.text.Default_Handler))
<BR>[Address Reference Count : 1]<UL><LI> startup_a34xxxx.o(RESET)
</UL>
<P><STRONG><a name="[17]"></a>Interrupt13_Handler</STRONG> (Thumb, 2 bytes, Stack size 0 bytes, startup_a34xxxx.o(.text.Default_Handler))
<BR>[Address Reference Count : 1]<UL><LI> startup_a34xxxx.o(RESET)
</UL>
<P><STRONG><a name="[18]"></a>Interrupt14_Handler</STRONG> (Thumb, 2 bytes, Stack size 0 bytes, startup_a34xxxx.o(.text.Default_Handler))
<BR>[Address Reference Count : 1]<UL><LI> startup_a34xxxx.o(RESET)
</UL>
<P><STRONG><a name="[23]"></a>Interrupt25_Handler</STRONG> (Thumb, 2 bytes, Stack size 0 bytes, startup_a34xxxx.o(.text.Default_Handler))
<BR>[Address Reference Count : 1]<UL><LI> startup_a34xxxx.o(RESET)
</UL>
<P><STRONG><a name="[24]"></a>Interrupt26_Handler</STRONG> (Thumb, 2 bytes, Stack size 0 bytes, startup_a34xxxx.o(.text.Default_Handler))
<BR>[Address Reference Count : 1]<UL><LI> startup_a34xxxx.o(RESET)
</UL>
<P><STRONG><a name="[25]"></a>Interrupt27_Handler</STRONG> (Thumb, 2 bytes, Stack size 0 bytes, startup_a34xxxx.o(.text.Default_Handler))
<BR>[Address Reference Count : 1]<UL><LI> startup_a34xxxx.o(RESET)
</UL>
<P><STRONG><a name="[26]"></a>Interrupt28_Handler</STRONG> (Thumb, 2 bytes, Stack size 0 bytes, startup_a34xxxx.o(.text.Default_Handler))
<BR>[Address Reference Count : 1]<UL><LI> startup_a34xxxx.o(RESET)
</UL>
<P><STRONG><a name="[27]"></a>Interrupt29_Handler</STRONG> (Thumb, 2 bytes, Stack size 0 bytes, startup_a34xxxx.o(.text.Default_Handler))
<BR>[Address Reference Count : 1]<UL><LI> startup_a34xxxx.o(RESET)
</UL>
<P><STRONG><a name="[28]"></a>Interrupt30_Handler</STRONG> (Thumb, 2 bytes, Stack size 0 bytes, startup_a34xxxx.o(.text.Default_Handler))
<BR>[Address Reference Count : 1]<UL><LI> startup_a34xxxx.o(RESET)
</UL>
<P><STRONG><a name="[29]"></a>Interrupt31_Handler</STRONG> (Thumb, 2 bytes, Stack size 0 bytes, startup_a34xxxx.o(.text.Default_Handler))
<BR>[Address Reference Count : 1]<UL><LI> startup_a34xxxx.o(RESET)
</UL>
<P><STRONG><a name="[2a]"></a>Interrupt32_Handler</STRONG> (Thumb, 2 bytes, Stack size 0 bytes, startup_a34xxxx.o(.text.Default_Handler))
<BR>[Address Reference Count : 1]<UL><LI> startup_a34xxxx.o(RESET)
</UL>
<P><STRONG><a name="[2b]"></a>Interrupt33_Handler</STRONG> (Thumb, 2 bytes, Stack size 0 bytes, startup_a34xxxx.o(.text.Default_Handler))
<BR>[Address Reference Count : 1]<UL><LI> startup_a34xxxx.o(RESET)
</UL>
<P><STRONG><a name="[2c]"></a>Interrupt34_Handler</STRONG> (Thumb, 2 bytes, Stack size 0 bytes, startup_a34xxxx.o(.text.Default_Handler))
<BR>[Address Reference Count : 1]<UL><LI> startup_a34xxxx.o(RESET)
</UL>
<P><STRONG><a name="[2d]"></a>Interrupt35_Handler</STRONG> (Thumb, 2 bytes, Stack size 0 bytes, startup_a34xxxx.o(.text.Default_Handler))
<BR>[Address Reference Count : 1]<UL><LI> startup_a34xxxx.o(RESET)
</UL>
<P><STRONG><a name="[35]"></a>Interrupt43_Handler</STRONG> (Thumb, 2 bytes, Stack size 0 bytes, startup_a34xxxx.o(.text.Default_Handler))
<BR>[Address Reference Count : 1]<UL><LI> startup_a34xxxx.o(RESET)
</UL>
<P><STRONG><a name="[36]"></a>Interrupt44_Handler</STRONG> (Thumb, 2 bytes, Stack size 0 bytes, startup_a34xxxx.o(.text.Default_Handler))
<BR>[Address Reference Count : 1]<UL><LI> startup_a34xxxx.o(RESET)
</UL>
<P><STRONG><a name="[37]"></a>Interrupt45_Handler</STRONG> (Thumb, 2 bytes, Stack size 0 bytes, startup_a34xxxx.o(.text.Default_Handler))
<BR>[Address Reference Count : 1]<UL><LI> startup_a34xxxx.o(RESET)
</UL>
<P><STRONG><a name="[38]"></a>Interrupt46_Handler</STRONG> (Thumb, 2 bytes, Stack size 0 bytes, startup_a34xxxx.o(.text.Default_Handler))
<BR>[Address Reference Count : 1]<UL><LI> startup_a34xxxx.o(RESET)
</UL>
<P><STRONG><a name="[39]"></a>Interrupt47_Handler</STRONG> (Thumb, 2 bytes, Stack size 0 bytes, startup_a34xxxx.o(.text.Default_Handler))
<BR>[Address Reference Count : 1]<UL><LI> startup_a34xxxx.o(RESET)
</UL>
<P><STRONG><a name="[3a]"></a>Interrupt48_Handler</STRONG> (Thumb, 2 bytes, Stack size 0 bytes, startup_a34xxxx.o(.text.Default_Handler))
<BR>[Address Reference Count : 1]<UL><LI> startup_a34xxxx.o(RESET)
</UL>
<P><STRONG><a name="[3b]"></a>Interrupt49_Handler</STRONG> (Thumb, 2 bytes, Stack size 0 bytes, startup_a34xxxx.o(.text.Default_Handler))
<BR>[Address Reference Count : 1]<UL><LI> startup_a34xxxx.o(RESET)
</UL>
<P><STRONG><a name="[e]"></a>Interrupt4_Handler</STRONG> (Thumb, 2 bytes, Stack size 0 bytes, startup_a34xxxx.o(.text.Default_Handler))
<BR>[Address Reference Count : 1]<UL><LI> startup_a34xxxx.o(RESET)
</UL>
<P><STRONG><a name="[3c]"></a>Interrupt50_Handler</STRONG> (Thumb, 2 bytes, Stack size 0 bytes, startup_a34xxxx.o(.text.Default_Handler))
<BR>[Address Reference Count : 1]<UL><LI> startup_a34xxxx.o(RESET)
</UL>
<P><STRONG><a name="[3d]"></a>Interrupt51_Handler</STRONG> (Thumb, 2 bytes, Stack size 0 bytes, startup_a34xxxx.o(.text.Default_Handler))
<BR>[Address Reference Count : 1]<UL><LI> startup_a34xxxx.o(RESET)
</UL>
<P><STRONG><a name="[3e]"></a>Interrupt52_Handler</STRONG> (Thumb, 2 bytes, Stack size 0 bytes, startup_a34xxxx.o(.text.Default_Handler))
<BR>[Address Reference Count : 1]<UL><LI> startup_a34xxxx.o(RESET)
</UL>
<P><STRONG><a name="[3f]"></a>Interrupt53_Handler</STRONG> (Thumb, 2 bytes, Stack size 0 bytes, startup_a34xxxx.o(.text.Default_Handler))
<BR>[Address Reference Count : 1]<UL><LI> startup_a34xxxx.o(RESET)
</UL>
<P><STRONG><a name="[40]"></a>Interrupt54_Handler</STRONG> (Thumb, 2 bytes, Stack size 0 bytes, startup_a34xxxx.o(.text.Default_Handler))
<BR>[Address Reference Count : 1]<UL><LI> startup_a34xxxx.o(RESET)
</UL>
<P><STRONG><a name="[41]"></a>Interrupt55_Handler</STRONG> (Thumb, 2 bytes, Stack size 0 bytes, startup_a34xxxx.o(.text.Default_Handler))
<BR>[Address Reference Count : 1]<UL><LI> startup_a34xxxx.o(RESET)
</UL>
<P><STRONG><a name="[42]"></a>Interrupt56_Handler</STRONG> (Thumb, 2 bytes, Stack size 0 bytes, startup_a34xxxx.o(.text.Default_Handler))
<BR>[Address Reference Count : 1]<UL><LI> startup_a34xxxx.o(RESET)
</UL>
<P><STRONG><a name="[43]"></a>Interrupt57_Handler</STRONG> (Thumb, 2 bytes, Stack size 0 bytes, startup_a34xxxx.o(.text.Default_Handler))
<BR>[Address Reference Count : 1]<UL><LI> startup_a34xxxx.o(RESET)
</UL>
<P><STRONG><a name="[44]"></a>Interrupt58_Handler</STRONG> (Thumb, 2 bytes, Stack size 0 bytes, startup_a34xxxx.o(.text.Default_Handler))
<BR>[Address Reference Count : 1]<UL><LI> startup_a34xxxx.o(RESET)
</UL>
<P><STRONG><a name="[45]"></a>Interrupt59_Handler</STRONG> (Thumb, 2 bytes, Stack size 0 bytes, startup_a34xxxx.o(.text.Default_Handler))
<BR>[Address Reference Count : 1]<UL><LI> startup_a34xxxx.o(RESET)
</UL>
<P><STRONG><a name="[f]"></a>Interrupt5_Handler</STRONG> (Thumb, 2 bytes, Stack size 0 bytes, startup_a34xxxx.o(.text.Default_Handler))
<BR>[Address Reference Count : 1]<UL><LI> startup_a34xxxx.o(RESET)
</UL>
<P><STRONG><a name="[4f]"></a>Interrupt69_Handler</STRONG> (Thumb, 2 bytes, Stack size 0 bytes, startup_a34xxxx.o(.text.Default_Handler))
<BR>[Address Reference Count : 1]<UL><LI> startup_a34xxxx.o(RESET)
</UL>
<P><STRONG><a name="[10]"></a>Interrupt6_Handler</STRONG> (Thumb, 2 bytes, Stack size 0 bytes, startup_a34xxxx.o(.text.Default_Handler))
<BR>[Address Reference Count : 1]<UL><LI> startup_a34xxxx.o(RESET)
</UL>
<P><STRONG><a name="[50]"></a>Interrupt70_Handler</STRONG> (Thumb, 2 bytes, Stack size 0 bytes, startup_a34xxxx.o(.text.Default_Handler))
<BR>[Address Reference Count : 1]<UL><LI> startup_a34xxxx.o(RESET)
</UL>
<P><STRONG><a name="[51]"></a>Interrupt71_Handler</STRONG> (Thumb, 2 bytes, Stack size 0 bytes, startup_a34xxxx.o(.text.Default_Handler))
<BR>[Address Reference Count : 1]<UL><LI> startup_a34xxxx.o(RESET)
</UL>
<P><STRONG><a name="[52]"></a>Interrupt72_Handler</STRONG> (Thumb, 2 bytes, Stack size 0 bytes, startup_a34xxxx.o(.text.Default_Handler))
<BR>[Address Reference Count : 1]<UL><LI> startup_a34xxxx.o(RESET)
</UL>
<P><STRONG><a name="[53]"></a>Interrupt73_Handler</STRONG> (Thumb, 2 bytes, Stack size 0 bytes, startup_a34xxxx.o(.text.Default_Handler))
<BR>[Address Reference Count : 1]<UL><LI> startup_a34xxxx.o(RESET)
</UL>
<P><STRONG><a name="[57]"></a>Interrupt77_Handler</STRONG> (Thumb, 2 bytes, Stack size 0 bytes, startup_a34xxxx.o(.text.Default_Handler))
<BR>[Address Reference Count : 1]<UL><LI> startup_a34xxxx.o(RESET)
</UL>
<P><STRONG><a name="[58]"></a>Interrupt78_Handler</STRONG> (Thumb, 2 bytes, Stack size 0 bytes, startup_a34xxxx.o(.text.Default_Handler))
<BR>[Address Reference Count : 1]<UL><LI> startup_a34xxxx.o(RESET)
</UL>
<P><STRONG><a name="[59]"></a>Interrupt79_Handler</STRONG> (Thumb, 2 bytes, Stack size 0 bytes, startup_a34xxxx.o(.text.Default_Handler))
<BR>[Address Reference Count : 1]<UL><LI> startup_a34xxxx.o(RESET)
</UL>
<P><STRONG><a name="[11]"></a>Interrupt7_Handler</STRONG> (Thumb, 2 bytes, Stack size 0 bytes, startup_a34xxxx.o(.text.Default_Handler))
<BR>[Address Reference Count : 1]<UL><LI> startup_a34xxxx.o(RESET)
</UL>
<P><STRONG><a name="[5a]"></a>Interrupt80_Handler</STRONG> (Thumb, 2 bytes, Stack size 0 bytes, startup_a34xxxx.o(.text.Default_Handler))
<BR>[Address Reference Count : 1]<UL><LI> startup_a34xxxx.o(RESET)
</UL>
<P><STRONG><a name="[5b]"></a>Interrupt81_Handler</STRONG> (Thumb, 2 bytes, Stack size 0 bytes, startup_a34xxxx.o(.text.Default_Handler))
<BR>[Address Reference Count : 1]<UL><LI> startup_a34xxxx.o(RESET)
</UL>
<P><STRONG><a name="[5c]"></a>Interrupt82_Handler</STRONG> (Thumb, 2 bytes, Stack size 0 bytes, startup_a34xxxx.o(.text.Default_Handler))
<BR>[Address Reference Count : 1]<UL><LI> startup_a34xxxx.o(RESET)
</UL>
<P><STRONG><a name="[5d]"></a>Interrupt83_Handler</STRONG> (Thumb, 2 bytes, Stack size 0 bytes, startup_a34xxxx.o(.text.Default_Handler))
<BR>[Address Reference Count : 1]<UL><LI> startup_a34xxxx.o(RESET)
</UL>
<P><STRONG><a name="[5e]"></a>Interrupt84_Handler</STRONG> (Thumb, 2 bytes, Stack size 0 bytes, startup_a34xxxx.o(.text.Default_Handler))
<BR>[Address Reference Count : 1]<UL><LI> startup_a34xxxx.o(RESET)
</UL>
<P><STRONG><a name="[5f]"></a>Interrupt85_Handler</STRONG> (Thumb, 2 bytes, Stack size 0 bytes, startup_a34xxxx.o(.text.Default_Handler))
<BR>[Address Reference Count : 1]<UL><LI> startup_a34xxxx.o(RESET)
</UL>
<P><STRONG><a name="[60]"></a>Interrupt86_Handler</STRONG> (Thumb, 2 bytes, Stack size 0 bytes, startup_a34xxxx.o(.text.Default_Handler))
<BR>[Address Reference Count : 1]<UL><LI> startup_a34xxxx.o(RESET)
</UL>
<P><STRONG><a name="[61]"></a>Interrupt87_Handler</STRONG> (Thumb, 2 bytes, Stack size 0 bytes, startup_a34xxxx.o(.text.Default_Handler))
<BR>[Address Reference Count : 1]<UL><LI> startup_a34xxxx.o(RESET)
</UL>
<P><STRONG><a name="[62]"></a>Interrupt88_Handler</STRONG> (Thumb, 2 bytes, Stack size 0 bytes, startup_a34xxxx.o(.text.Default_Handler))
<BR>[Address Reference Count : 1]<UL><LI> startup_a34xxxx.o(RESET)
</UL>
<P><STRONG><a name="[63]"></a>Interrupt89_Handler</STRONG> (Thumb, 2 bytes, Stack size 0 bytes, startup_a34xxxx.o(.text.Default_Handler))
<BR>[Address Reference Count : 1]<UL><LI> startup_a34xxxx.o(RESET)
</UL>
<P><STRONG><a name="[12]"></a>Interrupt8_Handler</STRONG> (Thumb, 2 bytes, Stack size 0 bytes, startup_a34xxxx.o(.text.Default_Handler))
<BR>[Address Reference Count : 1]<UL><LI> startup_a34xxxx.o(RESET)
</UL>
<P><STRONG><a name="[64]"></a>Interrupt90_Handler</STRONG> (Thumb, 2 bytes, Stack size 0 bytes, startup_a34xxxx.o(.text.Default_Handler))
<BR>[Address Reference Count : 1]<UL><LI> startup_a34xxxx.o(RESET)
</UL>
<P><STRONG><a name="[65]"></a>Interrupt91_Handler</STRONG> (Thumb, 2 bytes, Stack size 0 bytes, startup_a34xxxx.o(.text.Default_Handler))
<BR>[Address Reference Count : 1]<UL><LI> startup_a34xxxx.o(RESET)
</UL>
<P><STRONG><a name="[66]"></a>Interrupt92_Handler</STRONG> (Thumb, 2 bytes, Stack size 0 bytes, startup_a34xxxx.o(.text.Default_Handler))
<BR>[Address Reference Count : 1]<UL><LI> startup_a34xxxx.o(RESET)
</UL>
<P><STRONG><a name="[67]"></a>Interrupt93_Handler</STRONG> (Thumb, 2 bytes, Stack size 0 bytes, startup_a34xxxx.o(.text.Default_Handler))
<BR>[Address Reference Count : 1]<UL><LI> startup_a34xxxx.o(RESET)
</UL>
<P><STRONG><a name="[68]"></a>Interrupt94_Handler</STRONG> (Thumb, 2 bytes, Stack size 0 bytes, startup_a34xxxx.o(.text.Default_Handler))
<BR>[Address Reference Count : 1]<UL><LI> startup_a34xxxx.o(RESET)
</UL>
<P><STRONG><a name="[69]"></a>Interrupt95_Handler</STRONG> (Thumb, 2 bytes, Stack size 0 bytes, startup_a34xxxx.o(.text.Default_Handler))
<BR>[Address Reference Count : 1]<UL><LI> startup_a34xxxx.o(RESET)
</UL>
<P><STRONG><a name="[6a]"></a>Interrupt96_Handler</STRONG> (Thumb, 2 bytes, Stack size 0 bytes, startup_a34xxxx.o(.text.Default_Handler))
<BR>[Address Reference Count : 1]<UL><LI> startup_a34xxxx.o(RESET)
</UL>
<P><STRONG><a name="[6b]"></a>Interrupt97_Handler</STRONG> (Thumb, 2 bytes, Stack size 0 bytes, startup_a34xxxx.o(.text.Default_Handler))
<BR>[Address Reference Count : 1]<UL><LI> startup_a34xxxx.o(RESET)
</UL>
<P><STRONG><a name="[6c]"></a>Interrupt98_Handler</STRONG> (Thumb, 2 bytes, Stack size 0 bytes, startup_a34xxxx.o(.text.Default_Handler))
<BR>[Address Reference Count : 1]<UL><LI> startup_a34xxxx.o(RESET)
</UL>
<P><STRONG><a name="[6d]"></a>Interrupt99_Handler</STRONG> (Thumb, 2 bytes, Stack size 0 bytes, startup_a34xxxx.o(.text.Default_Handler))
<BR>[Address Reference Count : 1]<UL><LI> startup_a34xxxx.o(RESET)
</UL>
<P><STRONG><a name="[13]"></a>Interrupt9_Handler</STRONG> (Thumb, 2 bytes, Stack size 0 bytes, startup_a34xxxx.o(.text.Default_Handler))
<BR>[Address Reference Count : 1]<UL><LI> startup_a34xxxx.o(RESET)
</UL>
<P><STRONG><a name="[3]"></a>MemManage_Handler</STRONG> (Thumb, 2 bytes, Stack size 0 bytes, startup_a34xxxx.o(.text.Default_Handler))
<BR>[Address Reference Count : 1]<UL><LI> startup_a34xxxx.o(RESET)
</UL>
<P><STRONG><a name="[8]"></a>PendSV_Handler</STRONG> (Thumb, 2 bytes, Stack size 0 bytes, startup_a34xxxx.o(.text.Default_Handler))
<BR>[Address Reference Count : 1]<UL><LI> startup_a34xxxx.o(RESET)
</UL>
<P><STRONG><a name="[6]"></a>SVC_Handler</STRONG> (Thumb, 2 bytes, Stack size 0 bytes, startup_a34xxxx.o(.text.Default_Handler))
<BR>[Address Reference Count : 1]<UL><LI> startup_a34xxxx.o(RESET)
</UL>
<P><STRONG><a name="[5]"></a>UsageFault_Handler</STRONG> (Thumb, 2 bytes, Stack size 0 bytes, startup_a34xxxx.o(.text.Default_Handler))
<BR>[Address Reference Count : 1]<UL><LI> startup_a34xxxx.o(RESET)
</UL>
<P><STRONG><a name="[c6]"></a>HAL_ADC_Init</STRONG> (Thumb, 180 bytes, Stack size 8 bytes, hal_adc.o(.text.HAL_ADC_Init))
<BR><BR>[Stack]<UL><LI>Max Depth = 8<LI>Call Chain = HAL_ADC_Init
</UL>
<BR>[Called By]<UL><LI><a href="#[c5]">&gt;&gt;</a>&nbsp;&nbsp;&nbsp;PRV_ADC_Init
</UL>

<P><STRONG><a name="[c7]"></a>HAL_ADC_SetClkConfig</STRONG> (Thumb, 52 bytes, Stack size 0 bytes, hal_adc.o(.text.HAL_ADC_SetClkConfig))
<BR><BR>[Called By]<UL><LI><a href="#[c5]">&gt;&gt;</a>&nbsp;&nbsp;&nbsp;PRV_ADC_Init
</UL>

<P><STRONG><a name="[c8]"></a>HAL_ADC_SetConfig</STRONG> (Thumb, 166 bytes, Stack size 16 bytes, hal_adc.o(.text.HAL_ADC_SetConfig))
<BR><BR>[Stack]<UL><LI>Max Depth = 16<LI>Call Chain = HAL_ADC_SetConfig
</UL>
<BR>[Called By]<UL><LI><a href="#[c5]">&gt;&gt;</a>&nbsp;&nbsp;&nbsp;PRV_ADC_Init
</UL>

<P><STRONG><a name="[b0]"></a>HAL_ADC_SetIRQ</STRONG> (Thumb, 248 bytes, Stack size 32 bytes, hal_adc.o(.text.HAL_ADC_SetIRQ))
<BR><BR>[Stack]<UL><LI>Max Depth = 40<LI>Call Chain = HAL_ADC_SetIRQ &rArr; HPL_NMI_SetSource
</UL>
<BR>[Calls]<UL><LI><a href="#[b1]">&gt;&gt;</a>&nbsp;&nbsp;&nbsp;HPL_NMI_SetSource
</UL>
<BR>[Called By]<UL><LI><a href="#[c5]">&gt;&gt;</a>&nbsp;&nbsp;&nbsp;PRV_ADC_Init
</UL>

<P><STRONG><a name="[b2]"></a>HAL_I2C_Init</STRONG> (Thumb, 72 bytes, Stack size 8 bytes, hal_i2c.o(.text.HAL_I2C_Init))
<BR><BR>[Stack]<UL><LI>Max Depth = 8<LI>Call Chain = HAL_I2C_Init
</UL>
<BR>[Calls]<UL><LI><a href="#[b3]">&gt;&gt;</a>&nbsp;&nbsp;&nbsp;__aeabi_memclr4
</UL>
<BR>[Called By]<UL><LI><a href="#[c9]">&gt;&gt;</a>&nbsp;&nbsp;&nbsp;PRV_I2C_Init
</UL>

<P><STRONG><a name="[ca]"></a>HAL_I2C_SetConfig</STRONG> (Thumb, 170 bytes, Stack size 16 bytes, hal_i2c.o(.text.HAL_I2C_SetConfig))
<BR><BR>[Stack]<UL><LI>Max Depth = 16<LI>Call Chain = HAL_I2C_SetConfig
</UL>
<BR>[Called By]<UL><LI><a href="#[c9]">&gt;&gt;</a>&nbsp;&nbsp;&nbsp;PRV_I2C_Init
</UL>

<P><STRONG><a name="[b4]"></a>HAL_I2C_SetIRQ</STRONG> (Thumb, 304 bytes, Stack size 40 bytes, hal_i2c.o(.text.HAL_I2C_SetIRQ))
<BR><BR>[Stack]<UL><LI>Max Depth = 48<LI>Call Chain = HAL_I2C_SetIRQ &rArr; HPL_NMI_SetSource
</UL>
<BR>[Calls]<UL><LI><a href="#[b1]">&gt;&gt;</a>&nbsp;&nbsp;&nbsp;HPL_NMI_SetSource
</UL>
<BR>[Called By]<UL><LI><a href="#[c9]">&gt;&gt;</a>&nbsp;&nbsp;&nbsp;PRV_I2C_Init
</UL>

<P><STRONG><a name="[d9]"></a>HAL_I2C_WriteRead</STRONG> (Thumb, 782 bytes, Stack size 48 bytes, hal_i2c.o(.text.HAL_I2C_WriteRead))
<BR><BR>[Stack]<UL><LI>Max Depth = 48<LI>Call Chain = HAL_I2C_WriteRead
</UL>
<BR>[Called By]<UL><LI><a href="#[bc]">&gt;&gt;</a>&nbsp;&nbsp;&nbsp;lis2de12_boot_set
<LI><a href="#[c0]">&gt;&gt;</a>&nbsp;&nbsp;&nbsp;lis2de12_full_scale_set
<LI><a href="#[c2]">&gt;&gt;</a>&nbsp;&nbsp;&nbsp;lis2de12_write_reg
<LI><a href="#[c3]">&gt;&gt;</a>&nbsp;&nbsp;&nbsp;lis2de12_read_reg
<LI><a href="#[be]">&gt;&gt;</a>&nbsp;&nbsp;&nbsp;lis2de12_data_rate_set
<LI><a href="#[bd]">&gt;&gt;</a>&nbsp;&nbsp;&nbsp;lis2de12_device_id_get
<LI><a href="#[bf]">&gt;&gt;</a>&nbsp;&nbsp;&nbsp;lis2de12_block_data_update_set
<LI><a href="#[c1]">&gt;&gt;</a>&nbsp;&nbsp;&nbsp;lis2de12_temperature_meas_set
</UL>

<P><STRONG><a name="[a7]"></a>HAL_PCU_SetAltMode</STRONG> (Thumb, 154 bytes, Stack size 8 bytes, hal_pcu.o(.text.HAL_PCU_SetAltMode))
<BR><BR>[Stack]<UL><LI>Max Depth = 8<LI>Call Chain = HAL_PCU_SetAltMode
</UL>
<BR>[Called By]<UL><LI><a href="#[a6]">&gt;&gt;</a>&nbsp;&nbsp;&nbsp;DebugFramework_Init
<LI><a href="#[d7]">&gt;&gt;</a>&nbsp;&nbsp;&nbsp;PRV_USER_Code
</UL>

<P><STRONG><a name="[b5]"></a>HAL_SCU_CLK_SetMClk</STRONG> (Thumb, 410 bytes, Stack size 24 bytes, hal_scu_clk.o(.text.HAL_SCU_CLK_SetMClk))
<BR><BR>[Stack]<UL><LI>Max Depth = 24<LI>Call Chain = HAL_SCU_CLK_SetMClk
</UL>
<BR>[Calls]<UL><LI><a href="#[b6]">&gt;&gt;</a>&nbsp;&nbsp;&nbsp;SystemDelayUS
</UL>
<BR>[Called By]<UL><LI><a href="#[cb]">&gt;&gt;</a>&nbsp;&nbsp;&nbsp;PRV_SCU_CLK_Init
</UL>

<P><STRONG><a name="[cf]"></a>HAL_SCU_CLK_SetOutput</STRONG> (Thumb, 100 bytes, Stack size 0 bytes, hal_scu_clk.o(.text.HAL_SCU_CLK_SetOutput))
<BR><BR>[Called By]<UL><LI><a href="#[cb]">&gt;&gt;</a>&nbsp;&nbsp;&nbsp;PRV_SCU_CLK_Init
</UL>

<P><STRONG><a name="[ce]"></a>HAL_SCU_CLK_SetPClkDiv</STRONG> (Thumb, 58 bytes, Stack size 0 bytes, hal_scu_clk.o(.text.HAL_SCU_CLK_SetPClkDiv))
<BR><BR>[Called By]<UL><LI><a href="#[cb]">&gt;&gt;</a>&nbsp;&nbsp;&nbsp;PRV_SCU_CLK_Init
</UL>

<P><STRONG><a name="[cd]"></a>HAL_SCU_CLK_SetPLLConfig</STRONG> (Thumb, 438 bytes, Stack size 32 bytes, hal_scu_clk.o(.text.HAL_SCU_CLK_SetPLLConfig))
<BR><BR>[Stack]<UL><LI>Max Depth = 32<LI>Call Chain = HAL_SCU_CLK_SetPLLConfig
</UL>
<BR>[Called By]<UL><LI><a href="#[cb]">&gt;&gt;</a>&nbsp;&nbsp;&nbsp;PRV_SCU_CLK_Init
</UL>

<P><STRONG><a name="[cc]"></a>HAL_SCU_CLK_SetSrcEnable</STRONG> (Thumb, 56 bytes, Stack size 0 bytes, hal_scu_clk.o(.text.HAL_SCU_CLK_SetSrcEnable))
<BR><BR>[Called By]<UL><LI><a href="#[cb]">&gt;&gt;</a>&nbsp;&nbsp;&nbsp;PRV_SCU_CLK_Init
</UL>

<P><STRONG><a name="[d1]"></a>HAL_TIMER1_Init</STRONG> (Thumb, 106 bytes, Stack size 8 bytes, hal_timer1.o(.text.HAL_TIMER1_Init))
<BR><BR>[Stack]<UL><LI>Max Depth = 8<LI>Call Chain = HAL_TIMER1_Init
</UL>
<BR>[Called By]<UL><LI><a href="#[d0]">&gt;&gt;</a>&nbsp;&nbsp;&nbsp;PRV_Timer1_Init
</UL>

<P><STRONG><a name="[d2]"></a>HAL_TIMER1_SetClkConfig</STRONG> (Thumb, 244 bytes, Stack size 20 bytes, hal_timer1.o(.text.HAL_TIMER1_SetClkConfig))
<BR><BR>[Stack]<UL><LI>Max Depth = 20<LI>Call Chain = HAL_TIMER1_SetClkConfig
</UL>
<BR>[Called By]<UL><LI><a href="#[d0]">&gt;&gt;</a>&nbsp;&nbsp;&nbsp;PRV_Timer1_Init
</UL>

<P><STRONG><a name="[d3]"></a>HAL_TIMER1_SetConfig</STRONG> (Thumb, 252 bytes, Stack size 16 bytes, hal_timer1.o(.text.HAL_TIMER1_SetConfig))
<BR><BR>[Stack]<UL><LI>Max Depth = 16<LI>Call Chain = HAL_TIMER1_SetConfig
</UL>
<BR>[Called By]<UL><LI><a href="#[d0]">&gt;&gt;</a>&nbsp;&nbsp;&nbsp;PRV_Timer1_Init
</UL>

<P><STRONG><a name="[b7]"></a>HAL_TIMER1_SetIRQ</STRONG> (Thumb, 368 bytes, Stack size 32 bytes, hal_timer1.o(.text.HAL_TIMER1_SetIRQ))
<BR><BR>[Stack]<UL><LI>Max Depth = 40<LI>Call Chain = HAL_TIMER1_SetIRQ &rArr; HPL_NMI_SetSource
</UL>
<BR>[Calls]<UL><LI><a href="#[b1]">&gt;&gt;</a>&nbsp;&nbsp;&nbsp;HPL_NMI_SetSource
</UL>
<BR>[Called By]<UL><LI><a href="#[d0]">&gt;&gt;</a>&nbsp;&nbsp;&nbsp;PRV_Timer1_Init
</UL>

<P><STRONG><a name="[d4]"></a>HAL_TIMER1_SetInOutPort</STRONG> (Thumb, 40 bytes, Stack size 0 bytes, hal_timer1.o(.text.HAL_TIMER1_SetInOutPort))
<BR><BR>[Called By]<UL><LI><a href="#[d0]">&gt;&gt;</a>&nbsp;&nbsp;&nbsp;PRV_Timer1_Init
</UL>

<P><STRONG><a name="[d5]"></a>HAL_TIMER1_SetInversionPort</STRONG> (Thumb, 40 bytes, Stack size 0 bytes, hal_timer1.o(.text.HAL_TIMER1_SetInversionPort))
<BR><BR>[Called By]<UL><LI><a href="#[d0]">&gt;&gt;</a>&nbsp;&nbsp;&nbsp;PRV_Timer1_Init
</UL>

<P><STRONG><a name="[a8]"></a>HAL_UART_Init</STRONG> (Thumb, 168 bytes, Stack size 8 bytes, hal_uart.o(.text.HAL_UART_Init))
<BR><BR>[Stack]<UL><LI>Max Depth = 8<LI>Call Chain = HAL_UART_Init
</UL>
<BR>[Calls]<UL><LI><a href="#[b3]">&gt;&gt;</a>&nbsp;&nbsp;&nbsp;__aeabi_memclr4
</UL>
<BR>[Called By]<UL><LI><a href="#[a6]">&gt;&gt;</a>&nbsp;&nbsp;&nbsp;DebugFramework_Init
<LI><a href="#[d6]">&gt;&gt;</a>&nbsp;&nbsp;&nbsp;PRV_UART_Init
</UL>

<P><STRONG><a name="[a9]"></a>HAL_UART_SetClkConfig</STRONG> (Thumb, 150 bytes, Stack size 8 bytes, hal_uart.o(.text.HAL_UART_SetClkConfig))
<BR><BR>[Stack]<UL><LI>Max Depth = 8<LI>Call Chain = HAL_UART_SetClkConfig
</UL>
<BR>[Called By]<UL><LI><a href="#[a6]">&gt;&gt;</a>&nbsp;&nbsp;&nbsp;DebugFramework_Init
<LI><a href="#[d6]">&gt;&gt;</a>&nbsp;&nbsp;&nbsp;PRV_UART_Init
</UL>

<P><STRONG><a name="[aa]"></a>HAL_UART_SetConfig</STRONG> (Thumb, 156 bytes, Stack size 0 bytes, hal_uart.o(.text.HAL_UART_SetConfig))
<BR><BR>[Called By]<UL><LI><a href="#[a6]">&gt;&gt;</a>&nbsp;&nbsp;&nbsp;DebugFramework_Init
<LI><a href="#[d6]">&gt;&gt;</a>&nbsp;&nbsp;&nbsp;PRV_UART_Init
</UL>

<P><STRONG><a name="[ab]"></a>HAL_UART_SetIRQ</STRONG> (Thumb, 362 bytes, Stack size 32 bytes, hal_uart.o(.text.HAL_UART_SetIRQ))
<BR><BR>[Stack]<UL><LI>Max Depth = 40<LI>Call Chain = HAL_UART_SetIRQ &rArr; HPL_NMI_SetSource
</UL>
<BR>[Calls]<UL><LI><a href="#[b1]">&gt;&gt;</a>&nbsp;&nbsp;&nbsp;HPL_NMI_SetSource
</UL>
<BR>[Called By]<UL><LI><a href="#[a6]">&gt;&gt;</a>&nbsp;&nbsp;&nbsp;DebugFramework_Init
<LI><a href="#[d6]">&gt;&gt;</a>&nbsp;&nbsp;&nbsp;PRV_UART_Init
</UL>

<P><STRONG><a name="[ae]"></a>HAL_UART_Transmit</STRONG> (Thumb, 190 bytes, Stack size 8 bytes, hal_uart.o(.text.HAL_UART_Transmit))
<BR><BR>[Stack]<UL><LI>Max Depth = 8<LI>Call Chain = HAL_UART_Transmit
</UL>
<BR>[Called By]<UL><LI><a href="#[ac]">&gt;&gt;</a>&nbsp;&nbsp;&nbsp;DebugFramework_Printf
<LI><a href="#[af]">&gt;&gt;</a>&nbsp;&nbsp;&nbsp;DebugFramework_PutsLine
</UL>

<P><STRONG><a name="[b1]"></a>HPL_NMI_SetSource</STRONG> (Thumb, 72 bytes, Stack size 8 bytes, hpl_nmi.o(.text.HPL_NMI_SetSource))
<BR><BR>[Stack]<UL><LI>Max Depth = 8<LI>Call Chain = HPL_NMI_SetSource
</UL>
<BR>[Called By]<UL><LI><a href="#[ab]">&gt;&gt;</a>&nbsp;&nbsp;&nbsp;HAL_UART_SetIRQ
<LI><a href="#[b7]">&gt;&gt;</a>&nbsp;&nbsp;&nbsp;HAL_TIMER1_SetIRQ
<LI><a href="#[b4]">&gt;&gt;</a>&nbsp;&nbsp;&nbsp;HAL_I2C_SetIRQ
<LI><a href="#[b0]">&gt;&gt;</a>&nbsp;&nbsp;&nbsp;HAL_ADC_SetIRQ
</UL>

<P><STRONG><a name="[2]"></a>HardFault_Handler</STRONG> (Thumb, 2 bytes, Stack size 0 bytes, startup_a34xxxx.o(.text.HardFault_Handler))
<BR><BR>[Calls]<UL><LI><a href="#[2]">&gt;&gt;</a>&nbsp;&nbsp;&nbsp;HardFault_Handler
</UL>
<BR>[Called By]<UL><LI><a href="#[2]">&gt;&gt;</a>&nbsp;&nbsp;&nbsp;HardFault_Handler
</UL>
<BR>[Address Reference Count : 1]<UL><LI> startup_a34xxxx.o(RESET)
</UL>
<P><STRONG><a name="[8e]"></a>I2C_IRQHandler_I2C_ID_0</STRONG> (Thumb, 2 bytes, Stack size 0 bytes, user_i2c_isr.o(.text.I2C_IRQHandler_I2C_ID_0))
<BR>[Address Reference Count : 1]<UL><LI> user_i2c.o(.text.PRV_I2C_Init)
</UL>
<P><STRONG><a name="[8f]"></a>I2C_IRQHandler_I2C_ID_2</STRONG> (Thumb, 2 bytes, Stack size 0 bytes, user_i2c_isr.o(.text.I2C_IRQHandler_I2C_ID_2))
<BR>[Address Reference Count : 1]<UL><LI> user_i2c.o(.text.PRV_I2C_Init)
</UL>
<P><STRONG><a name="[6e]"></a>Interrupt100_Handler</STRONG> (Thumb, 6 bytes, Stack size 0 bytes, hal_i2c.o(.text.Interrupt100_Handler))
<BR><BR>[Stack]<UL><LI>Max Depth = 24<LI>Call Chain = Interrupt100_Handler &rArr; PRV_I2C_IRQHandler
</UL>
<BR>[Calls]<UL><LI><a href="#[b8]">&gt;&gt;</a>&nbsp;&nbsp;&nbsp;PRV_I2C_IRQHandler
</UL>
<BR>[Address Reference Count : 1]<UL><LI> startup_a34xxxx.o(RESET)
</UL>
<P><STRONG><a name="[76]"></a>Interrupt108_Handler</STRONG> (Thumb, 6 bytes, Stack size 0 bytes, hal_uart.o(.text.Interrupt108_Handler))
<BR><BR>[Stack]<UL><LI>Max Depth = 16<LI>Call Chain = Interrupt108_Handler &rArr; PRV_UART_IRQHandler
</UL>
<BR>[Calls]<UL><LI><a href="#[b9]">&gt;&gt;</a>&nbsp;&nbsp;&nbsp;PRV_UART_IRQHandler
</UL>
<BR>[Address Reference Count : 1]<UL><LI> startup_a34xxxx.o(RESET)
</UL>
<P><STRONG><a name="[77]"></a>Interrupt109_Handler</STRONG> (Thumb, 6 bytes, Stack size 0 bytes, hal_uart.o(.text.Interrupt109_Handler))
<BR><BR>[Stack]<UL><LI>Max Depth = 16<LI>Call Chain = Interrupt109_Handler &rArr; PRV_UART_IRQHandler
</UL>
<BR>[Calls]<UL><LI><a href="#[b9]">&gt;&gt;</a>&nbsp;&nbsp;&nbsp;PRV_UART_IRQHandler
</UL>
<BR>[Address Reference Count : 1]<UL><LI> startup_a34xxxx.o(RESET)
</UL>
<P><STRONG><a name="[78]"></a>Interrupt110_Handler</STRONG> (Thumb, 6 bytes, Stack size 0 bytes, hal_uart.o(.text.Interrupt110_Handler))
<BR><BR>[Stack]<UL><LI>Max Depth = 16<LI>Call Chain = Interrupt110_Handler &rArr; PRV_UART_IRQHandler
</UL>
<BR>[Calls]<UL><LI><a href="#[b9]">&gt;&gt;</a>&nbsp;&nbsp;&nbsp;PRV_UART_IRQHandler
</UL>
<BR>[Address Reference Count : 1]<UL><LI> startup_a34xxxx.o(RESET)
</UL>
<P><STRONG><a name="[79]"></a>Interrupt111_Handler</STRONG> (Thumb, 6 bytes, Stack size 0 bytes, hal_uart.o(.text.Interrupt111_Handler))
<BR><BR>[Stack]<UL><LI>Max Depth = 16<LI>Call Chain = Interrupt111_Handler &rArr; PRV_UART_IRQHandler
</UL>
<BR>[Calls]<UL><LI><a href="#[b9]">&gt;&gt;</a>&nbsp;&nbsp;&nbsp;PRV_UART_IRQHandler
</UL>
<BR>[Address Reference Count : 1]<UL><LI> startup_a34xxxx.o(RESET)
</UL>
<P><STRONG><a name="[7a]"></a>Interrupt112_Handler</STRONG> (Thumb, 6 bytes, Stack size 0 bytes, hal_uart.o(.text.Interrupt112_Handler))
<BR><BR>[Stack]<UL><LI>Max Depth = 16<LI>Call Chain = Interrupt112_Handler &rArr; PRV_UART_IRQHandler
</UL>
<BR>[Calls]<UL><LI><a href="#[b9]">&gt;&gt;</a>&nbsp;&nbsp;&nbsp;PRV_UART_IRQHandler
</UL>
<BR>[Address Reference Count : 1]<UL><LI> startup_a34xxxx.o(RESET)
</UL>
<P><STRONG><a name="[7b]"></a>Interrupt113_Handler</STRONG> (Thumb, 6 bytes, Stack size 0 bytes, hal_uart.o(.text.Interrupt113_Handler))
<BR><BR>[Stack]<UL><LI>Max Depth = 16<LI>Call Chain = Interrupt113_Handler &rArr; PRV_UART_IRQHandler
</UL>
<BR>[Calls]<UL><LI><a href="#[b9]">&gt;&gt;</a>&nbsp;&nbsp;&nbsp;PRV_UART_IRQHandler
</UL>
<BR>[Address Reference Count : 1]<UL><LI> startup_a34xxxx.o(RESET)
</UL>
<P><STRONG><a name="[7c]"></a>Interrupt114_Handler</STRONG> (Thumb, 6 bytes, Stack size 0 bytes, hal_uart.o(.text.Interrupt114_Handler))
<BR><BR>[Stack]<UL><LI>Max Depth = 16<LI>Call Chain = Interrupt114_Handler &rArr; PRV_UART_IRQHandler
</UL>
<BR>[Calls]<UL><LI><a href="#[b9]">&gt;&gt;</a>&nbsp;&nbsp;&nbsp;PRV_UART_IRQHandler
</UL>
<BR>[Address Reference Count : 1]<UL><LI> startup_a34xxxx.o(RESET)
</UL>
<P><STRONG><a name="[19]"></a>Interrupt15_Handler</STRONG> (Thumb, 6 bytes, Stack size 0 bytes, hal_timer1.o(.text.Interrupt15_Handler))
<BR><BR>[Stack]<UL><LI>Max Depth = 8<LI>Call Chain = Interrupt15_Handler &rArr; PRV_TIMER1_IRQHandler
</UL>
<BR>[Calls]<UL><LI><a href="#[ba]">&gt;&gt;</a>&nbsp;&nbsp;&nbsp;PRV_TIMER1_IRQHandler
</UL>
<BR>[Address Reference Count : 1]<UL><LI> startup_a34xxxx.o(RESET)
</UL>
<P><STRONG><a name="[1a]"></a>Interrupt16_Handler</STRONG> (Thumb, 6 bytes, Stack size 0 bytes, hal_timer1.o(.text.Interrupt16_Handler))
<BR><BR>[Stack]<UL><LI>Max Depth = 8<LI>Call Chain = Interrupt16_Handler &rArr; PRV_TIMER1_IRQHandler
</UL>
<BR>[Calls]<UL><LI><a href="#[ba]">&gt;&gt;</a>&nbsp;&nbsp;&nbsp;PRV_TIMER1_IRQHandler
</UL>
<BR>[Address Reference Count : 1]<UL><LI> startup_a34xxxx.o(RESET)
</UL>
<P><STRONG><a name="[1b]"></a>Interrupt17_Handler</STRONG> (Thumb, 6 bytes, Stack size 0 bytes, hal_timer1.o(.text.Interrupt17_Handler))
<BR><BR>[Stack]<UL><LI>Max Depth = 8<LI>Call Chain = Interrupt17_Handler &rArr; PRV_TIMER1_IRQHandler
</UL>
<BR>[Calls]<UL><LI><a href="#[ba]">&gt;&gt;</a>&nbsp;&nbsp;&nbsp;PRV_TIMER1_IRQHandler
</UL>
<BR>[Address Reference Count : 1]<UL><LI> startup_a34xxxx.o(RESET)
</UL>
<P><STRONG><a name="[1c]"></a>Interrupt18_Handler</STRONG> (Thumb, 6 bytes, Stack size 0 bytes, hal_timer1.o(.text.Interrupt18_Handler))
<BR><BR>[Stack]<UL><LI>Max Depth = 8<LI>Call Chain = Interrupt18_Handler &rArr; PRV_TIMER1_IRQHandler
</UL>
<BR>[Calls]<UL><LI><a href="#[ba]">&gt;&gt;</a>&nbsp;&nbsp;&nbsp;PRV_TIMER1_IRQHandler
</UL>
<BR>[Address Reference Count : 1]<UL><LI> startup_a34xxxx.o(RESET)
</UL>
<P><STRONG><a name="[1d]"></a>Interrupt19_Handler</STRONG> (Thumb, 6 bytes, Stack size 0 bytes, hal_timer1.o(.text.Interrupt19_Handler))
<BR><BR>[Stack]<UL><LI>Max Depth = 8<LI>Call Chain = Interrupt19_Handler &rArr; PRV_TIMER1_IRQHandler
</UL>
<BR>[Calls]<UL><LI><a href="#[ba]">&gt;&gt;</a>&nbsp;&nbsp;&nbsp;PRV_TIMER1_IRQHandler
</UL>
<BR>[Address Reference Count : 1]<UL><LI> startup_a34xxxx.o(RESET)
</UL>
<P><STRONG><a name="[b]"></a>Interrupt1_Handler</STRONG> (Thumb, 46 bytes, Stack size 0 bytes, hal_scu_clk.o(.text.Interrupt1_Handler))
<BR>[Address Reference Count : 1]<UL><LI> startup_a34xxxx.o(RESET)
</UL>
<P><STRONG><a name="[1e]"></a>Interrupt20_Handler</STRONG> (Thumb, 6 bytes, Stack size 0 bytes, hal_timer1.o(.text.Interrupt20_Handler))
<BR><BR>[Stack]<UL><LI>Max Depth = 8<LI>Call Chain = Interrupt20_Handler &rArr; PRV_TIMER1_IRQHandler
</UL>
<BR>[Calls]<UL><LI><a href="#[ba]">&gt;&gt;</a>&nbsp;&nbsp;&nbsp;PRV_TIMER1_IRQHandler
</UL>
<BR>[Address Reference Count : 1]<UL><LI> startup_a34xxxx.o(RESET)
</UL>
<P><STRONG><a name="[1f]"></a>Interrupt21_Handler</STRONG> (Thumb, 6 bytes, Stack size 0 bytes, hal_timer1.o(.text.Interrupt21_Handler))
<BR><BR>[Stack]<UL><LI>Max Depth = 8<LI>Call Chain = Interrupt21_Handler &rArr; PRV_TIMER1_IRQHandler
</UL>
<BR>[Calls]<UL><LI><a href="#[ba]">&gt;&gt;</a>&nbsp;&nbsp;&nbsp;PRV_TIMER1_IRQHandler
</UL>
<BR>[Address Reference Count : 1]<UL><LI> startup_a34xxxx.o(RESET)
</UL>
<P><STRONG><a name="[20]"></a>Interrupt22_Handler</STRONG> (Thumb, 6 bytes, Stack size 0 bytes, hal_timer1.o(.text.Interrupt22_Handler))
<BR><BR>[Stack]<UL><LI>Max Depth = 8<LI>Call Chain = Interrupt22_Handler &rArr; PRV_TIMER1_IRQHandler
</UL>
<BR>[Calls]<UL><LI><a href="#[ba]">&gt;&gt;</a>&nbsp;&nbsp;&nbsp;PRV_TIMER1_IRQHandler
</UL>
<BR>[Address Reference Count : 1]<UL><LI> startup_a34xxxx.o(RESET)
</UL>
<P><STRONG><a name="[21]"></a>Interrupt23_Handler</STRONG> (Thumb, 6 bytes, Stack size 0 bytes, hal_timer1.o(.text.Interrupt23_Handler))
<BR><BR>[Stack]<UL><LI>Max Depth = 8<LI>Call Chain = Interrupt23_Handler &rArr; PRV_TIMER1_IRQHandler
</UL>
<BR>[Calls]<UL><LI><a href="#[ba]">&gt;&gt;</a>&nbsp;&nbsp;&nbsp;PRV_TIMER1_IRQHandler
</UL>
<BR>[Address Reference Count : 1]<UL><LI> startup_a34xxxx.o(RESET)
</UL>
<P><STRONG><a name="[22]"></a>Interrupt24_Handler</STRONG> (Thumb, 6 bytes, Stack size 0 bytes, hal_timer1.o(.text.Interrupt24_Handler))
<BR><BR>[Stack]<UL><LI>Max Depth = 8<LI>Call Chain = Interrupt24_Handler &rArr; PRV_TIMER1_IRQHandler
</UL>
<BR>[Calls]<UL><LI><a href="#[ba]">&gt;&gt;</a>&nbsp;&nbsp;&nbsp;PRV_TIMER1_IRQHandler
</UL>
<BR>[Address Reference Count : 1]<UL><LI> startup_a34xxxx.o(RESET)
</UL>
<P><STRONG><a name="[c]"></a>Interrupt2_Handler</STRONG> (Thumb, 46 bytes, Stack size 0 bytes, hal_scu_clk.o(.text.Interrupt2_Handler))
<BR>[Address Reference Count : 1]<UL><LI> startup_a34xxxx.o(RESET)
</UL>
<P><STRONG><a name="[2e]"></a>Interrupt36_Handler</STRONG> (Thumb, 76 bytes, Stack size 0 bytes, hal_pcu.o(.text.Interrupt36_Handler))
<BR>[Address Reference Count : 1]<UL><LI> startup_a34xxxx.o(RESET)
</UL>
<P><STRONG><a name="[2f]"></a>Interrupt37_Handler</STRONG> (Thumb, 76 bytes, Stack size 0 bytes, hal_pcu.o(.text.Interrupt37_Handler))
<BR>[Address Reference Count : 1]<UL><LI> startup_a34xxxx.o(RESET)
</UL>
<P><STRONG><a name="[30]"></a>Interrupt38_Handler</STRONG> (Thumb, 76 bytes, Stack size 0 bytes, hal_pcu.o(.text.Interrupt38_Handler))
<BR>[Address Reference Count : 1]<UL><LI> startup_a34xxxx.o(RESET)
</UL>
<P><STRONG><a name="[31]"></a>Interrupt39_Handler</STRONG> (Thumb, 76 bytes, Stack size 0 bytes, hal_pcu.o(.text.Interrupt39_Handler))
<BR>[Address Reference Count : 1]<UL><LI> startup_a34xxxx.o(RESET)
</UL>
<P><STRONG><a name="[d]"></a>Interrupt3_Handler</STRONG> (Thumb, 46 bytes, Stack size 0 bytes, hal_scu_clk.o(.text.Interrupt3_Handler))
<BR>[Address Reference Count : 1]<UL><LI> startup_a34xxxx.o(RESET)
</UL>
<P><STRONG><a name="[32]"></a>Interrupt40_Handler</STRONG> (Thumb, 76 bytes, Stack size 0 bytes, hal_pcu.o(.text.Interrupt40_Handler))
<BR>[Address Reference Count : 1]<UL><LI> startup_a34xxxx.o(RESET)
</UL>
<P><STRONG><a name="[33]"></a>Interrupt41_Handler</STRONG> (Thumb, 76 bytes, Stack size 0 bytes, hal_pcu.o(.text.Interrupt41_Handler))
<BR>[Address Reference Count : 1]<UL><LI> startup_a34xxxx.o(RESET)
</UL>
<P><STRONG><a name="[34]"></a>Interrupt42_Handler</STRONG> (Thumb, 76 bytes, Stack size 0 bytes, hal_pcu.o(.text.Interrupt42_Handler))
<BR>[Address Reference Count : 1]<UL><LI> startup_a34xxxx.o(RESET)
</UL>
<P><STRONG><a name="[46]"></a>Interrupt60_Handler</STRONG> (Thumb, 6 bytes, Stack size 0 bytes, hal_i2c.o(.text.Interrupt60_Handler))
<BR><BR>[Stack]<UL><LI>Max Depth = 24<LI>Call Chain = Interrupt60_Handler &rArr; PRV_I2C_IRQHandler
</UL>
<BR>[Calls]<UL><LI><a href="#[b8]">&gt;&gt;</a>&nbsp;&nbsp;&nbsp;PRV_I2C_IRQHandler
</UL>
<BR>[Address Reference Count : 1]<UL><LI> startup_a34xxxx.o(RESET)
</UL>
<P><STRONG><a name="[47]"></a>Interrupt61_Handler</STRONG> (Thumb, 6 bytes, Stack size 0 bytes, hal_i2c.o(.text.Interrupt61_Handler))
<BR><BR>[Stack]<UL><LI>Max Depth = 24<LI>Call Chain = Interrupt61_Handler &rArr; PRV_I2C_IRQHandler
</UL>
<BR>[Calls]<UL><LI><a href="#[b8]">&gt;&gt;</a>&nbsp;&nbsp;&nbsp;PRV_I2C_IRQHandler
</UL>
<BR>[Address Reference Count : 1]<UL><LI> startup_a34xxxx.o(RESET)
</UL>
<P><STRONG><a name="[48]"></a>Interrupt62_Handler</STRONG> (Thumb, 6 bytes, Stack size 0 bytes, hal_i2c.o(.text.Interrupt62_Handler))
<BR><BR>[Stack]<UL><LI>Max Depth = 24<LI>Call Chain = Interrupt62_Handler &rArr; PRV_I2C_IRQHandler
</UL>
<BR>[Calls]<UL><LI><a href="#[b8]">&gt;&gt;</a>&nbsp;&nbsp;&nbsp;PRV_I2C_IRQHandler
</UL>
<BR>[Address Reference Count : 1]<UL><LI> startup_a34xxxx.o(RESET)
</UL>
<P><STRONG><a name="[49]"></a>Interrupt63_Handler</STRONG> (Thumb, 6 bytes, Stack size 0 bytes, hal_uart.o(.text.Interrupt63_Handler))
<BR><BR>[Stack]<UL><LI>Max Depth = 16<LI>Call Chain = Interrupt63_Handler &rArr; PRV_UART_IRQHandler
</UL>
<BR>[Calls]<UL><LI><a href="#[b9]">&gt;&gt;</a>&nbsp;&nbsp;&nbsp;PRV_UART_IRQHandler
</UL>
<BR>[Address Reference Count : 1]<UL><LI> startup_a34xxxx.o(RESET)
</UL>
<P><STRONG><a name="[4a]"></a>Interrupt64_Handler</STRONG> (Thumb, 6 bytes, Stack size 0 bytes, hal_uart.o(.text.Interrupt64_Handler))
<BR><BR>[Stack]<UL><LI>Max Depth = 16<LI>Call Chain = Interrupt64_Handler &rArr; PRV_UART_IRQHandler
</UL>
<BR>[Calls]<UL><LI><a href="#[b9]">&gt;&gt;</a>&nbsp;&nbsp;&nbsp;PRV_UART_IRQHandler
</UL>
<BR>[Address Reference Count : 1]<UL><LI> startup_a34xxxx.o(RESET)
</UL>
<P><STRONG><a name="[4b]"></a>Interrupt65_Handler</STRONG> (Thumb, 6 bytes, Stack size 0 bytes, hal_uart.o(.text.Interrupt65_Handler))
<BR><BR>[Stack]<UL><LI>Max Depth = 16<LI>Call Chain = Interrupt65_Handler &rArr; PRV_UART_IRQHandler
</UL>
<BR>[Calls]<UL><LI><a href="#[b9]">&gt;&gt;</a>&nbsp;&nbsp;&nbsp;PRV_UART_IRQHandler
</UL>
<BR>[Address Reference Count : 1]<UL><LI> startup_a34xxxx.o(RESET)
</UL>
<P><STRONG><a name="[4c]"></a>Interrupt66_Handler</STRONG> (Thumb, 6 bytes, Stack size 0 bytes, hal_uart.o(.text.Interrupt66_Handler))
<BR><BR>[Stack]<UL><LI>Max Depth = 16<LI>Call Chain = Interrupt66_Handler &rArr; PRV_UART_IRQHandler
</UL>
<BR>[Calls]<UL><LI><a href="#[b9]">&gt;&gt;</a>&nbsp;&nbsp;&nbsp;PRV_UART_IRQHandler
</UL>
<BR>[Address Reference Count : 1]<UL><LI> startup_a34xxxx.o(RESET)
</UL>
<P><STRONG><a name="[4d]"></a>Interrupt67_Handler</STRONG> (Thumb, 6 bytes, Stack size 0 bytes, hal_uart.o(.text.Interrupt67_Handler))
<BR><BR>[Stack]<UL><LI>Max Depth = 16<LI>Call Chain = Interrupt67_Handler &rArr; PRV_UART_IRQHandler
</UL>
<BR>[Calls]<UL><LI><a href="#[b9]">&gt;&gt;</a>&nbsp;&nbsp;&nbsp;PRV_UART_IRQHandler
</UL>
<BR>[Address Reference Count : 1]<UL><LI> startup_a34xxxx.o(RESET)
</UL>
<P><STRONG><a name="[4e]"></a>Interrupt68_Handler</STRONG> (Thumb, 6 bytes, Stack size 0 bytes, hal_uart.o(.text.Interrupt68_Handler))
<BR><BR>[Stack]<UL><LI>Max Depth = 16<LI>Call Chain = Interrupt68_Handler &rArr; PRV_UART_IRQHandler
</UL>
<BR>[Calls]<UL><LI><a href="#[b9]">&gt;&gt;</a>&nbsp;&nbsp;&nbsp;PRV_UART_IRQHandler
</UL>
<BR>[Address Reference Count : 1]<UL><LI> startup_a34xxxx.o(RESET)
</UL>
<P><STRONG><a name="[54]"></a>Interrupt74_Handler</STRONG> (Thumb, 60 bytes, Stack size 0 bytes, hal_adc.o(.text.Interrupt74_Handler))
<BR>[Address Reference Count : 1]<UL><LI> startup_a34xxxx.o(RESET)
</UL>
<P><STRONG><a name="[55]"></a>Interrupt75_Handler</STRONG> (Thumb, 60 bytes, Stack size 0 bytes, hal_adc.o(.text.Interrupt75_Handler))
<BR>[Address Reference Count : 1]<UL><LI> startup_a34xxxx.o(RESET)
</UL>
<P><STRONG><a name="[56]"></a>Interrupt76_Handler</STRONG> (Thumb, 60 bytes, Stack size 0 bytes, hal_adc.o(.text.Interrupt76_Handler))
<BR>[Address Reference Count : 1]<UL><LI> startup_a34xxxx.o(RESET)
</UL>
<P><STRONG><a name="[bb]"></a>LIS2DE12_Init</STRONG> (Thumb, 576 bytes, Stack size 40 bytes, lis2de12_app.o(.text.LIS2DE12_Init))
<BR><BR>[Stack]<UL><LI>Max Depth = 264<LI>Call Chain = LIS2DE12_Init &rArr; DebugFramework_Printf &rArr; vsnprintf
</UL>
<BR>[Calls]<UL><LI><a href="#[ac]">&gt;&gt;</a>&nbsp;&nbsp;&nbsp;DebugFramework_Printf
<LI><a href="#[af]">&gt;&gt;</a>&nbsp;&nbsp;&nbsp;DebugFramework_PutsLine
<LI><a href="#[bc]">&gt;&gt;</a>&nbsp;&nbsp;&nbsp;lis2de12_boot_set
<LI><a href="#[c0]">&gt;&gt;</a>&nbsp;&nbsp;&nbsp;lis2de12_full_scale_set
<LI><a href="#[c2]">&gt;&gt;</a>&nbsp;&nbsp;&nbsp;lis2de12_write_reg
<LI><a href="#[c3]">&gt;&gt;</a>&nbsp;&nbsp;&nbsp;lis2de12_read_reg
<LI><a href="#[be]">&gt;&gt;</a>&nbsp;&nbsp;&nbsp;lis2de12_data_rate_set
<LI><a href="#[bd]">&gt;&gt;</a>&nbsp;&nbsp;&nbsp;lis2de12_device_id_get
<LI><a href="#[bf]">&gt;&gt;</a>&nbsp;&nbsp;&nbsp;lis2de12_block_data_update_set
<LI><a href="#[c1]">&gt;&gt;</a>&nbsp;&nbsp;&nbsp;lis2de12_temperature_meas_set
</UL>
<BR>[Called By]<UL><LI><a href="#[d7]">&gt;&gt;</a>&nbsp;&nbsp;&nbsp;PRV_USER_Code
</UL>

<P><STRONG><a name="[c4]"></a>LIS2DE12_ReadAcceleration</STRONG> (Thumb, 316 bytes, Stack size 56 bytes, lis2de12_app.o(.text.LIS2DE12_ReadAcceleration))
<BR><BR>[Stack]<UL><LI>Max Depth = 280<LI>Call Chain = LIS2DE12_ReadAcceleration &rArr; DebugFramework_Printf &rArr; vsnprintf
</UL>
<BR>[Calls]<UL><LI><a href="#[ac]">&gt;&gt;</a>&nbsp;&nbsp;&nbsp;DebugFramework_Printf
<LI><a href="#[c3]">&gt;&gt;</a>&nbsp;&nbsp;&nbsp;lis2de12_read_reg
</UL>
<BR>[Called By]<UL><LI><a href="#[d7]">&gt;&gt;</a>&nbsp;&nbsp;&nbsp;PRV_USER_Code
</UL>

<P><STRONG><a name="[1]"></a>NMI_Handler</STRONG> (Thumb, 104 bytes, Stack size 24 bytes, hpl_nmi.o(.text.NMI_Handler))
<BR><BR>[Stack]<UL><LI>Max Depth = 24<LI>Call Chain = NMI_Handler
</UL>
<BR>[Address Reference Count : 1]<UL><LI> startup_a34xxxx.o(RESET)
</UL>
<P><STRONG><a name="[c5]"></a>PRV_ADC_Init</STRONG> (Thumb, 156 bytes, Stack size 40 bytes, user_adc.o(.text.PRV_ADC_Init))
<BR><BR>[Stack]<UL><LI>Max Depth = 80<LI>Call Chain = PRV_ADC_Init &rArr; HAL_ADC_SetIRQ &rArr; HPL_NMI_SetSource
</UL>
<BR>[Calls]<UL><LI><a href="#[b0]">&gt;&gt;</a>&nbsp;&nbsp;&nbsp;HAL_ADC_SetIRQ
<LI><a href="#[c8]">&gt;&gt;</a>&nbsp;&nbsp;&nbsp;HAL_ADC_SetConfig
<LI><a href="#[c7]">&gt;&gt;</a>&nbsp;&nbsp;&nbsp;HAL_ADC_SetClkConfig
<LI><a href="#[c6]">&gt;&gt;</a>&nbsp;&nbsp;&nbsp;HAL_ADC_Init
</UL>
<BR>[Called By]<UL><LI><a href="#[87]">&gt;&gt;</a>&nbsp;&nbsp;&nbsp;main
</UL>

<P><STRONG><a name="[c9]"></a>PRV_I2C_Init</STRONG> (Thumb, 130 bytes, Stack size 40 bytes, user_i2c.o(.text.PRV_I2C_Init))
<BR><BR>[Stack]<UL><LI>Max Depth = 88<LI>Call Chain = PRV_I2C_Init &rArr; HAL_I2C_SetIRQ &rArr; HPL_NMI_SetSource
</UL>
<BR>[Calls]<UL><LI><a href="#[b4]">&gt;&gt;</a>&nbsp;&nbsp;&nbsp;HAL_I2C_SetIRQ
<LI><a href="#[ca]">&gt;&gt;</a>&nbsp;&nbsp;&nbsp;HAL_I2C_SetConfig
<LI><a href="#[b2]">&gt;&gt;</a>&nbsp;&nbsp;&nbsp;HAL_I2C_Init
</UL>
<BR>[Called By]<UL><LI><a href="#[87]">&gt;&gt;</a>&nbsp;&nbsp;&nbsp;main
</UL>

<P><STRONG><a name="[cb]"></a>PRV_SCU_CLK_Init</STRONG> (Thumb, 146 bytes, Stack size 32 bytes, prv_scu_clk.o(.text.PRV_SCU_CLK_Init))
<BR><BR>[Stack]<UL><LI>Max Depth = 64<LI>Call Chain = PRV_SCU_CLK_Init &rArr; HAL_SCU_CLK_SetPLLConfig
</UL>
<BR>[Calls]<UL><LI><a href="#[cf]">&gt;&gt;</a>&nbsp;&nbsp;&nbsp;HAL_SCU_CLK_SetOutput
<LI><a href="#[ce]">&gt;&gt;</a>&nbsp;&nbsp;&nbsp;HAL_SCU_CLK_SetPClkDiv
<LI><a href="#[cd]">&gt;&gt;</a>&nbsp;&nbsp;&nbsp;HAL_SCU_CLK_SetPLLConfig
<LI><a href="#[b5]">&gt;&gt;</a>&nbsp;&nbsp;&nbsp;HAL_SCU_CLK_SetMClk
<LI><a href="#[cc]">&gt;&gt;</a>&nbsp;&nbsp;&nbsp;HAL_SCU_CLK_SetSrcEnable
</UL>
<BR>[Called By]<UL><LI><a href="#[87]">&gt;&gt;</a>&nbsp;&nbsp;&nbsp;main
</UL>

<P><STRONG><a name="[d0]"></a>PRV_Timer1_Init</STRONG> (Thumb, 124 bytes, Stack size 32 bytes, user_timer1.o(.text.PRV_Timer1_Init))
<BR><BR>[Stack]<UL><LI>Max Depth = 72<LI>Call Chain = PRV_Timer1_Init &rArr; HAL_TIMER1_SetIRQ &rArr; HPL_NMI_SetSource
</UL>
<BR>[Calls]<UL><LI><a href="#[d5]">&gt;&gt;</a>&nbsp;&nbsp;&nbsp;HAL_TIMER1_SetInversionPort
<LI><a href="#[d4]">&gt;&gt;</a>&nbsp;&nbsp;&nbsp;HAL_TIMER1_SetInOutPort
<LI><a href="#[b7]">&gt;&gt;</a>&nbsp;&nbsp;&nbsp;HAL_TIMER1_SetIRQ
<LI><a href="#[d3]">&gt;&gt;</a>&nbsp;&nbsp;&nbsp;HAL_TIMER1_SetConfig
<LI><a href="#[d2]">&gt;&gt;</a>&nbsp;&nbsp;&nbsp;HAL_TIMER1_SetClkConfig
<LI><a href="#[d1]">&gt;&gt;</a>&nbsp;&nbsp;&nbsp;HAL_TIMER1_Init
</UL>
<BR>[Called By]<UL><LI><a href="#[87]">&gt;&gt;</a>&nbsp;&nbsp;&nbsp;main
</UL>

<P><STRONG><a name="[d6]"></a>PRV_UART_Init</STRONG> (Thumb, 100 bytes, Stack size 32 bytes, user_uart.o(.text.PRV_UART_Init))
<BR><BR>[Stack]<UL><LI>Max Depth = 72<LI>Call Chain = PRV_UART_Init &rArr; HAL_UART_SetIRQ &rArr; HPL_NMI_SetSource
</UL>
<BR>[Calls]<UL><LI><a href="#[ab]">&gt;&gt;</a>&nbsp;&nbsp;&nbsp;HAL_UART_SetIRQ
<LI><a href="#[aa]">&gt;&gt;</a>&nbsp;&nbsp;&nbsp;HAL_UART_SetConfig
<LI><a href="#[a9]">&gt;&gt;</a>&nbsp;&nbsp;&nbsp;HAL_UART_SetClkConfig
<LI><a href="#[a8]">&gt;&gt;</a>&nbsp;&nbsp;&nbsp;HAL_UART_Init
</UL>
<BR>[Called By]<UL><LI><a href="#[87]">&gt;&gt;</a>&nbsp;&nbsp;&nbsp;main
</UL>

<P><STRONG><a name="[d7]"></a>PRV_USER_Code</STRONG> (Thumb, 156 bytes, Stack size 0 bytes, prv_user_code.o(.text.PRV_USER_Code))
<BR><BR>[Stack]<UL><LI>Max Depth = 280<LI>Call Chain = PRV_USER_Code &rArr; LIS2DE12_ReadAcceleration &rArr; DebugFramework_Printf &rArr; vsnprintf
</UL>
<BR>[Calls]<UL><LI><a href="#[ac]">&gt;&gt;</a>&nbsp;&nbsp;&nbsp;DebugFramework_Printf
<LI><a href="#[c4]">&gt;&gt;</a>&nbsp;&nbsp;&nbsp;LIS2DE12_ReadAcceleration
<LI><a href="#[bb]">&gt;&gt;</a>&nbsp;&nbsp;&nbsp;LIS2DE12_Init
<LI><a href="#[af]">&gt;&gt;</a>&nbsp;&nbsp;&nbsp;DebugFramework_PutsLine
<LI><a href="#[a6]">&gt;&gt;</a>&nbsp;&nbsp;&nbsp;DebugFramework_Init
<LI><a href="#[a7]">&gt;&gt;</a>&nbsp;&nbsp;&nbsp;HAL_PCU_SetAltMode
</UL>
<BR>[Called By]<UL><LI><a href="#[87]">&gt;&gt;</a>&nbsp;&nbsp;&nbsp;main
</UL>

<P><STRONG><a name="[0]"></a>Reset_Handler</STRONG> (Thumb, 8 bytes, Stack size 0 bytes, startup_a34xxxx.o(.text.Reset_Handler))
<BR><BR>[Calls]<UL><LI><a href="#[d8]">&gt;&gt;</a>&nbsp;&nbsp;&nbsp;SystemInit
<LI><a href="#[93]">&gt;&gt;</a>&nbsp;&nbsp;&nbsp;__main
</UL>
<BR>[Address Reference Count : 1]<UL><LI> startup_a34xxxx.o(RESET)
</UL>
<P><STRONG><a name="[9]"></a>SysTick_Handler</STRONG> (Thumb, 24 bytes, Stack size 0 bytes, prv_user_code.o(.text.SysTick_Handler))
<BR>[Address Reference Count : 1]<UL><LI> startup_a34xxxx.o(RESET)
</UL>
<P><STRONG><a name="[b6]"></a>SystemDelayUS</STRONG> (Thumb, 28 bytes, Stack size 0 bytes, system_a34xxxx.o(.text.SystemDelayUS))
<BR><BR>[Called By]<UL><LI><a href="#[b5]">&gt;&gt;</a>&nbsp;&nbsp;&nbsp;HAL_SCU_CLK_SetMClk
</UL>

<P><STRONG><a name="[d8]"></a>SystemInit</STRONG> (Thumb, 68 bytes, Stack size 0 bytes, system_a34xxxx.o(.text.SystemInit))
<BR><BR>[Called By]<UL><LI><a href="#[0]">&gt;&gt;</a>&nbsp;&nbsp;&nbsp;Reset_Handler
</UL>

<P><STRONG><a name="[90]"></a>Timer1_IRQHandler_TIMER1_ID_0</STRONG> (Thumb, 28 bytes, Stack size 0 bytes, user_timer1_isr.o(.text.Timer1_IRQHandler_TIMER1_ID_0))
<BR><BR>[Stack]<UL><LI>Max Depth = 224<LI>Call Chain = Timer1_IRQHandler_TIMER1_ID_0 &rArr; DebugFramework_Printf &rArr; vsnprintf
</UL>
<BR>[Calls]<UL><LI><a href="#[ac]">&gt;&gt;</a>&nbsp;&nbsp;&nbsp;DebugFramework_Printf
</UL>
<BR>[Address Reference Count : 1]<UL><LI> user_timer1.o(.text.PRV_Timer1_Init)
</UL>
<P><STRONG><a name="[91]"></a>UART_IRQHandler_UART_ID_2</STRONG> (Thumb, 2 bytes, Stack size 0 bytes, user_uart_isr.o(.text.UART_IRQHandler_UART_ID_2))
<BR>[Address Reference Count : 1]<UL><LI> user_uart.o(.text.PRV_UART_Init)
</UL>
<P><STRONG><a name="[bf]"></a>lis2de12_block_data_update_set</STRONG> (Thumb, 122 bytes, Stack size 104 bytes, lis2de12.o(.text.lis2de12_block_data_update_set))
<BR><BR>[Stack]<UL><LI>Max Depth = 152<LI>Call Chain = lis2de12_block_data_update_set &rArr; HAL_I2C_WriteRead
</UL>
<BR>[Calls]<UL><LI><a href="#[d9]">&gt;&gt;</a>&nbsp;&nbsp;&nbsp;HAL_I2C_WriteRead
</UL>
<BR>[Called By]<UL><LI><a href="#[bb]">&gt;&gt;</a>&nbsp;&nbsp;&nbsp;LIS2DE12_Init
</UL>

<P><STRONG><a name="[bc]"></a>lis2de12_boot_set</STRONG> (Thumb, 118 bytes, Stack size 104 bytes, lis2de12.o(.text.lis2de12_boot_set))
<BR><BR>[Stack]<UL><LI>Max Depth = 152<LI>Call Chain = lis2de12_boot_set &rArr; HAL_I2C_WriteRead
</UL>
<BR>[Calls]<UL><LI><a href="#[d9]">&gt;&gt;</a>&nbsp;&nbsp;&nbsp;HAL_I2C_WriteRead
</UL>
<BR>[Called By]<UL><LI><a href="#[bb]">&gt;&gt;</a>&nbsp;&nbsp;&nbsp;LIS2DE12_Init
</UL>

<P><STRONG><a name="[be]"></a>lis2de12_data_rate_set</STRONG> (Thumb, 132 bytes, Stack size 104 bytes, lis2de12.o(.text.lis2de12_data_rate_set))
<BR><BR>[Stack]<UL><LI>Max Depth = 152<LI>Call Chain = lis2de12_data_rate_set &rArr; HAL_I2C_WriteRead
</UL>
<BR>[Calls]<UL><LI><a href="#[d9]">&gt;&gt;</a>&nbsp;&nbsp;&nbsp;HAL_I2C_WriteRead
</UL>
<BR>[Called By]<UL><LI><a href="#[bb]">&gt;&gt;</a>&nbsp;&nbsp;&nbsp;LIS2DE12_Init
</UL>

<P><STRONG><a name="[bd]"></a>lis2de12_device_id_get</STRONG> (Thumb, 54 bytes, Stack size 24 bytes, lis2de12.o(.text.lis2de12_device_id_get))
<BR><BR>[Stack]<UL><LI>Max Depth = 72<LI>Call Chain = lis2de12_device_id_get &rArr; HAL_I2C_WriteRead
</UL>
<BR>[Calls]<UL><LI><a href="#[d9]">&gt;&gt;</a>&nbsp;&nbsp;&nbsp;HAL_I2C_WriteRead
</UL>
<BR>[Called By]<UL><LI><a href="#[bb]">&gt;&gt;</a>&nbsp;&nbsp;&nbsp;LIS2DE12_Init
</UL>

<P><STRONG><a name="[c0]"></a>lis2de12_full_scale_set</STRONG> (Thumb, 114 bytes, Stack size 104 bytes, lis2de12.o(.text.lis2de12_full_scale_set))
<BR><BR>[Stack]<UL><LI>Max Depth = 152<LI>Call Chain = lis2de12_full_scale_set &rArr; HAL_I2C_WriteRead
</UL>
<BR>[Calls]<UL><LI><a href="#[d9]">&gt;&gt;</a>&nbsp;&nbsp;&nbsp;HAL_I2C_WriteRead
</UL>
<BR>[Called By]<UL><LI><a href="#[bb]">&gt;&gt;</a>&nbsp;&nbsp;&nbsp;LIS2DE12_Init
</UL>

<P><STRONG><a name="[c3]"></a>lis2de12_read_reg</STRONG> (Thumb, 60 bytes, Stack size 24 bytes, lis2de12.o(.text.lis2de12_read_reg))
<BR><BR>[Stack]<UL><LI>Max Depth = 72<LI>Call Chain = lis2de12_read_reg &rArr; HAL_I2C_WriteRead
</UL>
<BR>[Calls]<UL><LI><a href="#[d9]">&gt;&gt;</a>&nbsp;&nbsp;&nbsp;HAL_I2C_WriteRead
</UL>
<BR>[Called By]<UL><LI><a href="#[c4]">&gt;&gt;</a>&nbsp;&nbsp;&nbsp;LIS2DE12_ReadAcceleration
<LI><a href="#[bb]">&gt;&gt;</a>&nbsp;&nbsp;&nbsp;LIS2DE12_Init
</UL>

<P><STRONG><a name="[c1]"></a>lis2de12_temperature_meas_set</STRONG> (Thumb, 122 bytes, Stack size 104 bytes, lis2de12.o(.text.lis2de12_temperature_meas_set))
<BR><BR>[Stack]<UL><LI>Max Depth = 152<LI>Call Chain = lis2de12_temperature_meas_set &rArr; HAL_I2C_WriteRead
</UL>
<BR>[Calls]<UL><LI><a href="#[d9]">&gt;&gt;</a>&nbsp;&nbsp;&nbsp;HAL_I2C_WriteRead
</UL>
<BR>[Called By]<UL><LI><a href="#[bb]">&gt;&gt;</a>&nbsp;&nbsp;&nbsp;LIS2DE12_Init
</UL>

<P><STRONG><a name="[c2]"></a>lis2de12_write_reg</STRONG> (Thumb, 92 bytes, Stack size 88 bytes, lis2de12.o(.text.lis2de12_write_reg))
<BR><BR>[Stack]<UL><LI>Max Depth = 136<LI>Call Chain = lis2de12_write_reg &rArr; HAL_I2C_WriteRead
</UL>
<BR>[Calls]<UL><LI><a href="#[d9]">&gt;&gt;</a>&nbsp;&nbsp;&nbsp;HAL_I2C_WriteRead
<LI><a href="#[da]">&gt;&gt;</a>&nbsp;&nbsp;&nbsp;__aeabi_memcpy
</UL>
<BR>[Called By]<UL><LI><a href="#[bb]">&gt;&gt;</a>&nbsp;&nbsp;&nbsp;LIS2DE12_Init
</UL>

<P><STRONG><a name="[87]"></a>main</STRONG> (Thumb, 376 bytes, Stack size 8 bytes, main.o(.text.main))
<BR><BR>[Stack]<UL><LI>Max Depth = 288<LI>Call Chain = main &rArr; PRV_USER_Code &rArr; LIS2DE12_ReadAcceleration &rArr; DebugFramework_Printf &rArr; vsnprintf
</UL>
<BR>[Calls]<UL><LI><a href="#[d7]">&gt;&gt;</a>&nbsp;&nbsp;&nbsp;PRV_USER_Code
<LI><a href="#[c9]">&gt;&gt;</a>&nbsp;&nbsp;&nbsp;PRV_I2C_Init
<LI><a href="#[c5]">&gt;&gt;</a>&nbsp;&nbsp;&nbsp;PRV_ADC_Init
<LI><a href="#[d0]">&gt;&gt;</a>&nbsp;&nbsp;&nbsp;PRV_Timer1_Init
<LI><a href="#[d6]">&gt;&gt;</a>&nbsp;&nbsp;&nbsp;PRV_UART_Init
<LI><a href="#[cb]">&gt;&gt;</a>&nbsp;&nbsp;&nbsp;PRV_SCU_CLK_Init
</UL>
<BR>[Address Reference Count : 1]<UL><LI> entry9a.o(.ARM.Collect$$$$0000000B)
</UL>
<P><STRONG><a name="[db]"></a>__0vsnprintf</STRONG> (Thumb, 46 bytes, Stack size 24 bytes, printfa.o(i.__0vsnprintf), UNUSED)
<BR><BR>[Calls]<UL><LI><a href="#[dc]">&gt;&gt;</a>&nbsp;&nbsp;&nbsp;_printf_core
</UL>

<P><STRONG><a name="[f4]"></a>__1vsnprintf</STRONG> (Thumb, 0 bytes, Stack size 24 bytes, printfa.o(i.__0vsnprintf), UNUSED)

<P><STRONG><a name="[f5]"></a>__2vsnprintf</STRONG> (Thumb, 0 bytes, Stack size 24 bytes, printfa.o(i.__0vsnprintf), UNUSED)

<P><STRONG><a name="[f6]"></a>__c89vsnprintf</STRONG> (Thumb, 0 bytes, Stack size 24 bytes, printfa.o(i.__0vsnprintf), UNUSED)

<P><STRONG><a name="[ad]"></a>vsnprintf</STRONG> (Thumb, 0 bytes, Stack size 24 bytes, printfa.o(i.__0vsnprintf))
<BR><BR>[Stack]<UL><LI>Max Depth = 24<LI>Call Chain = vsnprintf
</UL>
<BR>[Called By]<UL><LI><a href="#[ac]">&gt;&gt;</a>&nbsp;&nbsp;&nbsp;DebugFramework_Printf
</UL>

<P><STRONG><a name="[f7]"></a>__scatterload_copy</STRONG> (Thumb, 14 bytes, Stack size unknown bytes, handlers.o(i.__scatterload_copy), UNUSED)

<P><STRONG><a name="[f8]"></a>__scatterload_null</STRONG> (Thumb, 2 bytes, Stack size unknown bytes, handlers.o(i.__scatterload_null), UNUSED)

<P><STRONG><a name="[f9]"></a>__scatterload_zeroinit</STRONG> (Thumb, 14 bytes, Stack size unknown bytes, handlers.o(i.__scatterload_zeroinit), UNUSED)
<P>
<H3>
Local Symbols
</H3>
<P><STRONG><a name="[88]"></a>PRV_ADC_NMIHandler</STRONG> (Thumb, 94 bytes, Stack size 24 bytes, hal_adc.o(.text.PRV_ADC_NMIHandler))
<BR><BR>[Stack]<UL><LI>Max Depth = 24<LI>Call Chain = PRV_ADC_NMIHandler
</UL>
<BR>[Address Reference Count : 1]<UL><LI> hal_adc.o(.text.HAL_ADC_SetIRQ)
</UL>
<P><STRONG><a name="[89]"></a>PRV_I2C_NMIHandler</STRONG> (Thumb, 44 bytes, Stack size 16 bytes, hal_i2c.o(.text.PRV_I2C_NMIHandler))
<BR><BR>[Stack]<UL><LI>Max Depth = 40<LI>Call Chain = PRV_I2C_NMIHandler &rArr; PRV_I2C_IRQHandler
</UL>
<BR>[Calls]<UL><LI><a href="#[b8]">&gt;&gt;</a>&nbsp;&nbsp;&nbsp;PRV_I2C_IRQHandler
</UL>
<BR>[Address Reference Count : 1]<UL><LI> hal_i2c.o(.text.HAL_I2C_SetIRQ)
</UL>
<P><STRONG><a name="[b8]"></a>PRV_I2C_IRQHandler</STRONG> (Thumb, 512 bytes, Stack size 24 bytes, hal_i2c.o(.text.PRV_I2C_IRQHandler))
<BR><BR>[Stack]<UL><LI>Max Depth = 24<LI>Call Chain = PRV_I2C_IRQHandler
</UL>
<BR>[Called By]<UL><LI><a href="#[6e]">&gt;&gt;</a>&nbsp;&nbsp;&nbsp;Interrupt100_Handler
<LI><a href="#[48]">&gt;&gt;</a>&nbsp;&nbsp;&nbsp;Interrupt62_Handler
<LI><a href="#[47]">&gt;&gt;</a>&nbsp;&nbsp;&nbsp;Interrupt61_Handler
<LI><a href="#[46]">&gt;&gt;</a>&nbsp;&nbsp;&nbsp;Interrupt60_Handler
<LI><a href="#[89]">&gt;&gt;</a>&nbsp;&nbsp;&nbsp;PRV_I2C_NMIHandler
</UL>

<P><STRONG><a name="[8a]"></a>PRV_TIMER1_NMIHandler</STRONG> (Thumb, 44 bytes, Stack size 16 bytes, hal_timer1.o(.text.PRV_TIMER1_NMIHandler))
<BR><BR>[Stack]<UL><LI>Max Depth = 24<LI>Call Chain = PRV_TIMER1_NMIHandler &rArr; PRV_TIMER1_IRQHandler
</UL>
<BR>[Calls]<UL><LI><a href="#[ba]">&gt;&gt;</a>&nbsp;&nbsp;&nbsp;PRV_TIMER1_IRQHandler
</UL>
<BR>[Address Reference Count : 1]<UL><LI> hal_timer1.o(.text.HAL_TIMER1_SetIRQ)
</UL>
<P><STRONG><a name="[ba]"></a>PRV_TIMER1_IRQHandler</STRONG> (Thumb, 206 bytes, Stack size 8 bytes, hal_timer1.o(.text.PRV_TIMER1_IRQHandler))
<BR><BR>[Stack]<UL><LI>Max Depth = 8<LI>Call Chain = PRV_TIMER1_IRQHandler
</UL>
<BR>[Called By]<UL><LI><a href="#[22]">&gt;&gt;</a>&nbsp;&nbsp;&nbsp;Interrupt24_Handler
<LI><a href="#[21]">&gt;&gt;</a>&nbsp;&nbsp;&nbsp;Interrupt23_Handler
<LI><a href="#[20]">&gt;&gt;</a>&nbsp;&nbsp;&nbsp;Interrupt22_Handler
<LI><a href="#[1f]">&gt;&gt;</a>&nbsp;&nbsp;&nbsp;Interrupt21_Handler
<LI><a href="#[1e]">&gt;&gt;</a>&nbsp;&nbsp;&nbsp;Interrupt20_Handler
<LI><a href="#[1d]">&gt;&gt;</a>&nbsp;&nbsp;&nbsp;Interrupt19_Handler
<LI><a href="#[1c]">&gt;&gt;</a>&nbsp;&nbsp;&nbsp;Interrupt18_Handler
<LI><a href="#[1b]">&gt;&gt;</a>&nbsp;&nbsp;&nbsp;Interrupt17_Handler
<LI><a href="#[1a]">&gt;&gt;</a>&nbsp;&nbsp;&nbsp;Interrupt16_Handler
<LI><a href="#[19]">&gt;&gt;</a>&nbsp;&nbsp;&nbsp;Interrupt15_Handler
<LI><a href="#[8a]">&gt;&gt;</a>&nbsp;&nbsp;&nbsp;PRV_TIMER1_NMIHandler
</UL>

<P><STRONG><a name="[8b]"></a>PRV_UART_NMIHandler</STRONG> (Thumb, 44 bytes, Stack size 16 bytes, hal_uart.o(.text.PRV_UART_NMIHandler))
<BR><BR>[Stack]<UL><LI>Max Depth = 32<LI>Call Chain = PRV_UART_NMIHandler &rArr; PRV_UART_IRQHandler
</UL>
<BR>[Calls]<UL><LI><a href="#[b9]">&gt;&gt;</a>&nbsp;&nbsp;&nbsp;PRV_UART_IRQHandler
</UL>
<BR>[Address Reference Count : 1]<UL><LI> hal_uart.o(.text.HAL_UART_SetIRQ)
</UL>
<P><STRONG><a name="[b9]"></a>PRV_UART_IRQHandler</STRONG> (Thumb, 278 bytes, Stack size 16 bytes, hal_uart.o(.text.PRV_UART_IRQHandler))
<BR><BR>[Stack]<UL><LI>Max Depth = 16<LI>Call Chain = PRV_UART_IRQHandler
</UL>
<BR>[Called By]<UL><LI><a href="#[7c]">&gt;&gt;</a>&nbsp;&nbsp;&nbsp;Interrupt114_Handler
<LI><a href="#[7b]">&gt;&gt;</a>&nbsp;&nbsp;&nbsp;Interrupt113_Handler
<LI><a href="#[7a]">&gt;&gt;</a>&nbsp;&nbsp;&nbsp;Interrupt112_Handler
<LI><a href="#[79]">&gt;&gt;</a>&nbsp;&nbsp;&nbsp;Interrupt111_Handler
<LI><a href="#[78]">&gt;&gt;</a>&nbsp;&nbsp;&nbsp;Interrupt110_Handler
<LI><a href="#[77]">&gt;&gt;</a>&nbsp;&nbsp;&nbsp;Interrupt109_Handler
<LI><a href="#[76]">&gt;&gt;</a>&nbsp;&nbsp;&nbsp;Interrupt108_Handler
<LI><a href="#[4e]">&gt;&gt;</a>&nbsp;&nbsp;&nbsp;Interrupt68_Handler
<LI><a href="#[4d]">&gt;&gt;</a>&nbsp;&nbsp;&nbsp;Interrupt67_Handler
<LI><a href="#[4c]">&gt;&gt;</a>&nbsp;&nbsp;&nbsp;Interrupt66_Handler
<LI><a href="#[4b]">&gt;&gt;</a>&nbsp;&nbsp;&nbsp;Interrupt65_Handler
<LI><a href="#[4a]">&gt;&gt;</a>&nbsp;&nbsp;&nbsp;Interrupt64_Handler
<LI><a href="#[49]">&gt;&gt;</a>&nbsp;&nbsp;&nbsp;Interrupt63_Handler
<LI><a href="#[8b]">&gt;&gt;</a>&nbsp;&nbsp;&nbsp;PRV_UART_NMIHandler
</UL>

<P><STRONG><a name="[dd]"></a>_fp_digits</STRONG> (Thumb, 366 bytes, Stack size 64 bytes, printfa.o(i._fp_digits), UNUSED)
<BR><BR>[Calls]<UL><LI><a href="#[96]">&gt;&gt;</a>&nbsp;&nbsp;&nbsp;__aeabi_uldivmod
<LI><a href="#[9c]">&gt;&gt;</a>&nbsp;&nbsp;&nbsp;__aeabi_dadd
<LI><a href="#[a2]">&gt;&gt;</a>&nbsp;&nbsp;&nbsp;__aeabi_dmul
<LI><a href="#[a3]">&gt;&gt;</a>&nbsp;&nbsp;&nbsp;__aeabi_ddiv
<LI><a href="#[a4]">&gt;&gt;</a>&nbsp;&nbsp;&nbsp;__aeabi_d2ulz
<LI><a href="#[de]">&gt;&gt;</a>&nbsp;&nbsp;&nbsp;__aeabi_cdrcmple
</UL>
<BR>[Called By]<UL><LI><a href="#[dc]">&gt;&gt;</a>&nbsp;&nbsp;&nbsp;_printf_core
</UL>

<P><STRONG><a name="[dc]"></a>_printf_core</STRONG> (Thumb, 1744 bytes, Stack size 136 bytes, printfa.o(i._printf_core), UNUSED)
<BR><BR>[Calls]<UL><LI><a href="#[96]">&gt;&gt;</a>&nbsp;&nbsp;&nbsp;__aeabi_uldivmod
<LI><a href="#[e1]">&gt;&gt;</a>&nbsp;&nbsp;&nbsp;__aeabi_uidivmod
<LI><a href="#[df]">&gt;&gt;</a>&nbsp;&nbsp;&nbsp;_printf_pre_padding
<LI><a href="#[e0]">&gt;&gt;</a>&nbsp;&nbsp;&nbsp;_printf_post_padding
<LI><a href="#[dd]">&gt;&gt;</a>&nbsp;&nbsp;&nbsp;_fp_digits
</UL>
<BR>[Called By]<UL><LI><a href="#[db]">&gt;&gt;</a>&nbsp;&nbsp;&nbsp;__0vsnprintf
</UL>

<P><STRONG><a name="[e0]"></a>_printf_post_padding</STRONG> (Thumb, 36 bytes, Stack size 24 bytes, printfa.o(i._printf_post_padding), UNUSED)
<BR><BR>[Called By]<UL><LI><a href="#[dc]">&gt;&gt;</a>&nbsp;&nbsp;&nbsp;_printf_core
</UL>

<P><STRONG><a name="[df]"></a>_printf_pre_padding</STRONG> (Thumb, 46 bytes, Stack size 24 bytes, printfa.o(i._printf_pre_padding), UNUSED)
<BR><BR>[Called By]<UL><LI><a href="#[dc]">&gt;&gt;</a>&nbsp;&nbsp;&nbsp;_printf_core
</UL>

<P><STRONG><a name="[92]"></a>_snputc</STRONG> (Thumb, 22 bytes, Stack size 0 bytes, printfa.o(i._snputc))
<BR>[Address Reference Count : 1]<UL><LI> printfa.o(i.__0vsnprintf)
</UL><P>
<H3>
Undefined Global Symbols
</H3><HR></body></html>
