../tiremo_api/model.h:9:23:model_tree_0	16	static
../tiremo_api/model.h:562:23:model_tree_1	16	static
../tiremo_api/model.h:1135:23:model_tree_2	16	static
../tiremo_api/model.h:1704:23:model_tree_3	16	static
../tiremo_api/model.h:2281:23:model_tree_4	16	static
../tiremo_api/model.h:2866:23:model_tree_5	16	static
../tiremo_api/model.h:3467:23:model_tree_6	16	static
../tiremo_api/model.h:4016:23:model_tree_7	16	static
../tiremo_api/model.h:4581:23:model_tree_8	16	static
../tiremo_api/model.h:5130:23:model_tree_9	16	static
../tiremo_api/model.h:5723:23:model_tree_10	16	static
../tiremo_api/model.h:6320:23:model_tree_11	16	static
../tiremo_api/model.h:6893:23:model_tree_12	16	static
../tiremo_api/model.h:7450:23:model_tree_13	16	static
../tiremo_api/model.h:8067:23:model_tree_14	16	static
../tiremo_api/model.h:8664:23:model_tree_15	16	static
../tiremo_api/model.h:9249:23:model_tree_16	16	static
../tiremo_api/model.h:9786:23:model_tree_17	16	static
../tiremo_api/model.h:10343:23:model_tree_18	16	static
../tiremo_api/model.h:10872:23:model_tree_19	16	static
../tiremo_api/model.h:11461:23:model_tree_20	16	static
../tiremo_api/model.h:12038:23:model_tree_21	16	static
../tiremo_api/model.h:12623:23:model_tree_22	16	static
../tiremo_api/model.h:13220:23:model_tree_23	16	static
../tiremo_api/model.h:13817:23:model_tree_24	16	static
../tiremo_api/model.h:14402:23:model_tree_25	16	static
../tiremo_api/model.h:14975:23:model_tree_26	16	static
../tiremo_api/model.h:15564:23:model_tree_27	16	static
../tiremo_api/model.h:16137:23:model_tree_28	16	static
../tiremo_api/model.h:16718:23:model_tree_29	16	static
../tiremo_api/model.h:17295:23:model_tree_30	16	static
../tiremo_api/model.h:17896:23:model_tree_31	16	static
../tiremo_api/model.h:18485:23:model_tree_32	16	static
../tiremo_api/model.h:19054:23:model_tree_33	16	static
../tiremo_api/model.h:19651:23:model_tree_34	16	static
../tiremo_api/model.h:20208:23:model_tree_35	16	static
../tiremo_api/model.h:20813:23:model_tree_36	16	static
../tiremo_api/model.h:21354:23:model_tree_37	16	static
../tiremo_api/model.h:21915:23:model_tree_38	16	static
../tiremo_api/model.h:22496:23:model_tree_39	16	static
../tiremo_api/model.h:23057:23:model_tree_40	16	static
../tiremo_api/model.h:23610:23:model_tree_41	16	static
../tiremo_api/model.h:24207:23:model_tree_42	16	static
../tiremo_api/model.h:24772:23:model_tree_43	16	static
../tiremo_api/model.h:25325:9:model_predict	56	static
../tiremo_api/model.h:25388:5:model_predict_proba	40	static
../tiremo_api/tiremo_api.c:19:19:_to_model_feature	16	static
../tiremo_api/tiremo_api.c:24:12:_run_single	40	static
../tiremo_api/tiremo_api.c:59:5:tiremo_ai_classify_label	32	static
