Component: Arm Compiler for Embedded 6.24 Tool: armlink [5f371500]

==============================================================================

Section Cross References

    main.o(.text.main) refers to prv_scu_clk.o(.text.PRV_SCU_CLK_Init) for PRV_SCU_CLK_Init
    main.o(.text.main) refers to user_uart.o(.text.PRV_UART_Init) for PRV_UART_Init
    main.o(.text.main) refers to user_timer1.o(.text.PRV_Timer1_Init) for PRV_Timer1_Init
    main.o(.text.main) refers to user_adc.o(.text.PRV_ADC_Init) for PRV_ADC_Init
    main.o(.text.main) refers to user_i2c.o(.text.PRV_I2C_Init) for PRV_I2C_Init
    main.o(.text.main) refers to prv_user_code.o(.text.PRV_USER_Code) for PRV_USER_Code
    main.o(.ARM.exidx.text.main) refers to main.o(.text.main) for [Anonymous Symbol]
    prv_scu_clk.o(.text.PRV_SCU_CLK_Init) refers to hal_scu_clk.o(.text.HAL_SCU_CLK_SetSrcEnable) for HAL_SCU_CLK_SetSrcEnable
    prv_scu_clk.o(.text.PRV_SCU_CLK_Init) refers to hal_scu_clk.o(.text.HAL_SCU_CLK_SetMClk) for HAL_SCU_CLK_SetMClk
    prv_scu_clk.o(.text.PRV_SCU_CLK_Init) refers to hal_scu_clk.o(.text.HAL_SCU_CLK_SetPLLConfig) for HAL_SCU_CLK_SetPLLConfig
    prv_scu_clk.o(.text.PRV_SCU_CLK_Init) refers to hal_scu_clk.o(.text.HAL_SCU_CLK_SetPClkDiv) for HAL_SCU_CLK_SetPClkDiv
    prv_scu_clk.o(.text.PRV_SCU_CLK_Init) refers to hal_scu_clk.o(.text.HAL_SCU_CLK_SetOutput) for HAL_SCU_CLK_SetOutput
    prv_scu_clk.o(.ARM.exidx.text.PRV_SCU_CLK_Init) refers to prv_scu_clk.o(.text.PRV_SCU_CLK_Init) for [Anonymous Symbol]
    prv_user_code.o(.text.SysTick_Handler) refers to prv_user_code.o(.bss.s_un32SysTimerVal) for s_un32SysTimerVal
    prv_user_code.o(.text.SysTick_Handler) refers to mqtt_port_abov.o(.text.MqttPort_ABOV_TickIncrement) for MqttPort_ABOV_TickIncrement
    prv_user_code.o(.text.SysTick_Handler) refers to mqtt_core.o(.bss.mqtt_timer_en) for mqtt_timer_en
    prv_user_code.o(.text.SysTick_Handler) refers to mqtt_core.o(.bss.mqtt_timer) for mqtt_timer
    prv_user_code.o(.text.SysTick_Handler) refers to prv_user_code.o(.bss.SysTick_Handler.s_un32TickCounter) for SysTick_Handler.s_un32TickCounter
    prv_user_code.o(.text.SysTick_Handler) refers to mp23abs1_sensor.o(.text.MP23ABS1_TimerHandler) for MP23ABS1_TimerHandler
    prv_user_code.o(.ARM.exidx.text.SysTick_Handler) refers to prv_user_code.o(.text.SysTick_Handler) for [Anonymous Symbol]
    prv_user_code.o(.text.SYSTICK_Wait) refers to prv_user_code.o(.bss.s_un32SysTimerVal) for s_un32SysTimerVal
    prv_user_code.o(.ARM.exidx.text.SYSTICK_Wait) refers to prv_user_code.o(.text.SYSTICK_Wait) for [Anonymous Symbol]
    prv_user_code.o(.text.LED_ON) refers to hal_pcu.o(.text.HAL_PCU_SetOutputBit) for HAL_PCU_SetOutputBit
    prv_user_code.o(.ARM.exidx.text.LED_ON) refers to prv_user_code.o(.text.LED_ON) for [Anonymous Symbol]
    prv_user_code.o(.text.LED_OFF) refers to hal_pcu.o(.text.HAL_PCU_SetOutputBit) for HAL_PCU_SetOutputBit
    prv_user_code.o(.ARM.exidx.text.LED_OFF) refers to prv_user_code.o(.text.LED_OFF) for [Anonymous Symbol]
    prv_user_code.o(.text.LED_Blink) refers to prv_user_code.o(.bss.s_un32SysTimerVal) for s_un32SysTimerVal
    prv_user_code.o(.text.LED_Blink) refers to hal_pcu.o(.text.HAL_PCU_SetOutputBit) for HAL_PCU_SetOutputBit
    prv_user_code.o(.ARM.exidx.text.LED_Blink) refers to prv_user_code.o(.text.LED_Blink) for [Anonymous Symbol]
    prv_user_code.o(.text.GPIO_Config_Alt) refers to hal_pcu.o(.text.HAL_PCU_SetAltMode) for HAL_PCU_SetAltMode
    prv_user_code.o(.text.GPIO_Config_Alt) refers to hal_pcu.o(.text.HAL_PCU_SetOutputBit) for HAL_PCU_SetOutputBit
    prv_user_code.o(.ARM.exidx.text.GPIO_Config_Alt) refers to prv_user_code.o(.text.GPIO_Config_Alt) for [Anonymous Symbol]
    prv_user_code.o(.text.PRV_USER_Code) refers to hal_scu_clk.o(.data.SystemCoreClock) for SystemCoreClock
    prv_user_code.o(.text.PRV_USER_Code) refers to prv_user_code.o(.text.GPIO_Config_Alt) for GPIO_Config_Alt
    prv_user_code.o(.text.PRV_USER_Code) refers to debug_framework.o(.text.DebugFramework_Init) for DebugFramework_Init
    prv_user_code.o(.text.PRV_USER_Code) refers to prv_user_code.o(.bss.s_un32SysTimerVal) for s_un32SysTimerVal
    prv_user_code.o(.text.PRV_USER_Code) refers to debug_framework.o(.text.DebugFramework_PutsLine) for DebugFramework_PutsLine
    prv_user_code.o(.text.PRV_USER_Code) refers to hal_pcu.o(.text.HAL_PCU_SetOutputBit) for HAL_PCU_SetOutputBit
    prv_user_code.o(.text.PRV_USER_Code) refers to prv_user_code.o(.rodata.str1.1) for .L.str.2
    prv_user_code.o(.text.PRV_USER_Code) refers to sensor.o(.text.Sensor_LEDTest) for Sensor_LEDTest
    prv_user_code.o(.text.PRV_USER_Code) refers to sensor.o(.text.Sensor_TestAll) for Sensor_TestAll
    prv_user_code.o(.text.PRV_USER_Code) refers to debug_framework.o(.text.DebugFramework_Printf) for DebugFramework_Printf
    prv_user_code.o(.text.PRV_USER_Code) refers to esp32_at_test.o(.text.ESP32_Simple_AT_Test) for ESP32_Simple_AT_Test
[...]
    .L.str.33                                0x000085c9   Data          89  sensor.o(.rodata.str1.1)
    s_eLis2de12I2cId                         0x200000c8   Data           1  lis2de12.o(.data.s_eLis2de12I2cId)
    [Anonymous Symbol]                       0x200000c8   Section        0  lis2de12.o(.data.s_eLis2de12I2cId)
    MP23ABS1_Context                         0x200000cc   Data          44  mp23abs1_sensor.o(.bss.MP23ABS1_Context)
    [Anonymous Symbol]                       0x200000cc   Section        0  mp23abs1_sensor.o(.bss.MP23ABS1_Context)
    MQTTSubInitCase                          0x200000f9   Data           1  mqtt_core.o(.bss.MQTTSubInitCase)
    [Anonymous Symbol]                       0x200000f9   Section        0  mqtt_core.o(.bss.MQTTSubInitCase)
    MQTT_PublishSensorData.jsonBuf           0x200000fa   Data         256  empa_mqttaws.o(.bss.MQTT_PublishSensorData.jsonBuf)
    [Anonymous Symbol]                       0x200000fa   Section        0  empa_mqttaws.o(.bss.MQTT_PublishSensorData.jsonBuf)
    SysTick_Handler.s_un32TickCounter        0x200001fc   Data           4  prv_user_code.o(.bss.SysTick_Handler.s_un32TickCounter)
    [Anonymous Symbol]                       0x200001fc   Section        0  prv_user_code.o(.bss.SysTick_Handler.s_un32TickCounter)
    g_port                                   0x20000248   Data           4  mqtt_core.o(.bss.g_port)
    [Anonymous Symbol]                       0x20000248   Section        0  mqtt_core.o(.bss.g_port)
    s_AudioBuffer                            0x200004ee   Data        2048  sensor.o(.bss.s_AudioBuffer)
    [Anonymous Symbol]                       0x200004ee   Section        0  sensor.o(.bss.s_AudioBuffer)
    s_bInitialized                           0x20000cee   Data           1  debug_framework.o(.bss.s_bInitialized)
    [Anonymous Symbol]                       0x20000cee   Section        0  debug_framework.o(.bss.s_bInitialized)
    s_bInitialized                           0x20000cef   Data           1  battery_reading.o(.bss.s_bInitialized)
    [Anonymous Symbol]                       0x20000cef   Section        0  battery_reading.o(.bss.s_bInitialized)
    s_broker_address                         0x20000cf0   Data           4  mqtt_core.o(.bss.s_broker_address)
    [Anonymous Symbol]                       0x20000cf0   Section        0  mqtt_core.o(.bss.s_broker_address)
    s_bufferReady                            0x20000cf4   Data           1  sensor.o(.bss.s_bufferReady)
    [Anonymous Symbol]                       0x20000cf4   Section        0  sensor.o(.bss.s_bufferReady)
    s_data                                   0x20000cf8   Data          36  sensor.o(.bss.s_data)
    [Anonymous Symbol]                       0x20000cf8   Section        0  sensor.o(.bss.s_data)
    s_tAcb                                   0x20000d1c   Data          48  hal_adc.o(.bss.s_tAcb)
    [Anonymous Symbol]                       0x20000d1c   Section        0  hal_adc.o(.bss.s_tAcb)
    s_tCcb                                   0x20000d4c   Data          36  hal_scu_clk.o(.bss.s_tCcb)
    [Anonymous Symbol]                       0x20000d4c   Section        0  hal_scu_clk.o(.bss.s_tCcb)
    s_tIcb                                   0x20000d70   Data         176  hal_i2c.o(.bss.s_tIcb)
    [Anonymous Symbol]                       0x20000d70   Section        0  hal_i2c.o(.bss.s_tIcb)
    s_tNrb                                   0x20000e20   Data          96  hpl_nmi.o(.bss.s_tNrb)
    [Anonymous Symbol]                       0x20000e20   Section        0  hpl_nmi.o(.bss.s_tNrb)
    s_tPcb                                   0x20000e80   Data         112  hal_pcu.o(.bss.s_tPcb)
    [Anonymous Symbol]                       0x20000e80   Section        0  hal_pcu.o(.bss.s_tPcb)
    s_tTcb                                   0x20000ef0   Data         160  hal_timer1.o(.bss.s_tTcb)
    [Anonymous Symbol]                       0x20000ef0   Section        0  hal_timer1.o(.bss.s_tTcb)
    s_tUcb                                   0x20000f90   Data         572  hal_uart.o(.bss.s_tUcb)
    [Anonymous Symbol]                       0x20000f90   Section        0  hal_uart.o(.bss.s_tUcb)
    s_tick_ms                                0x200011cc   Data           4  mqtt_port_abov.o(.bss.s_tick_ms)
    [Anonymous Symbol]                       0x200011cc   Section        0  mqtt_port_abov.o(.bss.s_tick_ms)
    s_un16VcoreRaw                           0x200011d0   Data           2  battery_reading.o(.bss.s_un16VcoreRaw)
    [Anonymous Symbol]                       0x200011d0   Section        0  battery_reading.o(.bss.s_un16VcoreRaw)
    s_un32PLLClock                           0x200011d4   Data           4  hal_scu_clk.o(.bss.s_un32PLLClock)
    [Anonymous Symbol]                       0x200011d4   Section        0  hal_scu_clk.o(.bss.s_un32PLLClock)
    s_un32SysTimerVal                        0x200011d8   Data           4  prv_user_code.o(.bss.s_un32SysTimerVal)
    [Anonymous Symbol]                       0x200011d8   Section        0  prv_user_code.o(.bss.s_un32SysTimerVal)
    s_un32TimerIntCount                      0x200011dc   Data           4  user_timer1_isr.o(.bss.s_un32TimerIntCount)
    [Anonymous Symbol]                       0x200011dc   Section        0  user_timer1_isr.o(.bss.s_un32TimerIntCount)
    sensor_initialized                       0x200011e0   Data           1  sht40_app.o(.bss.sensor_initialized)
    [Anonymous Symbol]                       0x200011e0   Section        0  sht40_app.o(.bss.sensor_initialized)
    sensor_initialized                       0x200011e1   Data           1  lis2de12_app.o(.bss.sensor_initialized)
    [Anonymous Symbol]                       0x200011e1   Section        0  lis2de12_app.o(.bss.sensor_initialized)
    un32UartBdrClock                         0x200011f0   Data           4  hal_uart.o(.bss.un32UartBdrClock)
    [Anonymous Symbol]                       0x200011f0   Section        0  hal_uart.o(.bss.un32UartBdrClock)

    Global Symbols

    Symbol Name                              Value     Ov Type        Size  Object(Section)

    BuildAttributes$$THM_ISAv4$E$P$D$K$B$S$7EM$VFPi3$EXTD16$VFPS$VFMA$PE$A:L22UL41UL21$X:L11$S22US41US21$IEEE1$IW$USESV6$~STKCKD$USESV7$~SHL$OTIME$ROPI$MICROLIB$REQ8$PRES8$EABIv2 0x00000000   Number         0  anon$$obj.o ABSOLUTE
    __Vectors                                0x00000000   Data         960  startup_a34xxxx.o(RESET)
    _printf_a                                0x00000000   Number         0  printfstubs.o ABSOLUTE
    _printf_c                                0x00000000   Number         0  printfstubs.o ABSOLUTE
    _printf_charcount                        0x00000000   Number         0  printfstubs.o ABSOLUTE
    _printf_d                                0x00000000   Number         0  printfstubs.o ABSOLUTE
    _printf_e                                0x00000000   Number         0  printfstubs.o ABSOLUTE
    _printf_f                                0x00000000   Number         0  printfstubs.o ABSOLUTE
    _printf_flags                            0x00000000   Number         0  printfstubs.o ABSOLUTE
    _printf_fp_dec                           0x00000000   Number         0  printfstubs.o ABSOLUTE
    _printf_fp_hex                           0x00000000   Number         0  printfstubs.o ABSOLUTE
    _printf_g                                0x00000000   Number         0  printfstubs.o ABSOLUTE
    _printf_i                                0x00000000   Number         0  printfstubs.o ABSOLUTE
    _printf_int_dec                          0x00000000   Number         0  printfstubs.o ABSOLUTE
    _printf_l                                0x00000000   Number         0  printfstubs.o ABSOLUTE
    _printf_lc                               0x00000000   Number         0  printfstubs.o ABSOLUTE
    _printf_ll                               0x00000000   Number         0  printfstubs.o ABSOLUTE
    _printf_lld                              0x00000000   Number         0  printfstubs.o ABSOLUTE
    _printf_lli                              0x00000000   Number         0  printfstubs.o ABSOLUTE
    _printf_llo                              0x00000000   Number         0  printfstubs.o ABSOLUTE
    _printf_llu                              0x00000000   Number         0  printfstubs.o ABSOLUTE
    _printf_llx                              0x00000000   Number         0  printfstubs.o ABSOLUTE
    _printf_longlong_dec                     0x00000000   Number         0  printfstubs.o ABSOLUTE
    _printf_longlong_hex                     0x00000000   Number         0  printfstubs.o ABSOLUTE
    _printf_longlong_oct                     0x00000000   Number         0  printfstubs.o ABSOLUTE
    _printf_ls                               0x00000000   Number         0  printfstubs.o ABSOLUTE
    _printf_mbtowc                           0x00000000   Number         0  printfstubs.o ABSOLUTE
    _printf_n                                0x00000000   Number         0  printfstubs.o ABSOLUTE
    _printf_o                                0x00000000   Number         0  printfstubs.o ABSOLUTE
    _printf_p                                0x00000000   Number         0  printfstubs.o ABSOLUTE
    _printf_percent                          0x00000000   Number         0  printfstubs.o ABSOLUTE
    _printf_pre_padding                      0x00000000   Number         0  printfstubs.o ABSOLUTE
    _printf_return_value                     0x00000000   Number         0  printfstubs.o ABSOLUTE
    _printf_s                                0x00000000   Number         0  printfstubs.o ABSOLUTE
    _printf_sizespec                         0x00000000   Number         0  printfstubs.o ABSOLUTE
    _printf_str                              0x00000000   Number         0  printfstubs.o ABSOLUTE
    _printf_truncate_signed                  0x00000000   Number         0  printfstubs.o ABSOLUTE
    _printf_truncate_unsigned                0x00000000   Number         0  printfstubs.o ABSOLUTE
    _printf_u                                0x00000000   Number         0  printfstubs.o ABSOLUTE
    _printf_wc                               0x00000000   Number         0  printfstubs.o ABSOLUTE
    _printf_wctomb                           0x00000000   Number         0  printfstubs.o ABSOLUTE
    _printf_widthprec                        0x00000000   Number         0  printfstubs.o ABSOLUTE
    _printf_x                                0x00000000   Number         0  printfstubs.o ABSOLUTE
    __cpp_initialize__aeabi_                  - Undefined Weak Reference
    __cxa_finalize                            - Undefined Weak Reference
    __decompress                              - Undefined Weak Reference
    _clock_init                               - Undefined Weak Reference
    _microlib_exit                            - Undefined Weak Reference
    __main                                   0x000003c1   Thumb Code     0  entry.o(.ARM.Collect$$$$00000000)
    _main_stk                                0x000003c1   Thumb Code     0  entry4.o(.ARM.Collect$$$$00000003)
    _main_scatterload                        0x000003c5   Thumb Code     0  entry5.o(.ARM.Collect$$$$00000004)
    __main_after_scatterload                 0x000003c9   Thumb Code     0  entry5.o(.ARM.Collect$$$$00000004)
    _main_clock                              0x000003c9   Thumb Code     0  entry7b.o(.ARM.Collect$$$$00000008)
    _main_cpp_init                           0x000003c9   Thumb Code     0  entry8b.o(.ARM.Collect$$$$0000000A)
    _main_init                               0x000003c9   Thumb Code     0  entry9a.o(.ARM.Collect$$$$0000000B)
    __rt_final_cpp                           0x000003d1   Thumb Code     0  entry10a.o(.ARM.Collect$$$$0000000D)
    __rt_final_exit                          0x000003d1   Thumb Code     0  entry11a.o(.ARM.Collect$$$$0000000F)
    __aeabi_uldivmod                         0x000003d5   Thumb Code    98  uldiv.o(.text)
    __aeabi_memcpy                           0x00000437   Thumb Code    36  memcpya.o(.text)
    __aeabi_memcpy4                          0x00000437   Thumb Code     0  memcpya.o(.text)
    __aeabi_memcpy8                          0x00000437   Thumb Code     0  memcpya.o(.text)
    __aeabi_memset                           0x0000045b   Thumb Code    14  memseta.o(.text)
    __aeabi_memset4                          0x0000045b   Thumb Code     0  memseta.o(.text)
    __aeabi_memset8                          0x0000045b   Thumb Code     0  memseta.o(.text)
    __aeabi_memclr                           0x00000469   Thumb Code     4  memseta.o(.text)
    __aeabi_memclr4                          0x00000469   Thumb Code     0  memseta.o(.text)
    __aeabi_memclr8                          0x00000469   Thumb Code     0  memseta.o(.text)
    _memset$wrapper                          0x0000046d   Thumb Code    18  memseta.o(.text)
    strstr                                   0x0000047f   Thumb Code    36  strstr.o(.text)
    strncpy                                  0x000004a3   Thumb Code    24  strncpy.o(.text)
    strchr                                   0x000004bb   Thumb Code    20  strchr.o(.text)
    strlen                                   0x000004cf   Thumb Code    14  strlen.o(.text)
    __aeabi_dadd                             0x000004dd   Thumb Code   322  dadd.o(.text)
    __aeabi_dsub                             0x0000061f   Thumb Code     6  dadd.o(.text)
    __aeabi_drsub                            0x00000625   Thumb Code     6  dadd.o(.text)
    __aeabi_dmul                             0x0000062b   Thumb Code   228  dmul.o(.text)
    __aeabi_uidiv                            0x0000070f   Thumb Code     0  uidiv.o(.text)
    __aeabi_uidivmod                         0x0000070f   Thumb Code    44  uidiv.o(.text)
    __aeabi_llsl                             0x0000073b   Thumb Code    30  llshl.o(.text)
    _ll_shift_l                              0x0000073b   Thumb Code     0  llshl.o(.text)
    __aeabi_llsr                             0x00000759   Thumb Code    32  llushr.o(.text)
    _ll_ushift_r                             0x00000759   Thumb Code     0  llushr.o(.text)
    __aeabi_lasr                             0x00000779   Thumb Code    36  llsshr.o(.text)
    _ll_sshift_r                             0x00000779   Thumb Code     0  llsshr.o(.text)
    __I$use$fp                               0x0000079d   Thumb Code     0  iusefp.o(.text)
    _double_round                            0x0000079d   Thumb Code    30  depilogue.o(.text)
    _double_epilogue                         0x000007bb   Thumb Code   156  depilogue.o(.text)
    __aeabi_ddiv                             0x00000857   Thumb Code   222  ddiv.o(.text)
    __aeabi_d2ulz                            0x00000935   Thumb Code    48  dfixul.o(.text)
    __aeabi_cdrcmple                         0x00000965   Thumb Code    48  cdrcmple.o(.text)
    __scatterload                            0x00000995   Thumb Code    38  init.o(.text)
    __scatterload_rt2                        0x00000995   Thumb Code     0  init.o(.text)
    ADC_IRQHandler_ADC_ID_0                  0x000009c5   Thumb Code     2  user_adc_isr.o(.text.ADC_IRQHandler_ADC_ID_0)
    ADC_IRQHandler_ADC_ID_2                  0x000009c9   Thumb Code     2  user_adc_isr.o(.text.ADC_IRQHandler_ADC_ID_2)
    BatteryReading_Init                      0x000009cd   Thumb Code    50  battery_reading.o(.text.BatteryReading_Init)
    BatteryReading_ReadChannel               0x00000a01   Thumb Code   144  battery_reading.o(.text.BatteryReading_ReadChannel)
    BatteryReading_ReadSupplyVoltage         0x00000a91   Thumb Code   102  battery_reading.o(.text.BatteryReading_ReadSupplyVoltage)
    DebugFramework_Init                      0x00000af9   Thumb Code   150  debug_framework.o(.text.DebugFramework_Init)
    DebugFramework_Printf                    0x00000b91   Thumb Code   110  debug_framework.o(.text.DebugFramework_Printf)
    DebugFramework_PutDec32                  0x00000c01   Thumb Code   144  debug_framework.o(.text.DebugFramework_PutDec32)
    DebugFramework_Puts                      0x00000c91   Thumb Code    74  debug_framework.o(.text.DebugFramework_Puts)
    DebugFramework_PutsLine                  0x00000cdd   Thumb Code   126  debug_framework.o(.text.DebugFramework_PutsLine)
    BusFault_Handler                         0x00000d5d   Thumb Code     2  startup_a34xxxx.o(.text.Default_Handler)
    DebugMon_Handler                         0x00000d5d   Thumb Code     2  startup_a34xxxx.o(.text.Default_Handler)
    Default_Handler                          0x00000d5d   Thumb Code     2  startup_a34xxxx.o(.text.Default_Handler)
    Interrupt0_Handler                       0x00000d5d   Thumb Code     2  startup_a34xxxx.o(.text.Default_Handler)
    Interrupt101_Handler                     0x00000d5d   Thumb Code     2  startup_a34xxxx.o(.text.Default_Handler)
    Interrupt102_Handler                     0x00000d5d   Thumb Code     2  startup_a34xxxx.o(.text.Default_Handler)
    Interrupt103_Handler                     0x00000d5d   Thumb Code     2  startup_a34xxxx.o(.text.Default_Handler)
    Interrupt104_Handler                     0x00000d5d   Thumb Code     2  startup_a34xxxx.o(.text.Default_Handler)
    Interrupt105_Handler                     0x00000d5d   Thumb Code     2  startup_a34xxxx.o(.text.Default_Handler)
    Interrupt106_Handler                     0x00000d5d   Thumb Code     2  startup_a34xxxx.o(.text.Default_Handler)
    Interrupt107_Handler                     0x00000d5d   Thumb Code     2  startup_a34xxxx.o(.text.Default_Handler)
    Interrupt10_Handler                      0x00000d5d   Thumb Code     2  startup_a34xxxx.o(.text.Default_Handler)
    Interrupt115_Handler                     0x00000d5d   Thumb Code     2  startup_a34xxxx.o(.text.Default_Handler)
    Interrupt116_Handler                     0x00000d5d   Thumb Code     2  startup_a34xxxx.o(.text.Default_Handler)
    Interrupt117_Handler                     0x00000d5d   Thumb Code     2  startup_a34xxxx.o(.text.Default_Handler)
    Interrupt118_Handler                     0x00000d5d   Thumb Code     2  startup_a34xxxx.o(.text.Default_Handler)
    Interrupt119_Handler                     0x00000d5d   Thumb Code     2  startup_a34xxxx.o(.text.Default_Handler)
    Interrupt11_Handler                      0x00000d5d   Thumb Code     2  startup_a34xxxx.o(.text.Default_Handler)
    Interrupt120_Handler                     0x00000d5d   Thumb Code     2  startup_a34xxxx.o(.text.Default_Handler)
    Interrupt121_Handler                     0x00000d5d   Thumb Code     2  startup_a34xxxx.o(.text.Default_Handler)
    Interrupt122_Handler                     0x00000d5d   Thumb Code     2  startup_a34xxxx.o(.text.Default_Handler)
    Interrupt123_Handler                     0x00000d5d   Thumb Code     2  startup_a34xxxx.o(.text.Default_Handler)
    Interrupt124_Handler                     0x00000d5d   Thumb Code     2  startup_a34xxxx.o(.text.Default_Handler)
    Interrupt12_Handler                      0x00000d5d   Thumb Code     2  startup_a34xxxx.o(.text.Default_Handler)
    Interrupt13_Handler                      0x00000d5d   Thumb Code     2  startup_a34xxxx.o(.text.Default_Handler)
    Interrupt14_Handler                      0x00000d5d   Thumb Code     2  startup_a34xxxx.o(.text.Default_Handler)
    Interrupt25_Handler                      0x00000d5d   Thumb Code     2  startup_a34xxxx.o(.text.Default_Handler)
    Interrupt26_Handler                      0x00000d5d   Thumb Code     2  startup_a34xxxx.o(.text.Default_Handler)
    Interrupt27_Handler                      0x00000d5d   Thumb Code     2  startup_a34xxxx.o(.text.Default_Handler)
    Interrupt28_Handler                      0x00000d5d   Thumb Code     2  startup_a34xxxx.o(.text.Default_Handler)
    Interrupt29_Handler                      0x00000d5d   Thumb Code     2  startup_a34xxxx.o(.text.Default_Handler)
    Interrupt30_Handler                      0x00000d5d   Thumb Code     2  startup_a34xxxx.o(.text.Default_Handler)
    Interrupt31_Handler                      0x00000d5d   Thumb Code     2  startup_a34xxxx.o(.text.Default_Handler)
    Interrupt32_Handler                      0x00000d5d   Thumb Code     2  startup_a34xxxx.o(.text.Default_Handler)
    Interrupt33_Handler                      0x00000d5d   Thumb Code     2  startup_a34xxxx.o(.text.Default_Handler)
    Interrupt34_Handler                      0x00000d5d   Thumb Code     2  startup_a34xxxx.o(.text.Default_Handler)
    Interrupt35_Handler                      0x00000d5d   Thumb Code     2  startup_a34xxxx.o(.text.Default_Handler)
    Interrupt43_Handler                      0x00000d5d   Thumb Code     2  startup_a34xxxx.o(.text.Default_Handler)
    Interrupt44_Handler                      0x00000d5d   Thumb Code     2  startup_a34xxxx.o(.text.Default_Handler)
    Interrupt45_Handler                      0x00000d5d   Thumb Code     2  startup_a34xxxx.o(.text.Default_Handler)
    Interrupt46_Handler                      0x00000d5d   Thumb Code     2  startup_a34xxxx.o(.text.Default_Handler)
    Interrupt47_Handler                      0x00000d5d   Thumb Code     2  startup_a34xxxx.o(.text.Default_Handler)
    Interrupt48_Handler                      0x00000d5d   Thumb Code     2  startup_a34xxxx.o(.text.Default_Handler)
    Interrupt49_Handler                      0x00000d5d   Thumb Code     2  startup_a34xxxx.o(.text.Default_Handler)
    Interrupt4_Handler                       0x00000d5d   Thumb Code     2  startup_a34xxxx.o(.text.Default_Handler)
    Interrupt50_Handler                      0x00000d5d   Thumb Code     2  startup_a34xxxx.o(.text.Default_Handler)
    Interrupt51_Handler                      0x00000d5d   Thumb Code     2  startup_a34xxxx.o(.text.Default_Handler)
    Interrupt52_Handler                      0x00000d5d   Thumb Code     2  startup_a34xxxx.o(.text.Default_Handler)
    Interrupt53_Handler                      0x00000d5d   Thumb Code     2  startup_a34xxxx.o(.text.Default_Handler)
    Interrupt54_Handler                      0x00000d5d   Thumb Code     2  startup_a34xxxx.o(.text.Default_Handler)
    Interrupt55_Handler                      0x00000d5d   Thumb Code     2  startup_a34xxxx.o(.text.Default_Handler)
    Interrupt56_Handler                      0x00000d5d   Thumb Code     2  startup_a34xxxx.o(.text.Default_Handler)
    Interrupt57_Handler                      0x00000d5d   Thumb Code     2  startup_a34xxxx.o(.text.Default_Handler)
    Interrupt58_Handler                      0x00000d5d   Thumb Code     2  startup_a34xxxx.o(.text.Default_Handler)
    Interrupt59_Handler                      0x00000d5d   Thumb Code     2  startup_a34xxxx.o(.text.Default_Handler)
    Interrupt5_Handler                       0x00000d5d   Thumb Code     2  startup_a34xxxx.o(.text.Default_Handler)
    Interrupt69_Handler                      0x00000d5d   Thumb Code     2  startup_a34xxxx.o(.text.Default_Handler)
    Interrupt6_Handler                       0x00000d5d   Thumb Code     2  startup_a34xxxx.o(.text.Default_Handler)
    Interrupt70_Handler                      0x00000d5d   Thumb Code     2  startup_a34xxxx.o(.text.Default_Handler)
    Interrupt71_Handler                      0x00000d5d   Thumb Code     2  startup_a34xxxx.o(.text.Default_Handler)
    Interrupt72_Handler                      0x00000d5d   Thumb Code     2  startup_a34xxxx.o(.text.Default_Handler)
    Interrupt73_Handler                      0x00000d5d   Thumb Code     2  startup_a34xxxx.o(.text.Default_Handler)
    Interrupt77_Handler                      0x00000d5d   Thumb Code     2  startup_a34xxxx.o(.text.Default_Handler)
    Interrupt78_Handler                      0x00000d5d   Thumb Code     2  startup_a34xxxx.o(.text.Default_Handler)
    Interrupt79_Handler                      0x00000d5d   Thumb Code     2  startup_a34xxxx.o(.text.Default_Handler)
    Interrupt7_Handler                       0x00000d5d   Thumb Code     2  startup_a34xxxx.o(.text.Default_Handler)
    Interrupt80_Handler                      0x00000d5d   Thumb Code     2  startup_a34xxxx.o(.text.Default_Handler)
    Interrupt81_Handler                      0x00000d5d   Thumb Code     2  startup_a34xxxx.o(.text.Default_Handler)
    Interrupt82_Handler                      0x00000d5d   Thumb Code     2  startup_a34xxxx.o(.text.Default_Handler)
    Interrupt83_Handler                      0x00000d5d   Thumb Code     2  startup_a34xxxx.o(.text.Default_Handler)
    Interrupt84_Handler                      0x00000d5d   Thumb Code     2  startup_a34xxxx.o(.text.Default_Handler)
    Interrupt85_Handler                      0x00000d5d   Thumb Code     2  startup_a34xxxx.o(.text.Default_Handler)
    Interrupt86_Handler                      0x00000d5d   Thumb Code     2  startup_a34xxxx.o(.text.Default_Handler)
    Interrupt87_Handler                      0x00000d5d   Thumb Code     2  startup_a34xxxx.o(.text.Default_Handler)
    Interrupt88_Handler                      0x00000d5d   Thumb Code     2  startup_a34xxxx.o(.text.Default_Handler)
    Interrupt89_Handler                      0x00000d5d   Thumb Code     2  startup_a34xxxx.o(.text.Default_Handler)
    Interrupt8_Handler                       0x00000d5d   Thumb Code     2  startup_a34xxxx.o(.text.Default_Handler)
    Interrupt90_Handler                      0x00000d5d   Thumb Code     2  startup_a34xxxx.o(.text.Default_Handler)
    Interrupt91_Handler                      0x00000d5d   Thumb Code     2  startup_a34xxxx.o(.text.Default_Handler)
    Interrupt92_Handler                      0x00000d5d   Thumb Code     2  startup_a34xxxx.o(.text.Default_Handler)
    Interrupt93_Handler                      0x00000d5d   Thumb Code     2  startup_a34xxxx.o(.text.Default_Handler)
    Interrupt94_Handler                      0x00000d5d   Thumb Code     2  startup_a34xxxx.o(.text.Default_Handler)
    Interrupt95_Handler                      0x00000d5d   Thumb Code     2  startup_a34xxxx.o(.text.Default_Handler)
    Interrupt96_Handler                      0x00000d5d   Thumb Code     2  startup_a34xxxx.o(.text.Default_Handler)
    Interrupt97_Handler                      0x00000d5d   Thumb Code     2  startup_a34xxxx.o(.text.Default_Handler)
    Interrupt98_Handler                      0x00000d5d   Thumb Code     2  startup_a34xxxx.o(.text.Default_Handler)
    Interrupt99_Handler                      0x00000d5d   Thumb Code     2  startup_a34xxxx.o(.text.Default_Handler)
    Interrupt9_Handler                       0x00000d5d   Thumb Code     2  startup_a34xxxx.o(.text.Default_Handler)
    MemManage_Handler                        0x00000d5d   Thumb Code     2  startup_a34xxxx.o(.text.Default_Handler)
    PendSV_Handler                           0x00000d5d   Thumb Code     2  startup_a34xxxx.o(.text.Default_Handler)
    SVC_Handler                              0x00000d5d   Thumb Code     2  startup_a34xxxx.o(.text.Default_Handler)
    UsageFault_Handler                       0x00000d5d   Thumb Code     2  startup_a34xxxx.o(.text.Default_Handler)
    ESP32_Simple_AT_Test                     0x00000d61   Thumb Code   172  esp32_at_test.o(.text.ESP32_Simple_AT_Test)
    GPIO_Config_Alt                          0x00000ead   Thumb Code   226  prv_user_code.o(.text.GPIO_Config_Alt)
    HAL_ADC_GetData                          0x00000f91   Thumb Code    82  hal_adc.o(.text.HAL_ADC_GetData)
    HAL_ADC_Init                             0x00000fe5   Thumb Code   180  hal_adc.o(.text.HAL_ADC_Init)
    HAL_ADC_SetClkConfig                     0x00001099   Thumb Code    52  hal_adc.o(.text.HAL_ADC_SetClkConfig)
    HAL_ADC_SetConfig                        0x000010cd   Thumb Code   166  hal_adc.o(.text.HAL_ADC_SetConfig)
    HAL_ADC_SetIRQ                           0x00001175   Thumb Code   248  hal_adc.o(.text.HAL_ADC_SetIRQ)
    HAL_ADC_SetSeqConfig                     0x0000126d   Thumb Code   178  hal_adc.o(.text.HAL_ADC_SetSeqConfig)
    HAL_ADC_Start                            0x00001321   Thumb Code   132  hal_adc.o(.text.HAL_ADC_Start)
    HAL_ADC_Stop                             0x000013a5   Thumb Code    92  hal_adc.o(.text.HAL_ADC_Stop)
    HAL_I2C_Init                             0x00001401   Thumb Code    72  hal_i2c.o(.text.HAL_I2C_Init)
    HAL_I2C_Receive                          0x00001449   Thumb Code   552  hal_i2c.o(.text.HAL_I2C_Receive)
    HAL_I2C_SetConfig                        0x00001671   Thumb Code   170  hal_i2c.o(.text.HAL_I2C_SetConfig)
    HAL_I2C_SetIRQ                           0x0000171d   Thumb Code   304  hal_i2c.o(.text.HAL_I2C_SetIRQ)
    HAL_I2C_Transmit                         0x0000184d   Thumb Code   486  hal_i2c.o(.text.HAL_I2C_Transmit)
    HAL_I2C_WriteRead                        0x00001a35   Thumb Code   782  hal_i2c.o(.text.HAL_I2C_WriteRead)
    HAL_PCU_SetAltMode                       0x00001d45   Thumb Code   154  hal_pcu.o(.text.HAL_PCU_SetAltMode)
    HAL_PCU_SetInOutMode                     0x00001de1   Thumb Code   126  hal_pcu.o(.text.HAL_PCU_SetInOutMode)
    HAL_PCU_SetOutputBit                     0x00001e61   Thumb Code    48  hal_pcu.o(.text.HAL_PCU_SetOutputBit)
    HAL_PCU_SetOutputValue                   0x00001e91   Thumb Code    54  hal_pcu.o(.text.HAL_PCU_SetOutputValue)
    HAL_SCU_CLK_SetMClk                      0x00001ec9   Thumb Code   410  hal_scu_clk.o(.text.HAL_SCU_CLK_SetMClk)
    HAL_SCU_CLK_SetOutput                    0x00002065   Thumb Code   100  hal_scu_clk.o(.text.HAL_SCU_CLK_SetOutput)
    HAL_SCU_CLK_SetPClkDiv                   0x000020f1   Thumb Code    58  hal_scu_clk.o(.text.HAL_SCU_CLK_SetPClkDiv)
    HAL_SCU_CLK_SetPLLConfig                 0x0000212d   Thumb Code   438  hal_scu_clk.o(.text.HAL_SCU_CLK_SetPLLConfig)
    HAL_SCU_CLK_SetSrcEnable                 0x000022e5   Thumb Code    56  hal_scu_clk.o(.text.HAL_SCU_CLK_SetSrcEnable)
    HAL_TIMER1_Init                          0x0000233d   Thumb Code   106  hal_timer1.o(.text.HAL_TIMER1_Init)
    HAL_TIMER1_SetClkConfig                  0x000023a9   Thumb Code   244  hal_timer1.o(.text.HAL_TIMER1_SetClkConfig)
    HAL_TIMER1_SetConfig                     0x0000249d   Thumb Code   252  hal_timer1.o(.text.HAL_TIMER1_SetConfig)
    HAL_TIMER1_SetIRQ                        0x000025a9   Thumb Code   368  hal_timer1.o(.text.HAL_TIMER1_SetIRQ)
    HAL_TIMER1_SetInOutPort                  0x00002719   Thumb Code    40  hal_timer1.o(.text.HAL_TIMER1_SetInOutPort)
    HAL_TIMER1_SetInversionPort              0x00002741   Thumb Code    40  hal_timer1.o(.text.HAL_TIMER1_SetInversionPort)
    HAL_TIMER1_Start                         0x00002769   Thumb Code    34  hal_timer1.o(.text.HAL_TIMER1_Start)
    HAL_TIMER1_Stop                          0x0000278d   Thumb Code    34  hal_timer1.o(.text.HAL_TIMER1_Stop)
    HAL_UART_Abort                           0x000027b1   Thumb Code    68  hal_uart.o(.text.HAL_UART_Abort)
    HAL_UART_GetBusyStatus                   0x000027f5   Thumb Code    40  hal_uart.o(.text.HAL_UART_GetBusyStatus)
    HAL_UART_GetLineStatus                   0x0000281d   Thumb Code    34  hal_uart.o(.text.HAL_UART_GetLineStatus)
    HAL_UART_Init                            0x00002841   Thumb Code   168  hal_uart.o(.text.HAL_UART_Init)
    HAL_UART_Receive                         0x000028e9   Thumb Code   400  hal_uart.o(.text.HAL_UART_Receive)
    HAL_UART_SetClkConfig                    0x00002a79   Thumb Code   150  hal_uart.o(.text.HAL_UART_SetClkConfig)
    HAL_UART_SetConfig                       0x00002b11   Thumb Code   156  hal_uart.o(.text.HAL_UART_SetConfig)
    HAL_UART_SetIRQ                          0x00002bad   Thumb Code   362  hal_uart.o(.text.HAL_UART_SetIRQ)
    HAL_UART_Transmit                        0x00002d19   Thumb Code   190  hal_uart.o(.text.HAL_UART_Transmit)
    HPL_NMI_SetSource                        0x00002dd9   Thumb Code    72  hpl_nmi.o(.text.HPL_NMI_SetSource)
    HardFault_Handler                        0x00002e21   Thumb Code     2  startup_a34xxxx.o(.text.HardFault_Handler)
    I2C_IRQHandler_I2C_ID_0                  0x00002e25   Thumb Code     2  user_i2c_isr.o(.text.I2C_IRQHandler_I2C_ID_0)
    I2C_IRQHandler_I2C_ID_2                  0x00002e29   Thumb Code     2  user_i2c_isr.o(.text.I2C_IRQHandler_I2C_ID_2)
    Interrupt100_Handler                     0x00002e2d   Thumb Code     6  hal_i2c.o(.text.Interrupt100_Handler)
    Interrupt108_Handler                     0x00002e35   Thumb Code     6  hal_uart.o(.text.Interrupt108_Handler)
    Interrupt109_Handler                     0x00002e3d   Thumb Code     6  hal_uart.o(.text.Interrupt109_Handler)
    Interrupt110_Handler                     0x00002e45   Thumb Code     6  hal_uart.o(.text.Interrupt110_Handler)
    Interrupt111_Handler                     0x00002e4d   Thumb Code     6  hal_uart.o(.text.Interrupt111_Handler)
    Interrupt112_Handler                     0x00002e55   Thumb Code     6  hal_uart.o(.text.Interrupt112_Handler)
    Interrupt113_Handler                     0x00002e5d   Thumb Code     6  hal_uart.o(.text.Interrupt113_Handler)
    Interrupt114_Handler                     0x00002e65   Thumb Code     6  hal_uart.o(.text.Interrupt114_Handler)
    Interrupt15_Handler                      0x00002e6d   Thumb Code     6  hal_timer1.o(.text.Interrupt15_Handler)
    Interrupt16_Handler                      0x00002e75   Thumb Code     6  hal_timer1.o(.text.Interrupt16_Handler)
    Interrupt17_Handler                      0x00002e7d   Thumb Code     6  hal_timer1.o(.text.Interrupt17_Handler)
    Interrupt18_Handler                      0x00002e85   Thumb Code     6  hal_timer1.o(.text.Interrupt18_Handler)
    Interrupt19_Handler                      0x00002e8d   Thumb Code     6  hal_timer1.o(.text.Interrupt19_Handler)
    Interrupt1_Handler                       0x00002e95   Thumb Code    46  hal_scu_clk.o(.text.Interrupt1_Handler)
    Interrupt20_Handler                      0x00002ec5   Thumb Code     6  hal_timer1.o(.text.Interrupt20_Handler)
    Interrupt21_Handler                      0x00002ecd   Thumb Code     6  hal_timer1.o(.text.Interrupt21_Handler)
    Interrupt22_Handler                      0x00002ed5   Thumb Code     6  hal_timer1.o(.text.Interrupt22_Handler)
    Interrupt23_Handler                      0x00002edd   Thumb Code     6  hal_timer1.o(.text.Interrupt23_Handler)
    Interrupt24_Handler                      0x00002ee5   Thumb Code     6  hal_timer1.o(.text.Interrupt24_Handler)
    Interrupt2_Handler                       0x00002eed   Thumb Code    46  hal_scu_clk.o(.text.Interrupt2_Handler)
    Interrupt36_Handler                      0x00002f1d   Thumb Code    76  hal_pcu.o(.text.Interrupt36_Handler)
    Interrupt37_Handler                      0x00002f69   Thumb Code    76  hal_pcu.o(.text.Interrupt37_Handler)
    Interrupt38_Handler                      0x00002fb5   Thumb Code    76  hal_pcu.o(.text.Interrupt38_Handler)
    Interrupt39_Handler                      0x00003001   Thumb Code    76  hal_pcu.o(.text.Interrupt39_Handler)
    Interrupt3_Handler                       0x0000304d   Thumb Code    46  hal_scu_clk.o(.text.Interrupt3_Handler)
    Interrupt40_Handler                      0x0000307d   Thumb Code    76  hal_pcu.o(.text.Interrupt40_Handler)
    Interrupt41_Handler                      0x000030c9   Thumb Code    76  hal_pcu.o(.text.Interrupt41_Handler)
    Interrupt42_Handler                      0x00003115   Thumb Code    76  hal_pcu.o(.text.Interrupt42_Handler)
    Interrupt60_Handler                      0x00003161   Thumb Code     6  hal_i2c.o(.text.Interrupt60_Handler)
    Interrupt61_Handler                      0x00003169   Thumb Code     6  hal_i2c.o(.text.Interrupt61_Handler)
    Interrupt62_Handler                      0x00003171   Thumb Code     6  hal_i2c.o(.text.Interrupt62_Handler)
    Interrupt63_Handler                      0x00003179   Thumb Code     6  hal_uart.o(.text.Interrupt63_Handler)
    Interrupt64_Handler                      0x00003181   Thumb Code     6  hal_uart.o(.text.Interrupt64_Handler)
    Interrupt65_Handler                      0x00003189   Thumb Code     6  hal_uart.o(.text.Interrupt65_Handler)
    Interrupt66_Handler                      0x00003191   Thumb Code     6  hal_uart.o(.text.Interrupt66_Handler)
    Interrupt67_Handler                      0x00003199   Thumb Code     6  hal_uart.o(.text.Interrupt67_Handler)
    Interrupt68_Handler                      0x000031a1   Thumb Code     6  hal_uart.o(.text.Interrupt68_Handler)
    Interrupt74_Handler                      0x000031a9   Thumb Code    60  hal_adc.o(.text.Interrupt74_Handler)
    Interrupt75_Handler                      0x000031e5   Thumb Code    60  hal_adc.o(.text.Interrupt75_Handler)
    Interrupt76_Handler                      0x00003221   Thumb Code    60  hal_adc.o(.text.Interrupt76_Handler)
    LED_MqttTXBlink                          0x0000325d   Thumb Code    44  mqtt_core.o(.text.LED_MqttTXBlink)
    LED_Mqttconnected                        0x00003289   Thumb Code    26  mqtt_core.o(.text.LED_Mqttconnected)
    LIS2DE12_Init                            0x000032a5   Thumb Code   628  lis2de12_app.o(.text.LIS2DE12_Init)
    LIS2DE12_ReadAcceleration                0x0000359d   Thumb Code   316  lis2de12_app.o(.text.LIS2DE12_ReadAcceleration)
    MP23ABS1_BufferReady_Callback            0x00003701   Thumb Code    14  sensor.o(.text.MP23ABS1_BufferReady_Callback)
    MP23ABS1_GetSampleCount                  0x0000373d   Thumb Code    12  mp23abs1_sensor.o(.text.MP23ABS1_GetSampleCount)
    MP23ABS1_Init                            0x00003749   Thumb Code   120  mp23abs1_sensor.o(.text.MP23ABS1_Init)
    MP23ABS1_StartRecording                  0x000037c1   Thumb Code    42  mp23abs1_sensor.o(.text.MP23ABS1_StartRecording)
    MP23ABS1_StopRecording                   0x000037ed   Thumb Code    42  mp23abs1_sensor.o(.text.MP23ABS1_StopRecording)
    MP23ABS1_TimerHandler                    0x00003819   Thumb Code   208  mp23abs1_sensor.o(.text.MP23ABS1_TimerHandler)
    MQTT_ConnectBroker                       0x000038ed   Thumb Code   172  empa_mqttaws.o(.text.MQTT_ConnectBroker)
    MQTT_Init                                0x00003a01   Thumb Code  2136  mqtt_core.o(.text.MQTT_Init)
    MQTT_PublishSensorData                   0x000042e5   Thumb Code    92  empa_mqttaws.o(.text.MQTT_PublishSensorData)
    MqttPort_ABOV_Init                       0x00004365   Thumb Code    12  mqtt_port_abov.o(.text.MqttPort_ABOV_Init)
    MqttPort_ABOV_TickIncrement              0x00004371   Thumb Code    16  mqtt_port_abov.o(.text.MqttPort_ABOV_TickIncrement)
    MqttPort_Init                            0x00004381   Thumb Code    12  mqtt_core.o(.text.MqttPort_Init)
    NMI_Handler                              0x0000438d   Thumb Code   104  hpl_nmi.o(.text.NMI_Handler)
    PRV_ADC_Init                             0x000043f5   Thumb Code   156  user_adc.o(.text.PRV_ADC_Init)
    PRV_I2C_Init                             0x000046f1   Thumb Code   130  user_i2c.o(.text.PRV_I2C_Init)
    PRV_SCU_CLK_Init                         0x000047a1   Thumb Code   146  prv_scu_clk.o(.text.PRV_SCU_CLK_Init)
    PRV_Timer1_Init                          0x00004931   Thumb Code   124  user_timer1.o(.text.PRV_Timer1_Init)
    PRV_UART_Init                            0x00004ac5   Thumb Code   100  user_uart.o(.text.PRV_UART_Init)
    PRV_USER_Code                            0x00004b55   Thumb Code   560  prv_user_code.o(.text.PRV_USER_Code)
    Reset_Handler                            0x00004e15   Thumb Code     8  startup_a34xxxx.o(.text.Reset_Handler)
    SHT40_Init                               0x00004e1d   Thumb Code    68  sht40_app.o(.text.SHT40_Init)
    SHT40_ReadSensor                         0x00004eb1   Thumb Code    50  sht40_app.o(.text.SHT40_ReadSensor)
    SYSTICK_Wait                             0x00004ee5   Thumb Code    20  prv_user_code.o(.text.SYSTICK_Wait)
    Sensor_FormatJSON                        0x00004ef9   Thumb Code   170  sensor.o(.text.Sensor_FormatJSON)
    Sensor_LEDTest                           0x00004fa5   Thumb Code   112  sensor.o(.text.Sensor_LEDTest)
    Sensor_ReadAndPrint                      0x0000504d   Thumb Code   524  sensor.o(.text.Sensor_ReadAndPrint)
    Sensor_TestAll                           0x000052e9   Thumb Code   332  sensor.o(.text.Sensor_TestAll)
    SysTick_Handler                          0x000054c1   Thumb Code    82  prv_user_code.o(.text.SysTick_Handler)
    SystemDelayMS                            0x00005515   Thumb Code    28  system_a34xxxx.o(.text.SystemDelayMS)
    SystemDelayUS                            0x00005531   Thumb Code    28  system_a34xxxx.o(.text.SystemDelayUS)
    SystemInit                               0x0000554d   Thumb Code    68  system_a34xxxx.o(.text.SystemInit)
    Timer1_IRQHandler_TIMER1_ID_0            0x00005591   Thumb Code    28  user_timer1_isr.o(.text.Timer1_IRQHandler_TIMER1_ID_0)
    UART_IRQHandler_UART_ID_2                0x000055d1   Thumb Code     2  user_uart_isr.o(.text.UART_IRQHandler_UART_ID_2)
    Wifi_CheckResponse                       0x000055d5   Thumb Code   108  mqtt_core.o(.text.Wifi_CheckResponse)
    Wifi_GetMqttConn2                        0x00005641   Thumb Code   192  mqtt_core.o(.text.Wifi_GetMqttConn2)
    Wifi_MqttConn2                           0x00005711   Thumb Code   224  mqtt_core.o(.text.Wifi_MqttConn2)
    Wifi_MqttConnConfig2                     0x00005811   Thumb Code   236  mqtt_core.o(.text.Wifi_MqttConnConfig2)
    Wifi_MqttPubRaw2                         0x0000592d   Thumb Code   564  mqtt_core.o(.text.Wifi_MqttPubRaw2)
    Wifi_MqttUserConfig2                     0x00005b81   Thumb Code   236  mqtt_core.o(.text.Wifi_MqttUserConfig2)
    Wifi_QAP2                                0x00005c99   Thumb Code   172  mqtt_core.o(.text.Wifi_QAP2)
    Wifi_Reset2                              0x00005d51   Thumb Code   368  mqtt_core.o(.text.Wifi_Reset2)
    Wifi_SetAP2                              0x00005f41   Thumb Code   244  mqtt_core.o(.text.Wifi_SetAP2)
    Wifi_SetTime2                            0x0000604d   Thumb Code   220  mqtt_core.o(.text.Wifi_SetTime2)
    Wifi_SetWifiMode2                        0x0000614d   Thumb Code   220  mqtt_core.o(.text.Wifi_SetWifiMode2)
    Wifi_StartSmartConfig2                   0x00006239   Thumb Code   172  mqtt_core.o(.text.Wifi_StartSmartConfig2)
    Wifi_StopSmartConfig2                    0x000062f9   Thumb Code   172  mqtt_core.o(.text.Wifi_StopSmartConfig2)
    lis2de12_block_data_update_set           0x00006565   Thumb Code   122  lis2de12.o(.text.lis2de12_block_data_update_set)
    lis2de12_boot_set                        0x000065e1   Thumb Code   118  lis2de12.o(.text.lis2de12_boot_set)
    lis2de12_data_rate_set                   0x00006659   Thumb Code   132  lis2de12.o(.text.lis2de12_data_rate_set)
    lis2de12_device_id_get                   0x000066dd   Thumb Code    54  lis2de12.o(.text.lis2de12_device_id_get)
    lis2de12_full_scale_set                  0x00006715   Thumb Code   114  lis2de12.o(.text.lis2de12_full_scale_set)
    lis2de12_read_reg                        0x00006789   Thumb Code    60  lis2de12.o(.text.lis2de12_read_reg)
    lis2de12_temperature_meas_set            0x000067c5   Thumb Code   122  lis2de12.o(.text.lis2de12_temperature_meas_set)
    lis2de12_write_reg                       0x00006841   Thumb Code    92  lis2de12.o(.text.lis2de12_write_reg)
    main                                     0x0000689d   Thumb Code   376  main.o(.text.main)
    sensirion_common_bytes_to_uint16_t       0x00006a15   Thumb Code     8  sensirion_common.o(.text.sensirion_common_bytes_to_uint16_t)
    sensirion_common_bytes_to_uint32_t       0x00006a1d   Thumb Code     6  sensirion_common.o(.text.sensirion_common_bytes_to_uint32_t)
    sensirion_i2c_hal_read                   0x00006a25   Thumb Code    34  sensirion_i2c_hal.o(.text.sensirion_i2c_hal_read)
    sensirion_i2c_hal_sleep_usec             0x00006a49   Thumb Code     4  sensirion_i2c_hal.o(.text.sensirion_i2c_hal_sleep_usec)
    sensirion_i2c_hal_write                  0x00006a4d   Thumb Code    34  sensirion_i2c_hal.o(.text.sensirion_i2c_hal_write)
    sensirion_i2c_read_data_inplace          0x00006a71   Thumb Code   168  sensirion_i2c.o(.text.sensirion_i2c_read_data_inplace)
    sensirion_i2c_write_data                 0x00006b19   Thumb Code     8  sensirion_i2c.o(.text.sensirion_i2c_write_data)
    sht4x_measure_high_precision             0x00006b21   Thumb Code   134  sht4x_i2c.o(.text.sht4x_measure_high_precision)
    sht4x_serial_number                      0x00006ba9   Thumb Code    70  sht4x_i2c.o(.text.sht4x_serial_number)
    __0snprintf                              0x00006bf1   Thumb Code    48  printfa.o(i.__0snprintf)
    __1snprintf                              0x00006bf1   Thumb Code     0  printfa.o(i.__0snprintf)
    __2snprintf                              0x00006bf1   Thumb Code     0  printfa.o(i.__0snprintf)
    __c89snprintf                            0x00006bf1   Thumb Code     0  printfa.o(i.__0snprintf)
    snprintf                                 0x00006bf1   Thumb Code     0  printfa.o(i.__0snprintf)
    __0sprintf                               0x00006c25   Thumb Code    34  printfa.o(i.__0sprintf)
    __1sprintf                               0x00006c25   Thumb Code     0  printfa.o(i.__0sprintf)
    __2sprintf                               0x00006c25   Thumb Code     0  printfa.o(i.__0sprintf)
    __c89sprintf                             0x00006c25   Thumb Code     0  printfa.o(i.__0sprintf)
    sprintf                                  0x00006c25   Thumb Code     0  printfa.o(i.__0sprintf)
    __0vsnprintf                             0x00006c4d   Thumb Code    46  printfa.o(i.__0vsnprintf)
    __1vsnprintf                             0x00006c4d   Thumb Code     0  printfa.o(i.__0vsnprintf)
    __2vsnprintf                             0x00006c4d   Thumb Code     0  printfa.o(i.__0vsnprintf)
    __c89vsnprintf                           0x00006c4d   Thumb Code     0  printfa.o(i.__0vsnprintf)
    vsnprintf                                0x00006c4d   Thumb Code     0  printfa.o(i.__0vsnprintf)
    __scatterload_copy                       0x00006c81   Thumb Code    14  handlers.o(i.__scatterload_copy)
    __scatterload_null                       0x00006c8f   Thumb Code     2  handlers.o(i.__scatterload_null)
    __scatterload_zeroinit                   0x00006c91   Thumb Code    14  handlers.o(i.__scatterload_zeroinit)
    Region$$Table$$Base                      0x00008624   Number         0  anon$$obj.o(Region$$Table)
    Region$$Table$$Limit                     0x00008644   Number         0  anon$$obj.o(Region$$Table)
    RESP_BUSY                                0x20000000   Data           4  mqtt_core.o(.data.RESP_BUSY)
    RESP_ERROR                               0x20000004   Data           4  mqtt_core.o(.data.RESP_ERROR)
    RESP_FAIL                                0x20000008   Data           4  mqtt_core.o(.data.RESP_FAIL)
    RESP_OK                                  0x2000000c   Data           4  mqtt_core.o(.data.RESP_OK)
    RESP_PUB_RAW_OK                          0x20000010   Data           4  mqtt_core.o(.data.RESP_PUB_RAW_OK)
    RESP_WIFICONNECT                         0x20000014   Data           4  mqtt_core.o(.data.RESP_WIFICONNECT)
    SystemCoreClock                          0x20000018   Data           4  hal_scu_clk.o(.data.SystemCoreClock)
    SystemDelayMSCount                       0x2000001c   Data           4  hal_scu_clk.o(.data.SystemDelayMSCount)
    SystemDelayUSCount                       0x20000020   Data           4  hal_scu_clk.o(.data.SystemDelayUSCount)
    SystemPeriClock                          0x20000024   Data           4  hal_scu_clk.o(.data.SystemPeriClock)
    mqttConfig                               0x20000028   Data         160  empa_mqttaws.o(.data.mqttConfig)
    MQTTInitCase                             0x200000f8   Data           1  mqtt_core.o(.bss.MQTTInitCase)
    flag_mqtt_connect                        0x20000200   Data           1  mqtt_core.o(.bss.flag_mqtt_connect)
    flag_mqtt_error                          0x20000201   Data           1  mqtt_core.o(.bss.flag_mqtt_error)
    flag_mqtt_init_done                      0x20000202   Data           1  mqtt_core.o(.bss.flag_mqtt_init_done)
    g_i2cwr_dbg                              0x20000204   Data          64  hal_i2c.o(.bss.g_i2cwr_dbg)
    g_i2cwr_dbg_cnt                          0x20000244   Data           4  hal_i2c.o(.bss.g_i2cwr_dbg_cnt)
    lis2de12_accel_x                         0x2000024c   Data           2  lis2de12_app.o(.bss.lis2de12_accel_x)
    lis2de12_accel_y                         0x2000024e   Data           2  lis2de12_app.o(.bss.lis2de12_accel_y)
    lis2de12_accel_z                         0x20000250   Data           2  lis2de12_app.o(.bss.lis2de12_accel_z)
    lis2de12_device_id                       0x20000252   Data           1  lis2de12_app.o(.bss.lis2de12_device_id)
    mqttErrorData                            0x20000253   Data           1  mqtt_core.o(.bss.mqttErrorData)
    mqttPacketBuffer                         0x20000254   Data         600  mqtt_core.o(.bss.mqttPacketBuffer)
    mqtt_osc_password                        0x200004ac   Data          32  mqtt_core.o(.bss.mqtt_osc_password)
    mqtt_osc_ssid                            0x200004cc   Data          32  mqtt_core.o(.bss.mqtt_osc_ssid)
    mqtt_timer                               0x200004ec   Data           1  mqtt_core.o(.bss.mqtt_timer)
    mqtt_timer_en                            0x200004ed   Data           1  mqtt_core.o(.bss.mqtt_timer_en)
    sht40_humidity                           0x200011e4   Data           4  sht40_app.o(.bss.sht40_humidity)
    sht40_serialnumber                       0x200011e8   Data           4  sht40_app.o(.bss.sht40_serialnumber)
    sht40_temperature                        0x200011ec   Data           4  sht40_app.o(.bss.sht40_temperature)
    Image$$ARM_LIB_STACK$$ZI$$Limit          0x20040000   Number         0  anon$$obj.o ABSOLUTE



==============================================================================

Memory Map of the image

  Image Entry point : 0x000003c1

  Load Region LR_ROM (Base: 0x00000000, Size: 0x00008710, Max: 0x00200000, ABSOLUTE)

    Execution Region ER_ROM (Exec base: 0x00000000, Load base: 0x00000000, Size: 0x00008644, Max: 0x00200000, ABSOLUTE)

    Exec Addr    Load Addr    Size         Type   Attr      Idx    E Section Name        Object

    0x00000000   0x00000000   0x000003c0   Data   RO          191    RESET               startup_a34xxxx.o
    0x000003c0   0x000003c0   0x00000000   Code   RO         1385  * .ARM.Collect$$$$00000000  mc_w.l(entry.o)
    0x000003c0   0x000003c0   0x00000004   Code   RO         1675    .ARM.Collect$$$$00000003  mc_w.l(entry4.o)
    0x000003c4   0x000003c4   0x00000004   Code   RO         1678    .ARM.Collect$$$$00000004  mc_w.l(entry5.o)
    0x000003c8   0x000003c8   0x00000000   Code   RO         1680    .ARM.Collect$$$$00000008  mc_w.l(entry7b.o)
    0x000003c8   0x000003c8   0x00000000   Code   RO         1682    .ARM.Collect$$$$0000000A  mc_w.l(entry8b.o)
    0x000003c8   0x000003c8   0x00000008   Code   RO         1683    .ARM.Collect$$$$0000000B  mc_w.l(entry9a.o)
    0x000003d0   0x000003d0   0x00000000   Code   RO         1685    .ARM.Collect$$$$0000000D  mc_w.l(entry10a.o)
    0x000003d0   0x000003d0   0x00000000   Code   RO         1687    .ARM.Collect$$$$0000000F  mc_w.l(entry11a.o)
    0x000003d0   0x000003d0   0x00000004   Code   RO         1676    .ARM.Collect$$$$00002714  mc_w.l(entry4.o)
    0x000003d4   0x000003d4   0x00000062   Code   RO         1388    .text               mc_w.l(uldiv.o)
    0x00000436   0x00000436   0x00000024   Code   RO         1392    .text               mc_w.l(memcpya.o)
    0x0000045a   0x0000045a   0x00000024   Code   RO         1394    .text               mc_w.l(memseta.o)
    0x0000047e   0x0000047e   0x00000024   Code   RO         1396    .text               mc_w.l(strstr.o)
    0x000004a2   0x000004a2   0x00000018   Code   RO         1398    .text               mc_w.l(strncpy.o)
    0x000004ba   0x000004ba   0x00000014   Code   RO         1400    .text               mc_w.l(strchr.o)
    0x000004ce   0x000004ce   0x0000000e   Code   RO         1402    .text               mc_w.l(strlen.o)
    0x000004dc   0x000004dc   0x0000014e   Code   RO         1667    .text               mf_w.l(dadd.o)
    0x0000062a   0x0000062a   0x000000e4   Code   RO         1669    .text               mf_w.l(dmul.o)
    0x0000070e   0x0000070e   0x0000002c   Code   RO         1703    .text               mc_w.l(uidiv.o)
    0x0000073a   0x0000073a   0x0000001e   Code   RO         1705    .text               mc_w.l(llshl.o)
    0x00000758   0x00000758   0x00000020   Code   RO         1707    .text               mc_w.l(llushr.o)
    0x00000778   0x00000778   0x00000024   Code   RO         1709    .text               mc_w.l(llsshr.o)
    0x0000079c   0x0000079c   0x00000000   Code   RO         1711    .text               mc_w.l(iusefp.o)
    0x0000079c   0x0000079c   0x000000ba   Code   RO         1712    .text               mf_w.l(depilogue.o)
    0x00000856   0x00000856   0x000000de   Code   RO         1714    .text               mf_w.l(ddiv.o)
    0x00000934   0x00000934   0x00000030   Code   RO         1716    .text               mf_w.l(dfixul.o)
    0x00000964   0x00000964   0x00000030   Code   RO         1718    .text               mf_w.l(cdrcmple.o)
    0x00000994   0x00000994   0x00000030   Code   RO         1720    .text               mc_w.l(init.o)
    0x000009c4   0x000009c4   0x00000002   Code   RO           61    .text.ADC_IRQHandler_ADC_ID_0  user_adc_isr.o
    0x000009c6   0x000009c6   0x00000002   PAD
    0x000009c8   0x000009c8   0x00000002   Code   RO           65    .text.ADC_IRQHandler_ADC_ID_2  user_adc_isr.o
    0x000009ca   0x000009ca   0x00000002   PAD
    0x000009cc   0x000009cc   0x00000032   Code   RO          868    .text.BatteryReading_Init  battery_reading.o
    0x000009fe   0x000009fe   0x00000002   PAD
    0x00000a00   0x00000a00   0x00000090   Code   RO          870    .text.BatteryReading_ReadChannel  battery_reading.o
    0x00000a90   0x00000a90   0x00000066   Code   RO          872    .text.BatteryReading_ReadSupplyVoltage  battery_reading.o
    0x00000af6   0x00000af6   0x00000002   PAD
    0x00000af8   0x00000af8   0x00000096   Code   RO          614    .text.DebugFramework_Init  debug_framework.o
    0x00000b8e   0x00000b8e   0x00000002   PAD
    0x00000b90   0x00000b90   0x0000006e   Code   RO          638    .text.DebugFramework_Printf  debug_framework.o
    0x00000bfe   0x00000bfe   0x00000002   PAD
    0x00000c00   0x00000c00   0x00000090   Code   RO          630    .text.DebugFramework_PutDec32  debug_framework.o
    0x00000c90   0x00000c90   0x0000004a   Code   RO          622    .text.DebugFramework_Puts  debug_framework.o
    0x00000cda   0x00000cda   0x00000002   PAD
    0x00000cdc   0x00000cdc   0x0000007e   Code   RO          624    .text.DebugFramework_PutsLine  debug_framework.o
    0x00000d5a   0x00000d5a   0x00000002   PAD
    0x00000d5c   0x00000d5c   0x00000002   Code   RO          185    .text.Default_Handler  startup_a34xxxx.o
    0x00000d5e   0x00000d5e   0x00000002   PAD
    0x00000d60   0x00000d60   0x0000014c   Code   RO         1154    .text.ESP32_Simple_AT_Test  esp32_at_test.o
    0x00000eac   0x00000eac   0x000000e2   Code   RO           33    .text.GPIO_Config_Alt  prv_user_code.o
    0x00000f8e   0x00000f8e   0x00000002   PAD
    0x00000f90   0x00000f90   0x00000052   Code   RO          233    .text.HAL_ADC_GetData  hal_adc.o
    0x00000fe2   0x00000fe2   0x00000002   PAD
    0x00000fe4   0x00000fe4   0x000000b4   Code   RO          213    .text.HAL_ADC_Init  hal_adc.o
    0x00001098   0x00001098   0x00000034   Code   RO          217    .text.HAL_ADC_SetClkConfig  hal_adc.o
    0x000010cc   0x000010cc   0x000000a6   Code   RO          219    .text.HAL_ADC_SetConfig  hal_adc.o
    0x00001172   0x00001172   0x00000002   PAD
    0x00001174   0x00001174   0x000000f8   Code   RO          221    .text.HAL_ADC_SetIRQ  hal_adc.o
    0x0000126c   0x0000126c   0x000000b2   Code   RO          235    .text.HAL_ADC_SetSeqConfig  hal_adc.o
    0x0000131e   0x0000131e   0x00000002   PAD
    0x00001320   0x00001320   0x00000084   Code   RO          227    .text.HAL_ADC_Start  hal_adc.o
    0x000013a4   0x000013a4   0x0000005c   Code   RO          229    .text.HAL_ADC_Stop  hal_adc.o
    0x00001400   0x00001400   0x00000048   Code   RO          287    .text.HAL_I2C_Init  hal_i2c.o
    0x00001448   0x00001448   0x00000228   Code   RO          299    .text.HAL_I2C_Receive  hal_i2c.o
    0x00001670   0x00001670   0x000000aa   Code   RO          291    .text.HAL_I2C_SetConfig  hal_i2c.o
    0x0000171a   0x0000171a   0x00000002   PAD
    0x0000171c   0x0000171c   0x00000130   Code   RO          293    .text.HAL_I2C_SetIRQ  hal_i2c.o
    0x0000184c   0x0000184c   0x000001e6   Code   RO          297    .text.HAL_I2C_Transmit  hal_i2c.o
    0x00001a32   0x00001a32   0x00000002   PAD
    0x00001a34   0x00001a34   0x0000030e   Code   RO          301    .text.HAL_I2C_WriteRead  hal_i2c.o
    0x00001d42   0x00001d42   0x00000002   PAD
    0x00001d44   0x00001d44   0x0000009a   Code   RO          339    .text.HAL_PCU_SetAltMode  hal_pcu.o
    0x00001dde   0x00001dde   0x00000002   PAD
    0x00001de0   0x00001de0   0x0000007e   Code   RO          341    .text.HAL_PCU_SetInOutMode  hal_pcu.o
    0x00001e5e   0x00001e5e   0x00000002   PAD
    0x00001e60   0x00001e60   0x00000030   Code   RO          351    .text.HAL_PCU_SetOutputBit  hal_pcu.o
    0x00001e90   0x00001e90   0x00000036   Code   RO          347    .text.HAL_PCU_SetOutputValue  hal_pcu.o
    0x00001ec6   0x00001ec6   0x00000002   PAD
    0x00001ec8   0x00001ec8   0x0000019a   Code   RO          401    .text.HAL_SCU_CLK_SetMClk  hal_scu_clk.o
    0x00002062   0x00002062   0x00000002   PAD
    0x00002064   0x00002064   0x0000008c   Code   RO          409    .text.HAL_SCU_CLK_SetOutput  hal_scu_clk.o
    0x000020f0   0x000020f0   0x0000003a   Code   RO          421    .text.HAL_SCU_CLK_SetPClkDiv  hal_scu_clk.o
    0x0000212a   0x0000212a   0x00000002   PAD
    0x0000212c   0x0000212c   0x000001b6   Code   RO          405    .text.HAL_SCU_CLK_SetPLLConfig  hal_scu_clk.o
    0x000022e2   0x000022e2   0x00000002   PAD
    0x000022e4   0x000022e4   0x00000058   Code   RO          403    .text.HAL_SCU_CLK_SetSrcEnable  hal_scu_clk.o
    0x0000233c   0x0000233c   0x0000006a   Code   RO          464    .text.HAL_TIMER1_Init  hal_timer1.o
    0x000023a6   0x000023a6   0x00000002   PAD
    0x000023a8   0x000023a8   0x000000f4   Code   RO          468    .text.HAL_TIMER1_SetClkConfig  hal_timer1.o
    0x0000249c   0x0000249c   0x0000010c   Code   RO          470    .text.HAL_TIMER1_SetConfig  hal_timer1.o
    0x000025a8   0x000025a8   0x00000170   Code   RO          474    .text.HAL_TIMER1_SetIRQ  hal_timer1.o
    0x00002718   0x00002718   0x00000028   Code   RO          494    .text.HAL_TIMER1_SetInOutPort  hal_timer1.o
    0x00002740   0x00002740   0x00000028   Code   RO          496    .text.HAL_TIMER1_SetInversionPort  hal_timer1.o
    0x00002768   0x00002768   0x00000022   Code   RO          484    .text.HAL_TIMER1_Start  hal_timer1.o
    0x0000278a   0x0000278a   0x00000002   PAD
    0x0000278c   0x0000278c   0x00000022   Code   RO          486    .text.HAL_TIMER1_Stop  hal_timer1.o
    0x000027ae   0x000027ae   0x00000002   PAD
    0x000027b0   0x000027b0   0x00000044   Code   RO          545    .text.HAL_UART_Abort  hal_uart.o
    0x000027f4   0x000027f4   0x00000028   Code   RO          547    .text.HAL_UART_GetBusyStatus  hal_uart.o
    0x0000281c   0x0000281c   0x00000022   Code   RO          549    .text.HAL_UART_GetLineStatus  hal_uart.o
    0x0000283e   0x0000283e   0x00000002   PAD
    0x00002840   0x00002840   0x000000a8   Code   RO          529    .text.HAL_UART_Init  hal_uart.o
    0x000028e8   0x000028e8   0x00000190   Code   RO          543    .text.HAL_UART_Receive  hal_uart.o
    0x00002a78   0x00002a78   0x00000096   Code   RO          533    .text.HAL_UART_SetClkConfig  hal_uart.o
    0x00002b0e   0x00002b0e   0x00000002   PAD
    0x00002b10   0x00002b10   0x0000009c   Code   RO          535    .text.HAL_UART_SetConfig  hal_uart.o
    0x00002bac   0x00002bac   0x0000016a   Code   RO          537    .text.HAL_UART_SetIRQ  hal_uart.o
    0x00002d16   0x00002d16   0x00000002   PAD
    0x00002d18   0x00002d18   0x000000be   Code   RO          541    .text.HAL_UART_Transmit  hal_uart.o
    0x00002dd6   0x00002dd6   0x00000002   PAD
    0x00002dd8   0x00002dd8   0x00000048   Code   RO          274    .text.HPL_NMI_SetSource  hpl_nmi.o
    0x00002e20   0x00002e20   0x00000002   Code   RO          189    .text.HardFault_Handler  startup_a34xxxx.o
    0x00002e22   0x00002e22   0x00000002   PAD
    0x00002e24   0x00002e24   0x00000002   Code   RO           85    .text.I2C_IRQHandler_I2C_ID_0  user_i2c_isr.o
    0x00002e26   0x00002e26   0x00000002   PAD
    0x00002e28   0x00002e28   0x00000002   Code   RO           89    .text.I2C_IRQHandler_I2C_ID_2  user_i2c_isr.o
    0x00002e2a   0x00002e2a   0x00000002   PAD
    0x00002e2c   0x00002e2c   0x00000006   Code   RO          321    .text.Interrupt100_Handler  hal_i2c.o
    0x00002e32   0x00002e32   0x00000002   PAD
    0x00002e34   0x00002e34   0x00000006   Code   RO          567    .text.Interrupt108_Handler  hal_uart.o
    0x00002e3a   0x00002e3a   0x00000002   PAD
    0x00002e3c   0x00002e3c   0x00000006   Code   RO          569    .text.Interrupt109_Handler  hal_uart.o
    0x00002e42   0x00002e42   0x00000002   PAD
    0x00002e44   0x00002e44   0x00000006   Code   RO          571    .text.Interrupt110_Handler  hal_uart.o
    0x00002e4a   0x00002e4a   0x00000002   PAD
    0x00002e4c   0x00002e4c   0x00000006   Code   RO          573    .text.Interrupt111_Handler  hal_uart.o
    0x00002e52   0x00002e52   0x00000002   PAD
    0x00002e54   0x00002e54   0x00000006   Code   RO          575    .text.Interrupt112_Handler  hal_uart.o
    0x00002e5a   0x00002e5a   0x00000002   PAD
    0x00002e5c   0x00002e5c   0x00000006   Code   RO          577    .text.Interrupt113_Handler  hal_uart.o
    0x00002e62   0x00002e62   0x00000002   PAD
    0x00002e64   0x00002e64   0x00000006   Code   RO          579    .text.Interrupt114_Handler  hal_uart.o
    0x00002e6a   0x00002e6a   0x00000002   PAD
    0x00002e6c   0x00002e6c   0x00000006   Code   RO          498    .text.Interrupt15_Handler  hal_timer1.o
    0x00002e72   0x00002e72   0x00000002   PAD
    0x00002e74   0x00002e74   0x00000006   Code   RO          502    .text.Interrupt16_Handler  hal_timer1.o
    0x00002e7a   0x00002e7a   0x00000002   PAD
    0x00002e7c   0x00002e7c   0x00000006   Code   RO          504    .text.Interrupt17_Handler  hal_timer1.o
    0x00002e82   0x00002e82   0x00000002   PAD
    0x00002e84   0x00002e84   0x00000006   Code   RO          506    .text.Interrupt18_Handler  hal_timer1.o
    0x00002e8a   0x00002e8a   0x00000002   PAD
    0x00002e8c   0x00002e8c   0x00000006   Code   RO          508    .text.Interrupt19_Handler  hal_timer1.o
    0x00002e92   0x00002e92   0x00000002   PAD
    0x00002e94   0x00002e94   0x0000002e   Code   RO          423    .text.Interrupt1_Handler  hal_scu_clk.o
    0x00002ec2   0x00002ec2   0x00000002   PAD
    0x00002ec4   0x00002ec4   0x00000006   Code   RO          510    .text.Interrupt20_Handler  hal_timer1.o
    0x00002eca   0x00002eca   0x00000002   PAD
    0x00002ecc   0x00002ecc   0x00000006   Code   RO          512    .text.Interrupt21_Handler  hal_timer1.o
    0x00002ed2   0x00002ed2   0x00000002   PAD
    0x00002ed4   0x00002ed4   0x00000006   Code   RO          514    .text.Interrupt22_Handler  hal_timer1.o
    0x00002eda   0x00002eda   0x00000002   PAD
    0x00002edc   0x00002edc   0x00000006   Code   RO          516    .text.Interrupt23_Handler  hal_timer1.o
    0x00002ee2   0x00002ee2   0x00000002   PAD
    0x00002ee4   0x00002ee4   0x00000006   Code   RO          518    .text.Interrupt24_Handler  hal_timer1.o
    0x00002eea   0x00002eea   0x00000002   PAD
    0x00002eec   0x00002eec   0x0000002e   Code   RO          425    .text.Interrupt2_Handler  hal_scu_clk.o
    0x00002f1a   0x00002f1a   0x00000002   PAD
    0x00002f1c   0x00002f1c   0x0000004c   Code   RO          369    .text.Interrupt36_Handler  hal_pcu.o
    0x00002f68   0x00002f68   0x0000004c   Code   RO          371    .text.Interrupt37_Handler  hal_pcu.o
    0x00002fb4   0x00002fb4   0x0000004c   Code   RO          373    .text.Interrupt38_Handler  hal_pcu.o
    0x00003000   0x00003000   0x0000004c   Code   RO          375    .text.Interrupt39_Handler  hal_pcu.o
    0x0000304c   0x0000304c   0x0000002e   Code   RO          427    .text.Interrupt3_Handler  hal_scu_clk.o
    0x0000307a   0x0000307a   0x00000002   PAD
    0x0000307c   0x0000307c   0x0000004c   Code   RO          377    .text.Interrupt40_Handler  hal_pcu.o
    0x000030c8   0x000030c8   0x0000004c   Code   RO          379    .text.Interrupt41_Handler  hal_pcu.o
    0x00003114   0x00003114   0x0000004c   Code   RO          381    .text.Interrupt42_Handler  hal_pcu.o
    0x00003160   0x00003160   0x00000006   Code   RO          313    .text.Interrupt60_Handler  hal_i2c.o
    0x00003166   0x00003166   0x00000002   PAD
    0x00003168   0x00003168   0x00000006   Code   RO          317    .text.Interrupt61_Handler  hal_i2c.o
    0x0000316e   0x0000316e   0x00000002   PAD
    0x00003170   0x00003170   0x00000006   Code   RO          319    .text.Interrupt62_Handler  hal_i2c.o
    0x00003176   0x00003176   0x00000002   PAD
    0x00003178   0x00003178   0x00000006   Code   RO          553    .text.Interrupt63_Handler  hal_uart.o
    0x0000317e   0x0000317e   0x00000002   PAD
    0x00003180   0x00003180   0x00000006   Code   RO          557    .text.Interrupt64_Handler  hal_uart.o
    0x00003186   0x00003186   0x00000002   PAD
    0x00003188   0x00003188   0x00000006   Code   RO          559    .text.Interrupt65_Handler  hal_uart.o
    0x0000318e   0x0000318e   0x00000002   PAD
    0x00003190   0x00003190   0x00000006   Code   RO          561    .text.Interrupt66_Handler  hal_uart.o
    0x00003196   0x00003196   0x00000002   PAD
    0x00003198   0x00003198   0x00000006   Code   RO          563    .text.Interrupt67_Handler  hal_uart.o
    0x0000319e   0x0000319e   0x00000002   PAD
    0x000031a0   0x000031a0   0x00000006   Code   RO          565    .text.Interrupt68_Handler  hal_uart.o
    0x000031a6   0x000031a6   0x00000002   PAD
    0x000031a8   0x000031a8   0x0000003c   Code   RO          245    .text.Interrupt74_Handler  hal_adc.o
    0x000031e4   0x000031e4   0x0000003c   Code   RO          247    .text.Interrupt75_Handler  hal_adc.o
    0x00003220   0x00003220   0x0000003c   Code   RO          249    .text.Interrupt76_Handler  hal_adc.o
    0x0000325c   0x0000325c   0x0000002c   Code   RO         1284    .text.LED_MqttTXBlink  mqtt_core.o
    0x00003288   0x00003288   0x0000001a   Code   RO         1288    .text.LED_Mqttconnected  mqtt_core.o
    0x000032a2   0x000032a2   0x00000002   PAD
    0x000032a4   0x000032a4   0x000002f8   Code   RO         1129    .text.LIS2DE12_Init  lis2de12_app.o
    0x0000359c   0x0000359c   0x00000164   Code   RO         1131    .text.LIS2DE12_ReadAcceleration  lis2de12_app.o
    0x00003700   0x00003700   0x0000000e   Code   RO         1361    .text.MP23ABS1_BufferReady_Callback  sensor.o
    0x0000370e   0x0000370e   0x00000002   PAD
    0x00003710   0x00003710   0x0000002a   Code   RO          827    .text.MP23ABS1_GPIO_Init  mp23abs1_sensor.o
    0x0000373a   0x0000373a   0x00000002   PAD
    0x0000373c   0x0000373c   0x0000000c   Code   RO          849    .text.MP23ABS1_GetSampleCount  mp23abs1_sensor.o
    0x00003748   0x00003748   0x00000078   Code   RO          825    .text.MP23ABS1_Init  mp23abs1_sensor.o
    0x000037c0   0x000037c0   0x0000002a   Code   RO          833    .text.MP23ABS1_StartRecording  mp23abs1_sensor.o
    0x000037ea   0x000037ea   0x00000002   PAD
    0x000037ec   0x000037ec   0x0000002a   Code   RO          831    .text.MP23ABS1_StopRecording  mp23abs1_sensor.o
    0x00003816   0x00003816   0x00000002   PAD
    0x00003818   0x00003818   0x000000d4   Code   RO          851    .text.MP23ABS1_TimerHandler  mp23abs1_sensor.o
    0x000038ec   0x000038ec   0x00000114   Code   RO         1343    .text.MQTT_ConnectBroker  empa_mqttaws.o
    0x00003a00   0x00003a00   0x000008e4   Code   RO         1268    .text.MQTT_Init     mqtt_core.o
    0x000042e4   0x000042e4   0x00000080   Code   RO         1345    .text.MQTT_PublishSensorData  empa_mqttaws.o
    0x00004364   0x00004364   0x0000000c   Code   RO         1185    .text.MqttPort_ABOV_Init  mqtt_port_abov.o
    0x00004370   0x00004370   0x00000010   Code   RO         1183    .text.MqttPort_ABOV_TickIncrement  mqtt_port_abov.o
    0x00004380   0x00004380   0x0000000c   Code   RO         1220    .text.MqttPort_Init  mqtt_core.o
    0x0000438c   0x0000438c   0x00000068   Code   RO          276    .text.NMI_Handler   hpl_nmi.o
    0x000043f4   0x000043f4   0x0000009c   Code   RO           48    .text.PRV_ADC_Init  user_adc.o
    0x00004490   0x00004490   0x0000005e   Code   RO          223    .text.PRV_ADC_NMIHandler  hal_adc.o
    0x000044ee   0x000044ee   0x00000002   PAD
    0x000044f0   0x000044f0   0x00000200   Code   RO          315    .text.PRV_I2C_IRQHandler  hal_i2c.o
    0x000046f0   0x000046f0   0x00000082   Code   RO           74    .text.PRV_I2C_Init  user_i2c.o
    0x00004772   0x00004772   0x00000002   PAD
    0x00004774   0x00004774   0x0000002c   Code   RO          295    .text.PRV_I2C_NMIHandler  hal_i2c.o
    0x000047a0   0x000047a0   0x00000092   Code   RO           13    .text.PRV_SCU_CLK_Init  prv_scu_clk.o
    0x00004832   0x00004832   0x00000002   PAD
    0x00004834   0x00004834   0x000000ce   Code   RO          500    .text.PRV_TIMER1_IRQHandler  hal_timer1.o
    0x00004902   0x00004902   0x00000002   PAD
    0x00004904   0x00004904   0x0000002c   Code   RO          476    .text.PRV_TIMER1_NMIHandler  hal_timer1.o
    0x00004930   0x00004930   0x0000007c   Code   RO          100    .text.PRV_Timer1_Init  user_timer1.o
    0x000049ac   0x000049ac   0x00000116   Code   RO          555    .text.PRV_UART_IRQHandler  hal_uart.o
    0x00004ac2   0x00004ac2   0x00000002   PAD
    0x00004ac4   0x00004ac4   0x00000064   Code   RO          141    .text.PRV_UART_Init  user_uart.o
    0x00004b28   0x00004b28   0x0000002c   Code   RO          539    .text.PRV_UART_NMIHandler  hal_uart.o
    0x00004b54   0x00004b54   0x000002c0   Code   RO           35    .text.PRV_USER_Code  prv_user_code.o
    0x00004e14   0x00004e14   0x00000008   Code   RO          187    .text.Reset_Handler  startup_a34xxxx.o
    0x00004e1c   0x00004e1c   0x00000094   Code   RO          656    .text.SHT40_Init    sht40_app.o
    0x00004eb0   0x00004eb0   0x00000032   Code   RO          662    .text.SHT40_ReadSensor  sht40_app.o
    0x00004ee2   0x00004ee2   0x00000002   PAD
    0x00004ee4   0x00004ee4   0x00000014   Code   RO           25    .text.SYSTICK_Wait  prv_user_code.o
    0x00004ef8   0x00004ef8   0x000000aa   Code   RO         1371    .text.Sensor_FormatJSON  sensor.o
    0x00004fa2   0x00004fa2   0x00000002   PAD
    0x00004fa4   0x00004fa4   0x000000a8   Code   RO         1365    .text.Sensor_LEDTest  sensor.o
    0x0000504c   0x0000504c   0x0000029c   Code   RO         1369    .text.Sensor_ReadAndPrint  sensor.o
    0x000052e8   0x000052e8   0x000001d8   Code   RO         1367    .text.Sensor_TestAll  sensor.o
    0x000054c0   0x000054c0   0x00000052   Code   RO           23    .text.SysTick_Handler  prv_user_code.o
    0x00005512   0x00005512   0x00000002   PAD
    0x00005514   0x00005514   0x0000001c   Code   RO          201    .text.SystemDelayMS  system_a34xxxx.o
    0x00005530   0x00005530   0x0000001c   Code   RO          203    .text.SystemDelayUS  system_a34xxxx.o
    0x0000554c   0x0000554c   0x00000044   Code   RO          199    .text.SystemInit    system_a34xxxx.o
    0x00005590   0x00005590   0x00000040   Code   RO          112    .text.Timer1_IRQHandler_TIMER1_ID_0  user_timer1_isr.o
    0x000055d0   0x000055d0   0x00000002   Code   RO          156    .text.UART_IRQHandler_UART_ID_2  user_uart_isr.o
    0x000055d2   0x000055d2   0x00000002   PAD
    0x000055d4   0x000055d4   0x0000006c   Code   RO         1232    .text.Wifi_CheckResponse  mqtt_core.o
    0x00005640   0x00005640   0x000000d0   Code   RO         1254    .text.Wifi_GetMqttConn2  mqtt_core.o
    0x00005710   0x00005710   0x00000100   Code   RO         1252    .text.Wifi_MqttConn2  mqtt_core.o
    0x00005810   0x00005810   0x0000011c   Code   RO         1250    .text.Wifi_MqttConnConfig2  mqtt_core.o
    0x0000592c   0x0000592c   0x00000254   Code   RO         1266    .text.Wifi_MqttPubRaw2  mqtt_core.o
    0x00005b80   0x00005b80   0x00000118   Code   RO         1248    .text.Wifi_MqttUserConfig2  mqtt_core.o
    0x00005c98   0x00005c98   0x000000b8   Code   RO         1242    .text.Wifi_QAP2     mqtt_core.o
    0x00005d50   0x00005d50   0x000001f0   Code   RO         1234    .text.Wifi_Reset2   mqtt_core.o
    0x00005f40   0x00005f40   0x0000010c   Code   RO         1244    .text.Wifi_SetAP2   mqtt_core.o
    0x0000604c   0x0000604c   0x00000100   Code   RO         1246    .text.Wifi_SetTime2  mqtt_core.o
    0x0000614c   0x0000614c   0x000000ec   Code   RO         1236    .text.Wifi_SetWifiMode2  mqtt_core.o
    0x00006238   0x00006238   0x000000c0   Code   RO         1238    .text.Wifi_StartSmartConfig2  mqtt_core.o
    0x000062f8   0x000062f8   0x000000c0   Code   RO         1240    .text.Wifi_StopSmartConfig2  mqtt_core.o
    0x000063b8   0x000063b8   0x00000004   Code   RO         1199    .text.abov_delay_ms  mqtt_port_abov.o
    0x000063bc   0x000063bc   0x0000000c   Code   RO         1201    .text.abov_get_tick_ms  mqtt_port_abov.o
    0x000063c8   0x000063c8   0x00000024   Code   RO         1207    .text.abov_gpio_write  mqtt_port_abov.o
    0x000063ec   0x000063ec   0x00000010   Code   RO         1203    .text.abov_timer_start  mqtt_port_abov.o
    0x000063fc   0x000063fc   0x00000010   Code   RO         1205    .text.abov_timer_stop  mqtt_port_abov.o
    0x0000640c   0x0000640c   0x00000010   Code   RO         1193    .text.abov_uart_abort_receive_it  mqtt_port_abov.o
    0x0000641c   0x0000641c   0x00000020   Code   RO         1197    .text.abov_uart_is_rx_busy  mqtt_port_abov.o
    0x0000643c   0x0000643c   0x00000022   Code   RO         1195    .text.abov_uart_is_tx_ready  mqtt_port_abov.o
    0x0000645e   0x0000645e   0x00000002   PAD
    0x00006460   0x00006460   0x0000005a   Code   RO         1189    .text.abov_uart_receive  mqtt_port_abov.o
    0x000064ba   0x000064ba   0x00000002   PAD
    0x000064bc   0x000064bc   0x00000020   Code   RO         1191    .text.abov_uart_receive_it  mqtt_port_abov.o
    0x000064dc   0x000064dc   0x00000088   Code   RO         1187    .text.abov_uart_transmit  mqtt_port_abov.o
    0x00006564   0x00006564   0x0000007a   Code   RO          892    .text.lis2de12_block_data_update_set  lis2de12.o
    0x000065de   0x000065de   0x00000002   PAD
    0x000065e0   0x000065e0   0x00000076   Code   RO          998    .text.lis2de12_boot_set  lis2de12.o
    0x00006656   0x00006656   0x00000002   PAD
    0x00006658   0x00006658   0x00000084   Code   RO          898    .text.lis2de12_data_rate_set  lis2de12.o
    0x000066dc   0x000066dc   0x00000036   Code   RO          896    .text.lis2de12_device_id_get  lis2de12.o
    0x00006712   0x00006712   0x00000002   PAD
    0x00006714   0x00006714   0x00000072   Code   RO          912    .text.lis2de12_full_scale_set  lis2de12.o
    0x00006786   0x00006786   0x00000002   PAD
    0x00006788   0x00006788   0x0000003c   Code   RO          900    .text.lis2de12_read_reg  lis2de12.o
    0x000067c4   0x000067c4   0x0000007a   Code   RO          890    .text.lis2de12_temperature_meas_set  lis2de12.o
    0x0000683e   0x0000683e   0x00000002   PAD
    0x00006840   0x00006840   0x0000005c   Code   RO          902    .text.lis2de12_write_reg  lis2de12.o
    0x0000689c   0x0000689c   0x00000178   Code   RO            4    .text.main          main.o
    0x00006a14   0x00006a14   0x00000008   Code   RO          749    .text.sensirion_common_bytes_to_uint16_t  sensirion_common.o
    0x00006a1c   0x00006a1c   0x00000006   Code   RO          751    .text.sensirion_common_bytes_to_uint32_t  sensirion_common.o
    0x00006a22   0x00006a22   0x00000002   PAD
    0x00006a24   0x00006a24   0x00000022   Code   RO          735    .text.sensirion_i2c_hal_read  sensirion_i2c_hal.o
    0x00006a46   0x00006a46   0x00000002   PAD
    0x00006a48   0x00006a48   0x00000004   Code   RO          739    .text.sensirion_i2c_hal_sleep_usec  sensirion_i2c_hal.o
    0x00006a4c   0x00006a4c   0x00000022   Code   RO          737    .text.sensirion_i2c_hal_write  sensirion_i2c_hal.o
    0x00006a6e   0x00006a6e   0x00000002   PAD
    0x00006a70   0x00006a70   0x000000a8   Code   RO          815    .text.sensirion_i2c_read_data_inplace  sensirion_i2c.o
    0x00006b18   0x00006b18   0x00000008   Code   RO          813    .text.sensirion_i2c_write_data  sensirion_i2c.o
    0x00006b20   0x00006b20   0x00000086   Code   RO          683    .text.sht4x_measure_high_precision  sht4x_i2c.o
    0x00006ba6   0x00006ba6   0x00000002   PAD
    0x00006ba8   0x00006ba8   0x00000046   Code   RO          717    .text.sht4x_serial_number  sht4x_i2c.o
    0x00006bee   0x00006bee   0x00000002   PAD
    0x00006bf0   0x00006bf0   0x00000034   Code   RO         1640    i.__0snprintf       mc_w.l(printfa.o)
    0x00006c24   0x00006c24   0x00000028   Code   RO         1641    i.__0sprintf        mc_w.l(printfa.o)
    0x00006c4c   0x00006c4c   0x00000034   Code   RO         1644    i.__0vsnprintf      mc_w.l(printfa.o)
    0x00006c80   0x00006c80   0x0000000e   Code   RO         1726    i.__scatterload_copy  mc_w.l(handlers.o)
    0x00006c8e   0x00006c8e   0x00000002   Code   RO         1727    i.__scatterload_null  mc_w.l(handlers.o)
    0x00006c90   0x00006c90   0x0000000e   Code   RO         1728    i.__scatterload_zeroinit  mc_w.l(handlers.o)
    0x00006c9e   0x00006c9e   0x00000002   PAD
    0x00006ca0   0x00006ca0   0x00000184   Code   RO         1646    i._fp_digits        mc_w.l(printfa.o)
    0x00006e24   0x00006e24   0x000006dc   Code   RO         1647    i._printf_core      mc_w.l(printfa.o)
    0x00007500   0x00007500   0x00000024   Code   RO         1648    i._printf_post_padding  mc_w.l(printfa.o)
    0x00007524   0x00007524   0x0000002e   Code   RO         1649    i._printf_pre_padding  mc_w.l(printfa.o)
    0x00007552   0x00007552   0x00000016   Code   RO         1650    i._snputc           mc_w.l(printfa.o)
    0x00007568   0x00007568   0x0000000a   Code   RO         1651    i._sputc            mc_w.l(printfa.o)
    0x00007572   0x00007572   0x00000009   Data   RO         1374    .rodata..L__const.Sensor_LEDTest.ledArray  sensor.o
    0x0000757b   0x0000757b   0x00000001   PAD
    0x0000757c   0x0000757c   0x0000002c   Data   RO         1210    .rodata.abov_port   mqtt_port_abov.o
    0x000075a8   0x000075a8   0x00000006   Data   RO         1211    .rodata.gpio_map    mqtt_port_abov.o
    0x000075ae   0x000075ae   0x000001d5   Data   RO           39    .rodata.str1.1      prv_user_code.o
    0x00007783   0x00007783   0x00000011   Data   RO          647    .rodata.str1.1      debug_framework.o
    0x00007794   0x00007794   0x000000dc   Data   RO         1144    .rodata.str1.1      lis2de12_app.o
    0x00007870   0x00007870   0x00000aee   Data   RO         1303    .rodata.str1.1      mqtt_core.o
    0x0000835e   0x0000835e   0x00000066   Data   RO         1349    .rodata.str1.1      empa_mqttaws.o
    0x000083c4   0x000083c4   0x0000025e   Data   RO         1375    .rodata.str1.1      sensor.o
    0x00008622   0x00008622   0x00000002   PAD
    0x00008624   0x00008624   0x00000020   Data   RO         1725    Region$$Table       anon$$obj.o


    Execution Region RW_RAM (Exec base: 0x20000000, Load base: 0x00008644, Size: 0x000011f4, Max: 0x0003f800, ABSOLUTE)

    Exec Addr    Load Addr    Size         Type   Attr      Idx    E Section Name        Object

    0x20000000   0x00008644   0x00000004   Data   RW         1317    .data.RESP_BUSY     mqtt_core.o
    0x20000004   0x00008648   0x00000004   Data   RW         1309    .data.RESP_ERROR    mqtt_core.o
    0x20000008   0x0000864c   0x00000004   Data   RW         1322    .data.RESP_FAIL     mqtt_core.o
    0x2000000c   0x00008650   0x00000004   Data   RW         1304    .data.RESP_OK       mqtt_core.o
    0x20000010   0x00008654   0x00000004   Data   RW         1318    .data.RESP_PUB_RAW_OK  mqtt_core.o
    0x20000014   0x00008658   0x00000004   Data   RW         1307    .data.RESP_WIFICONNECT  mqtt_core.o
    0x20000018   0x0000865c   0x00000004   Data   RW          431    .data.SystemCoreClock  hal_scu_clk.o
    0x2000001c   0x00008660   0x00000004   Data   RW          433    .data.SystemDelayMSCount  hal_scu_clk.o
    0x20000020   0x00008664   0x00000004   Data   RW          434    .data.SystemDelayUSCount  hal_scu_clk.o
    0x20000024   0x00008668   0x00000004   Data   RW          432    .data.SystemPeriClock  hal_scu_clk.o
    0x20000028   0x0000866c   0x000000a0   Data   RW         1350    .data.mqttConfig    empa_mqttaws.o
    0x200000c8   0x0000870c   0x00000001   Data   RW         1116    .data.s_eLis2de12I2cId  lis2de12.o
    0x200000c9   0x0000870d   0x00000003   PAD
    0x200000cc        -       0x0000002c   Zero   RW          859    .bss.MP23ABS1_Context  mp23abs1_sensor.o
    0x200000f8        -       0x00000001   Zero   RW         1326    .bss.MQTTInitCase   mqtt_core.o
    0x200000f9        -       0x00000001   Zero   RW         1324    .bss.MQTTSubInitCase  mqtt_core.o
    0x200000fa        -       0x00000100   Zero   RW         1351    .bss.MQTT_PublishSensorData.jsonBuf  empa_mqttaws.o
    0x200001fa   0x0000870d   0x00000002   PAD
    0x200001fc        -       0x00000004   Zero   RW           37    .bss.SysTick_Handler.s_un32TickCounter  prv_user_code.o
    0x20000200        -       0x00000001   Zero   RW         1296    .bss.flag_mqtt_connect  mqtt_core.o
    0x20000201        -       0x00000001   Zero   RW         1293    .bss.flag_mqtt_error  mqtt_core.o
    0x20000202        -       0x00000001   Zero   RW         1294    .bss.flag_mqtt_init_done  mqtt_core.o
    0x20000203   0x0000870d   0x00000001   PAD
    0x20000204        -       0x00000040   Zero   RW          329    .bss.g_i2cwr_dbg    hal_i2c.o
    0x20000244        -       0x00000004   Zero   RW          328    .bss.g_i2cwr_dbg_cnt  hal_i2c.o
    0x20000248        -       0x00000004   Zero   RW         1290    .bss.g_port         mqtt_core.o
    0x2000024c        -       0x00000002   Zero   RW         1140    .bss.lis2de12_accel_x  lis2de12_app.o
    0x2000024e        -       0x00000002   Zero   RW         1141    .bss.lis2de12_accel_y  lis2de12_app.o
    0x20000250        -       0x00000002   Zero   RW         1142    .bss.lis2de12_accel_z  lis2de12_app.o
    0x20000252        -       0x00000001   Zero   RW         1139    .bss.lis2de12_device_id  lis2de12_app.o
    0x20000253        -       0x00000001   Zero   RW         1327    .bss.mqttErrorData  mqtt_core.o
    0x20000254        -       0x00000258   Zero   RW         1291    .bss.mqttPacketBuffer  mqtt_core.o
    0x200004ac        -       0x00000020   Zero   RW         1329    .bss.mqtt_osc_password  mqtt_core.o
    0x200004cc        -       0x00000020   Zero   RW         1328    .bss.mqtt_osc_ssid  mqtt_core.o
    0x200004ec        -       0x00000001   Zero   RW         1297    .bss.mqtt_timer     mqtt_core.o
    0x200004ed        -       0x00000001   Zero   RW         1298    .bss.mqtt_timer_en  mqtt_core.o
    0x200004ee        -       0x00000800   Zero   RW         1376    .bss.s_AudioBuffer  sensor.o
    0x20000cee        -       0x00000001   Zero   RW          646    .bss.s_bInitialized  debug_framework.o
    0x20000cef        -       0x00000001   Zero   RW          876    .bss.s_bInitialized  battery_reading.o
    0x20000cf0        -       0x00000004   Zero   RW         1323    .bss.s_broker_address  mqtt_core.o
    0x20000cf4        -       0x00000001   Zero   RW         1373    .bss.s_bufferReady  sensor.o
    0x20000cf5   0x0000870d   0x00000003   PAD
    0x20000cf8        -       0x00000024   Zero   RW         1377    .bss.s_data         sensor.o
    0x20000d1c        -       0x00000030   Zero   RW          251    .bss.s_tAcb         hal_adc.o
    0x20000d4c        -       0x00000024   Zero   RW          436    .bss.s_tCcb         hal_scu_clk.o
    0x20000d70        -       0x000000b0   Zero   RW          327    .bss.s_tIcb         hal_i2c.o
    0x20000e20        -       0x00000060   Zero   RW          278    .bss.s_tNrb         hpl_nmi.o
    0x20000e80        -       0x00000070   Zero   RW          383    .bss.s_tPcb         hal_pcu.o
    0x20000ef0        -       0x000000a0   Zero   RW          520    .bss.s_tTcb         hal_timer1.o
    0x20000f90        -       0x0000023c   Zero   RW          581    .bss.s_tUcb         hal_uart.o
    0x200011cc        -       0x00000004   Zero   RW         1209    .bss.s_tick_ms      mqtt_port_abov.o
    0x200011d0        -       0x00000002   Zero   RW          877    .bss.s_un16VcoreRaw  battery_reading.o
    0x200011d2   0x0000870d   0x00000002   PAD
    0x200011d4        -       0x00000004   Zero   RW          435    .bss.s_un32PLLClock  hal_scu_clk.o
    0x200011d8        -       0x00000004   Zero   RW           38    .bss.s_un32SysTimerVal  prv_user_code.o
    0x200011dc        -       0x00000004   Zero   RW          132    .bss.s_un32TimerIntCount  user_timer1_isr.o
    0x200011e0        -       0x00000001   Zero   RW          671    .bss.sensor_initialized  sht40_app.o
    0x200011e1        -       0x00000001   Zero   RW         1145    .bss.sensor_initialized  lis2de12_app.o
    0x200011e2   0x0000870d   0x00000002   PAD
    0x200011e4        -       0x00000004   Zero   RW          670    .bss.sht40_humidity  sht40_app.o
    0x200011e8        -       0x00000004   Zero   RW          668    .bss.sht40_serialnumber  sht40_app.o
    0x200011ec        -       0x00000004   Zero   RW          669    .bss.sht40_temperature  sht40_app.o
    0x200011f0        -       0x00000004   Zero   RW          582    .bss.un32UartBdrClock  hal_uart.o


    Execution Region ARM_LIB_HEAP (Exec base: 0x200011f8, Load base: 0x00008710, Size: 0x00000400, Max: 0x00000400, ABSOLUTE)

    Exec Addr    Load Addr    Size         Type   Attr      Idx    E Section Name        Object

    0x200011f8        -       0x00000400   Zero   RW            1    ARM_LIB_HEAP.bss    anon$$obj.o


    Execution Region ARM_LIB_STACK (Exec base: 0x2003fc00, Load base: 0x00008710, Size: 0x00000400, Max: 0x00000400, ABSOLUTE)

    Exec Addr    Load Addr    Size         Type   Attr      Idx    E Section Name        Object

    0x2003fc00        -       0x00000400   Zero   RW            2    ARM_LIB_STACK.bss   anon$$obj.o


==============================================================================

Image component sizes


      Code (inc. data)   RO Data    RW Data    ZI Data      Debug   Object Name

       296          0          0          0          3       4459   battery_reading.o
       604          0         17          0          1       9838   debug_framework.o
       404        140        102        160        256       3698   empa_mqttaws.o
       332        160          0          0          0       3179   esp32_at_test.o
      1404          0          0          0         48      18684   hal_adc.o
      2946        122          0          0        244      20201   hal_i2c.o
       914          0          0          0        112      19778   hal_pcu.o
      1272         82          0         16         40      19787   hal_scu_clk.o
      1444         44          0          0        160      21803   hal_timer1.o
      1968         34          0          0        576      19119   hal_uart.o
       176          0          0          0         96       8711   hpl_nmi.o
       814          0          0          1          0     111587   lis2de12.o
      1116        172        220          0          8       5480   lis2de12_app.o
       376          0          0          0          0       3849   main.o
       470          4          0          0         44       6614   mp23abs1_sensor.o
      5914        698       2798         24        680      34629   mqtt_core.o
       452         80         50          0          4       6241   mqtt_port_abov.o
       146          0          0          0          0       2780   prv_scu_clk.o
      1032        144        469          0          8       8994   prv_user_code.o
        14          0          0          0          0       3373   sensirion_common.o
       176          0          0          0          0      13873   sensirion_i2c.o
        72          0          0          0          0       2608   sensirion_i2c_hal.o
      1492        340        615          0       2085       6793   sensor.o
       198         80          0          0         13       2512   sht40_app.o
       204          0          0          0          0      11779   sht4x_i2c.o
        12          0        960          0          0        976   startup_a34xxxx.o
       124          0          0          0          0       3500   system_a34xxxx.o
       156          0          0          0          0       3213   user_adc.o
         4          0          0          0          0        923   user_adc_isr.o
       130          0          0          0          0       2387   user_i2c.o
         4          0          0          0          0       1274   user_i2c_isr.o
       124          0          0          0          0       3603   user_timer1.o
        64         36          0          0          4       2560   user_timer1_isr.o
       100          0          0          0          0       2716   user_uart.o
         2          0          0          0          0       2388   user_uart_isr.o

    ----------------------------------------------------------------------
     25132       2136       5266        204       6440     393909   Object Totals
         0          0         32          0       2048          0   (incl. Generated)
       176          0          3          3         10          0   (incl. Padding)

    ----------------------------------------------------------------------

      Code (inc. data)   RO Data    RW Data    ZI Data      Debug   Library Member Name

         0          0          0          0          0          0   entry.o
         0          0          0          0          0          0   entry10a.o
         0          0          0          0          0          0   entry11a.o
         8          4          0          0          0          0   entry4.o
         4          0          0          0          0          0   entry5.o
         0          0          0          0          0          0   entry7b.o
         0          0          0          0          0          0   entry8b.o
         8          4          0          0          0          0   entry9a.o
        30          0          0          0          0          0   handlers.o
        48         10          0          0          0         68   init.o
         0          0          0          0          0          0   iusefp.o
        30          0          0          0          0         68   llshl.o
        36          0          0          0          0         68   llsshr.o
        32          0          0          0          0         68   llushr.o
        36          0          0          0          0         68   memcpya.o
        36          0          0          0          0        108   memseta.o
      2402         96          0          0          0        756   printfa.o
        20          0          0          0          0         68   strchr.o
        14          0          0          0          0         68   strlen.o
        24          0          0          0          0         76   strncpy.o
        36          0          0          0          0         80   strstr.o
        44          0          0          0          0         80   uidiv.o
        98          0          0          0          0         92   uldiv.o
        48          0          0          0          0         68   cdrcmple.o
       334          0          0          0          0        148   dadd.o
       222          0          0          0          0        100   ddiv.o
       186          0          0          0          0        176   depilogue.o
        48          0          0          0          0         68   dfixul.o
       228          0          0          0          0         96   dmul.o

    ----------------------------------------------------------------------
      3974        114          0          0          0       2324   Library Totals
         2          0          0          0          0          0   (incl. Padding)

    ----------------------------------------------------------------------

      Code (inc. data)   RO Data    RW Data    ZI Data      Debug   Library Name

      2906        114          0          0          0       1668   mc_w.l
      1066          0          0          0          0        656   mf_w.l

    ----------------------------------------------------------------------
      3974        114          0          0          0       2324   Library Totals

    ----------------------------------------------------------------------

==============================================================================


      Code (inc. data)   RO Data    RW Data    ZI Data      Debug   

     29106       2250       5266        204       6440     394509   Grand Totals
     29106       2250       5266        204       6440     394509   ELF Image Totals
     29106       2250       5266        204          0          0   ROM Totals

==============================================================================

    Total RO  Size (Code + RO Data)                34372 (  33.57kB)
    Total RW  Size (RW Data + ZI Data)              6644 (   6.49kB)
    Total ROM Size (Code + RO Data + RW Data)      34576 (  33.77kB)

==============================================================================

